{
    "-profile test": {
        "content": [
            {
                "CAT_FASTQ": {
                    "cat": 9.5
                },
                "CLUSTERPROFILER_ORA": {
                    "R": "4.4.2",
                    "openxlsx": "4.2.8",
                    "msigdbr": "7.5.1",
                    "enrichplot": "1.26.6",
                    "clusterProfiler": "4.14.4",
                    "optparse": "1.7.5"
                },
                "CONTROL_GENE_HEATMAP": {
                    "R": "4.4.2",
                    "SummarizedExperiment": "1.36.0",
                    "Biobase": "2.66.0",
                    "GenomicRanges": "1.58.0",
                    "GenomeInfoDb": "1.42.0",
                    "IRanges": "2.40.0",
                    "S4Vectors": "0.44.0",
                    "BiocGenerics": "0.52.0",
                    "MatrixGenerics": "1.18.0",
                    "matrixStats": "1.4.1",
                    "stringr": "1.5.1",
                    "ggplot2": "3.5.1",
                    "pheatmap": "1.0.12",
                    "optparse": "1.7.5"
                },
                "CUSTOM_GETCHROMSIZES": {
                    "getchromsizes": 1.21
                },
                "DESEQ2_COMPARE": {
                    "R": "4.4.2",
                    "ggplot2": "3.5.1",
                    "stringr": "1.5.1",
                    "DESeq2": "1.46.0",
                    "SummarizedExperiment": "1.36.0",
                    "Biobase": "2.66.0",
                    "MatrixGenerics": "1.18.0",
                    "matrixStats": "1.4.1",
                    "GenomicRanges": "1.58.0",
                    "GenomeInfoDb": "1.42.0",
                    "IRanges": "2.40.0",
                    "S4Vectors": "0.44.0",
                    "BiocGenerics": "0.52.0",
                    "optparse": "1.7.5"
                },
                "DESEQ2_FIT": {
                    "R": "4.4.2",
                    "stringr": "1.5.1",
                    "DESeq2": "1.46.0",
                    "SummarizedExperiment": "1.36.0",
                    "Biobase": "2.66.0",
                    "MatrixGenerics": "1.18.0",
                    "matrixStats": "1.4.1",
                    "GenomicRanges": "1.58.0",
                    "GenomeInfoDb": "1.42.0",
                    "IRanges": "2.40.0",
                    "S4Vectors": "0.44.0",
                    "BiocGenerics": "0.52.0",
                    "edgeR": "4.4.0",
                    "limma": "3.62.1",
                    "optparse": "1.7.5"
                },
                "FASTP": {
                    "fastp": "1.3.6"
                },
                "FASTQC_RAW": {
                    "fastqc": "0.12.1"
                },
                "FASTQC_TRIM": {
                    "fastqc": "0.12.1"
                },
                "FQ_LINT": {
                    "fq": "0.12.0 (2024-07-08)"
                },
                "FQ_SUBSAMPLE": {
                    "fq": "0.12.0 (2024-07-08)"
                },
                "GENEID_TO_GENENAME": {
                    "mawk": null,
                    "sed": null
                },
                "GSEA": {
                    "R": "4.4.2",
                    "openxlsx": "4.2.8",
                    "enrichplot": "1.26.6",
                    "clusterProfiler": "4.14.4",
                    "optparse": "1.7.5"
                },
                "GSEA_MERGE": {
                    "R": "4.4.2",
                    "openxlsx": "4.2.7.1",
                    "stringr": "1.5.1",
                    "optparse": "1.7.5"
                },
                "GTF2BED": {
                    "perl": "5.26.2"
                },
                "GTF_FILTER": {
                    "python": "3.9.5"
                },
                "GUNZIP_GTF": {
                    "gunzip": 1.1
                },
                "MULTIQC_CUSTOM_BIOTYPE": {
                    "python": "3.9.5"
                },
                "OBJ_CONSTRUCTION": {
                    "R": "4.4.2",
                    "SummarizedExperiment": "1.36.0",
                    "Biobase": "2.66.0",
                    "GenomicRanges": "1.58.0",
                    "GenomeInfoDb": "1.42.0",
                    "IRanges": "2.40.0",
                    "S4Vectors": "0.44.0",
                    "BiocGenerics": "0.52.0",
                    "MatrixGenerics": "1.18.0",
                    "matrixStats": "1.4.1",
                    "optparse": "1.7.5"
                },
                "PCA_AND_MDS": {
                    "R": "4.4.2",
                    "ggplot2": "3.5.1",
                    "SummarizedExperiment": "1.36.0",
                    "Biobase": "2.66.0",
                    "GenomicRanges": "1.58.0",
                    "GenomeInfoDb": "1.42.0",
                    "IRanges": "2.40.0",
                    "S4Vectors": "0.44.0",
                    "BiocGenerics": "0.52.0",
                    "MatrixGenerics": "1.18.0",
                    "matrixStats": "1.4.1",
                    "edgeR": "4.4.0",
                    "limma": "3.62.1",
                    "optparse": "1.7.5"
                },
                "PICARD_COLLECTRNASEQMETRICS": {
                    "picard": "3.3.0"
                },
                "PICARD_MARKDUPLICATES": {
                    "picard": "3.3.0"
                },
                "R_COUNT_NORM": {
                    "R": "4.4.2",
                    "SummarizedExperiment": "1.36.0",
                    "Biobase": "2.66.0",
                    "GenomicRanges": "1.58.0",
                    "GenomeInfoDb": "1.42.0",
                    "IRanges": "2.40.0",
                    "S4Vectors": "0.44.0",
                    "BiocGenerics": "0.52.0",
                    "MatrixGenerics": "1.18.0",
                    "matrixStats": "1.4.1",
                    "edgeR": "4.4.0",
                    "limma": "3.62.1",
                    "optparse": "1.7.5"
                },
                "SALMON_QUANT": {
                    "salmon": "1.10.3"
                },
                "SAMPLES_CORRELATION": {
                    "R": "4.4.2",
                    "SummarizedExperiment": "1.36.0",
                    "Biobase": "2.66.0",
                    "GenomicRanges": "1.58.0",
                    "GenomeInfoDb": "1.42.0",
                    "IRanges": "2.40.0",
                    "S4Vectors": "0.44.0",
                    "BiocGenerics": "0.52.0",
                    "MatrixGenerics": "1.18.0",
                    "matrixStats": "1.4.1",
                    "stringr": "1.5.1",
                    "ggplot2": "3.5.1",
                    "pheatmap": "1.0.12",
                    "optparse": "1.7.5"
                },
                "SAMTOOLS_FLAGSTAT": {
                    "samtools": 1.21
                },
                "SAMTOOLS_IDXSTATS": {
                    "samtools": 1.21
                },
                "SAMTOOLS_INDEX": {
                    "samtools": 1.21
                },
                "SAMTOOLS_SORT": {
                    "samtools": 1.21
                },
                "SAMTOOLS_STATS": {
                    "samtools": 1.21
                },
                "STAR_ALIGN": {
                    "gawk": "5.1.0",
                    "samtools": 1.21,
                    "star": "2.7.11b"
                },
                "STAR_GENOMEGENERATE": {
                    "star": "2.7.11b",
                    "samtools": 1.2,
                    "gawk": "5.1.0"
                },
                "SUBREAD_FEATURECOUNTS_BIOTYPES": {
                    "subread": "2.0.6"
                },
                "SUBREAD_FEATURECOUNTS_GENES": {
                    "subread": "2.0.6"
                },
                "UCSC_GTFTOGENEPRED": {
                    "ucsc": 447
                },
                "UNTAR_SALMON_INDEX": {
                    "untar": 1.34
                },
                "Workflow": {
                    "nfdata-omics/rnaseq": "v0.0.0dev"
                }
            },
            [
                "alignment",
                "alignment/RAP1_IAA_30M_REP1.markdup.sorted.bam",
                "alignment/RAP1_IAA_30M_REP1.markdup.sorted.bam.bai",
                "alignment/RAP1_UNINDUCED_REP1.markdup.sorted.bam",
                "alignment/RAP1_UNINDUCED_REP1.markdup.sorted.bam.bai",
                "alignment/RAP1_UNINDUCED_REP2.markdup.sorted.bam",
                "alignment/RAP1_UNINDUCED_REP2.markdup.sorted.bam.bai",
                "alignment/WT_REP1.markdup.sorted.bam",
                "alignment/WT_REP1.markdup.sorted.bam.bai",
                "alignment/WT_REP2.markdup.sorted.bam",
                "alignment/WT_REP2.markdup.sorted.bam.bai",
                "alignment/log",
                "alignment/log/RAP1_IAA_30M_REP1.Log.final.out",
                "alignment/log/RAP1_IAA_30M_REP1.Log.out",
                "alignment/log/RAP1_IAA_30M_REP1.Log.progress.out",
                "alignment/log/RAP1_IAA_30M_REP1.SJ.out.tab",
                "alignment/log/RAP1_UNINDUCED_REP1.Log.final.out",
                "alignment/log/RAP1_UNINDUCED_REP1.Log.out",
                "alignment/log/RAP1_UNINDUCED_REP1.Log.progress.out",
                "alignment/log/RAP1_UNINDUCED_REP1.SJ.out.tab",
                "alignment/log/RAP1_UNINDUCED_REP2.Log.final.out",
                "alignment/log/RAP1_UNINDUCED_REP2.Log.out",
                "alignment/log/RAP1_UNINDUCED_REP2.Log.progress.out",
                "alignment/log/RAP1_UNINDUCED_REP2.SJ.out.tab",
                "alignment/log/WT_REP1.Log.final.out",
                "alignment/log/WT_REP1.Log.out",
                "alignment/log/WT_REP1.Log.progress.out",
                "alignment/log/WT_REP1.SJ.out.tab",
                "alignment/log/WT_REP2.Log.final.out",
                "alignment/log/WT_REP2.Log.out",
                "alignment/log/WT_REP2.Log.progress.out",
                "alignment/log/WT_REP2.SJ.out.tab",
                "alignment/picard_metrics",
                "alignment/picard_metrics/RAP1_IAA_30M_REP1.markdup.sorted.MarkDuplicates.metrics.txt",
                "alignment/picard_metrics/RAP1_IAA_30M_REP1.rna_metrics",
                "alignment/picard_metrics/RAP1_UNINDUCED_REP1.markdup.sorted.MarkDuplicates.metrics.txt",
                "alignment/picard_metrics/RAP1_UNINDUCED_REP1.rna_metrics",
                "alignment/picard_metrics/RAP1_UNINDUCED_REP2.markdup.sorted.MarkDuplicates.metrics.txt",
                "alignment/picard_metrics/RAP1_UNINDUCED_REP2.rna_metrics",
                "alignment/picard_metrics/WT_REP1.markdup.sorted.MarkDuplicates.metrics.txt",
                "alignment/picard_metrics/WT_REP1.rna_metrics",
                "alignment/picard_metrics/WT_REP2.markdup.sorted.MarkDuplicates.metrics.txt",
                "alignment/picard_metrics/WT_REP2.rna_metrics",
                "alignment/samtools_stats",
                "alignment/samtools_stats/RAP1_IAA_30M_REP1.markdup.sorted.bam.flagstat",
                "alignment/samtools_stats/RAP1_IAA_30M_REP1.markdup.sorted.bam.idxstats",
                "alignment/samtools_stats/RAP1_IAA_30M_REP1.markdup.sorted.bam.stats",
                "alignment/samtools_stats/RAP1_UNINDUCED_REP1.markdup.sorted.bam.flagstat",
                "alignment/samtools_stats/RAP1_UNINDUCED_REP1.markdup.sorted.bam.idxstats",
                "alignment/samtools_stats/RAP1_UNINDUCED_REP1.markdup.sorted.bam.stats",
                "alignment/samtools_stats/RAP1_UNINDUCED_REP2.markdup.sorted.bam.flagstat",
                "alignment/samtools_stats/RAP1_UNINDUCED_REP2.markdup.sorted.bam.idxstats",
                "alignment/samtools_stats/RAP1_UNINDUCED_REP2.markdup.sorted.bam.stats",
                "alignment/samtools_stats/WT_REP1.markdup.sorted.bam.flagstat",
                "alignment/samtools_stats/WT_REP1.markdup.sorted.bam.idxstats",
                "alignment/samtools_stats/WT_REP1.markdup.sorted.bam.stats",
                "alignment/samtools_stats/WT_REP2.markdup.sorted.bam.flagstat",
                "alignment/samtools_stats/WT_REP2.markdup.sorted.bam.idxstats",
                "alignment/samtools_stats/WT_REP2.markdup.sorted.bam.stats",
                "alignment/unmapped",
                "alignment/unmapped/RAP1_IAA_30M_REP1.unmapped_1.fastq.gz",
                "alignment/unmapped/RAP1_IAA_30M_REP1.unmapped_2.fastq.gz",
                "alignment/unmapped/RAP1_UNINDUCED_REP1.unmapped_1.fastq.gz",
                "alignment/unmapped/RAP1_UNINDUCED_REP2.unmapped_1.fastq.gz",
                "alignment/unmapped/WT_REP1.unmapped_1.fastq.gz",
                "alignment/unmapped/WT_REP1.unmapped_2.fastq.gz",
                "alignment/unmapped/WT_REP2.unmapped_1.fastq.gz",
                "alignment/unmapped/WT_REP2.unmapped_2.fastq.gz",
                "downstream",
                "downstream/dea_joined_matrix",
                "downstream/dea_joined_matrix/dea_condition_RAP1_IAA_30M_WT",
                "downstream/dea_joined_matrix/dea_condition_RAP1_IAA_30M_WT/deseq2_summary.condition_RAP1_IAA_30M_vs_WT.txt",
                "downstream/dea_joined_matrix/dea_condition_RAP1_IAA_30M_WT/deseq2_toptable.condition_RAP1_IAA_30M_vs_WT.txt",
                "downstream/dea_joined_matrix/dea_condition_RAP1_IAA_30M_WT/gsea.condition_RAP1_IAA_30M_vs_WT.TOP_25.txt",
                "downstream/dea_joined_matrix/dea_condition_RAP1_IAA_30M_WT/gsea.condition_RAP1_IAA_30M_vs_WT.s_cervisiae_genelist.pdf",
                "downstream/dea_joined_matrix/dea_condition_RAP1_IAA_30M_WT/gsea.condition_RAP1_IAA_30M_vs_WT.xlsx",
                "downstream/dea_joined_matrix/dea_condition_RAP1_IAA_30M_WT/pvalue_hist.condition_RAP1_IAA_30M_vs_WT.pdf",
                "downstream/dea_joined_matrix/dea_condition_RAP1_IAA_30M_WT/volcano.condition_RAP1_IAA_30M_vs_WT.pdf",
                "downstream/dea_joined_matrix/dea_condition_RAP1_UNINDUCED_WT",
                "downstream/dea_joined_matrix/dea_condition_RAP1_UNINDUCED_WT/deseq2_summary.condition_RAP1_UNINDUCED_vs_WT.txt",
                "downstream/dea_joined_matrix/dea_condition_RAP1_UNINDUCED_WT/deseq2_toptable.condition_RAP1_UNINDUCED_vs_WT.txt",
                "downstream/dea_joined_matrix/dea_condition_RAP1_UNINDUCED_WT/gsea.condition_RAP1_UNINDUCED_vs_WT.TOP_25.txt",
                "downstream/dea_joined_matrix/dea_condition_RAP1_UNINDUCED_WT/gsea.condition_RAP1_UNINDUCED_vs_WT.s_cervisiae_genelist.pdf",
                "downstream/dea_joined_matrix/dea_condition_RAP1_UNINDUCED_WT/gsea.condition_RAP1_UNINDUCED_vs_WT.xlsx",
                "downstream/dea_joined_matrix/dea_condition_RAP1_UNINDUCED_WT/pvalue_hist.condition_RAP1_UNINDUCED_vs_WT.pdf",
                "downstream/dea_joined_matrix/dea_condition_RAP1_UNINDUCED_WT/volcano.condition_RAP1_UNINDUCED_vs_WT.pdf",
                "downstream/dea_joined_matrix/dea_joined_matrix_summary.txt",
                "downstream/dim_reduction",
                "downstream/dim_reduction/MDS_scoreplots.pdf",
                "downstream/dim_reduction/MDS_scores.txt",
                "downstream/dim_reduction/PC1_vs_PC2_scoreplots.pdf",
                "downstream/dim_reduction/PC3_vs_PC4_scoreplots.pdf",
                "downstream/dim_reduction/PCA_explained_variance.txt",
                "downstream/dim_reduction/PCA_scores.txt",
                "downstream/heatmap_control_genes.pdf",
                "downstream/heatmap_control_genes_mqc.png",
                "downstream/joined_matrix.rds",
                "downstream/normalization",
                "downstream/normalization/cpm.txt",
                "downstream/normalization/lib_size_factors.txt",
                "downstream/normalization/log.norm.rpkm.txt",
                "downstream/samples_correlation_heatmap.pdf",
                "downstream/samples_correlation_heatmap_mqc.png",
                "downstream/samples_correlation_table.txt",
                "fastqc",
                "fastqc/raw",
                "fastqc/raw/RAP1_IAA_30M_REP1_raw_1_fastqc.html",
                "fastqc/raw/RAP1_IAA_30M_REP1_raw_1_fastqc.zip",
                "fastqc/raw/RAP1_IAA_30M_REP1_raw_2_fastqc.html",
                "fastqc/raw/RAP1_IAA_30M_REP1_raw_2_fastqc.zip",
                "fastqc/raw/RAP1_UNINDUCED_REP1_raw_fastqc.html",
                "fastqc/raw/RAP1_UNINDUCED_REP1_raw_fastqc.zip",
                "fastqc/raw/RAP1_UNINDUCED_REP2_raw_fastqc.html",
                "fastqc/raw/RAP1_UNINDUCED_REP2_raw_fastqc.zip",
                "fastqc/raw/WT_REP1_raw_1_fastqc.html",
                "fastqc/raw/WT_REP1_raw_1_fastqc.zip",
                "fastqc/raw/WT_REP1_raw_2_fastqc.html",
                "fastqc/raw/WT_REP1_raw_2_fastqc.zip",
                "fastqc/raw/WT_REP2_raw_1_fastqc.html",
                "fastqc/raw/WT_REP2_raw_1_fastqc.zip",
                "fastqc/raw/WT_REP2_raw_2_fastqc.html",
                "fastqc/raw/WT_REP2_raw_2_fastqc.zip",
                "fastqc/trim",
                "fastqc/trim/RAP1_IAA_30M_REP1_trimmed_1_fastqc.html",
                "fastqc/trim/RAP1_IAA_30M_REP1_trimmed_1_fastqc.zip",
                "fastqc/trim/RAP1_IAA_30M_REP1_trimmed_2_fastqc.html",
                "fastqc/trim/RAP1_IAA_30M_REP1_trimmed_2_fastqc.zip",
                "fastqc/trim/RAP1_UNINDUCED_REP1_trimmed_fastqc.html",
                "fastqc/trim/RAP1_UNINDUCED_REP1_trimmed_fastqc.zip",
                "fastqc/trim/RAP1_UNINDUCED_REP2_trimmed_fastqc.html",
                "fastqc/trim/RAP1_UNINDUCED_REP2_trimmed_fastqc.zip",
                "fastqc/trim/WT_REP1_trimmed_1_fastqc.html",
                "fastqc/trim/WT_REP1_trimmed_1_fastqc.zip",
                "fastqc/trim/WT_REP1_trimmed_2_fastqc.html",
                "fastqc/trim/WT_REP1_trimmed_2_fastqc.zip",
                "fastqc/trim/WT_REP2_trimmed_1_fastqc.html",
                "fastqc/trim/WT_REP2_trimmed_1_fastqc.zip",
                "fastqc/trim/WT_REP2_trimmed_2_fastqc.html",
                "fastqc/trim/WT_REP2_trimmed_2_fastqc.zip",
                "multiqc",
                "multiqc/RNASeq_multiqc_report.html",
                "multiqc/RNASeq_multiqc_report_data",
                "multiqc/RNASeq_multiqc_report_data/fastp-insert-size-plot.txt",
                "multiqc/RNASeq_multiqc_report_data/fastp-seq-content-gc-plot_Read_1_After_filtering.txt",
                "multiqc/RNASeq_multiqc_report_data/fastp-seq-content-gc-plot_Read_1_Before_filtering.txt",
                "multiqc/RNASeq_multiqc_report_data/fastp-seq-content-gc-plot_Read_2_After_filtering.txt",
                "multiqc/RNASeq_multiqc_report_data/fastp-seq-content-gc-plot_Read_2_Before_filtering.txt",
                "multiqc/RNASeq_multiqc_report_data/fastp-seq-content-n-plot_Read_1_After_filtering.txt",
                "multiqc/RNASeq_multiqc_report_data/fastp-seq-content-n-plot_Read_1_Before_filtering.txt",
                "multiqc/RNASeq_multiqc_report_data/fastp-seq-content-n-plot_Read_2_After_filtering.txt",
                "multiqc/RNASeq_multiqc_report_data/fastp-seq-content-n-plot_Read_2_Before_filtering.txt",
                "multiqc/RNASeq_multiqc_report_data/fastp-seq-quality-plot_Read_1_After_filtering.txt",
                "multiqc/RNASeq_multiqc_report_data/fastp-seq-quality-plot_Read_1_Before_filtering.txt",
                "multiqc/RNASeq_multiqc_report_data/fastp-seq-quality-plot_Read_2_After_filtering.txt",
                "multiqc/RNASeq_multiqc_report_data/fastp-seq-quality-plot_Read_2_Before_filtering.txt",
                "multiqc/RNASeq_multiqc_report_data/fastp_filtered_reads_plot.txt",
                "multiqc/RNASeq_multiqc_report_data/fastqc_sequence_length_distribution_plot.txt",
                "multiqc/RNASeq_multiqc_report_data/fastqc_trimmed-status-check-heatmap.txt",
                "multiqc/RNASeq_multiqc_report_data/fastqc_trimmed_overrepresented_sequences_plot.txt",
                "multiqc/RNASeq_multiqc_report_data/fastqc_trimmed_per_base_n_content_plot.txt",
                "multiqc/RNASeq_multiqc_report_data/fastqc_trimmed_per_base_sequence_quality_plot.txt",
                "multiqc/RNASeq_multiqc_report_data/fastqc_trimmed_per_sequence_gc_content_plot_Counts.txt",
                "multiqc/RNASeq_multiqc_report_data/fastqc_trimmed_per_sequence_gc_content_plot_Percentages.txt",
                "multiqc/RNASeq_multiqc_report_data/fastqc_trimmed_per_sequence_quality_scores_plot.txt",
                "multiqc/RNASeq_multiqc_report_data/fastqc_trimmed_sequence_counts_plot.txt",
                "multiqc/RNASeq_multiqc_report_data/fastqc_trimmed_sequence_duplication_levels_plot.txt",
                "multiqc/RNASeq_multiqc_report_data/fastqc_trimmed_top_overrepresented_sequences_table.txt",
                "multiqc/RNASeq_multiqc_report_data/featureCounts_assignment_plot.txt",
                "multiqc/RNASeq_multiqc_report_data/llms-full.txt",
                "multiqc/RNASeq_multiqc_report_data/multiqc.log",
                "multiqc/RNASeq_multiqc_report_data/multiqc.parquet",
                "multiqc/RNASeq_multiqc_report_data/multiqc_citations.txt",
                "multiqc/RNASeq_multiqc_report_data/multiqc_correlation_heatmap.txt",
                "multiqc/RNASeq_multiqc_report_data/multiqc_data.json",
                "multiqc/RNASeq_multiqc_report_data/multiqc_fastp_fastp.txt",
                "multiqc/RNASeq_multiqc_report_data/multiqc_fastqc_fastqc_trimmed.txt",
                "multiqc/RNASeq_multiqc_report_data/multiqc_featurecounts_biotype_plot.txt",
                "multiqc/RNASeq_multiqc_report_data/multiqc_featurecounts_featurecounts.txt",
                "multiqc/RNASeq_multiqc_report_data/multiqc_general_stats.txt",
                "multiqc/RNASeq_multiqc_report_data/multiqc_picard_RnaSeqMetrics_picard.txt",
                "multiqc/RNASeq_multiqc_report_data/multiqc_picard_dups_picard.txt",
                "multiqc/RNASeq_multiqc_report_data/multiqc_samtools_flagstat_samtools.txt",
                "multiqc/RNASeq_multiqc_report_data/multiqc_samtools_idxstats_samtools.txt",
                "multiqc/RNASeq_multiqc_report_data/multiqc_samtools_stats_samtools.txt",
                "multiqc/RNASeq_multiqc_report_data/multiqc_software_versions.txt",
                "multiqc/RNASeq_multiqc_report_data/multiqc_sources.txt",
                "multiqc/RNASeq_multiqc_report_data/multiqc_star_star.txt",
                "multiqc/RNASeq_multiqc_report_data/picard_MarkIlluminaAdapters_histogram_picard.txt",
                "multiqc/RNASeq_multiqc_report_data/picard_MeanQualityByCycle_histogram_picard.txt",
                "multiqc/RNASeq_multiqc_report_data/picard_MeanQualityByCycle_histogram_picard_1.txt",
                "multiqc/RNASeq_multiqc_report_data/picard_QualityScoreDistribution_histogram_picard.txt",
                "multiqc/RNASeq_multiqc_report_data/picard_deduplication.txt",
                "multiqc/RNASeq_multiqc_report_data/picard_rna_coverage.txt",
                "multiqc/RNASeq_multiqc_report_data/picard_rnaseqmetrics_assignment_plot.txt",
                "multiqc/RNASeq_multiqc_report_data/r_count_norm_data_r_count_norm.txt",
                "multiqc/RNASeq_multiqc_report_data/r_count_norm_metrics_Library_Size.txt",
                "multiqc/RNASeq_multiqc_report_data/r_count_norm_metrics_Normalization_Factor.txt",
                "multiqc/RNASeq_multiqc_report_data/samtools-flagstat-pct-table.txt",
                "multiqc/RNASeq_multiqc_report_data/samtools-flagstat-table.txt",
                "multiqc/RNASeq_multiqc_report_data/samtools-idxstats-mapped-reads-plot_Normalised_Counts.txt",
                "multiqc/RNASeq_multiqc_report_data/samtools-idxstats-mapped-reads-plot_Observed_over_Expected_Counts.txt",
                "multiqc/RNASeq_multiqc_report_data/samtools-idxstats-mapped-reads-plot_Raw_Counts.txt",
                "multiqc/RNASeq_multiqc_report_data/samtools-stats-dp.txt",
                "multiqc/RNASeq_multiqc_report_data/samtools_alignment_plot.txt",
                "multiqc/RNASeq_multiqc_report_data/star_alignment_plot.txt",
                "multiqc/RNASeq_multiqc_report_data/star_summary_table.txt",
                "multiqc/RNASeq_multiqc_report_plots",
                "multiqc/RNASeq_multiqc_report_plots/pdf",
                "multiqc/RNASeq_multiqc_report_plots/pdf/correlation_heatmap.pdf",
                "multiqc/RNASeq_multiqc_report_plots/pdf/fastp-insert-size-plot.pdf",
                "multiqc/RNASeq_multiqc_report_plots/pdf/fastp-seq-content-gc-plot_Read_1_After_filtering.pdf",
                "multiqc/RNASeq_multiqc_report_plots/pdf/fastp-seq-content-gc-plot_Read_1_Before_filtering.pdf",
                "multiqc/RNASeq_multiqc_report_plots/pdf/fastp-seq-content-gc-plot_Read_2_After_filtering.pdf",
                "multiqc/RNASeq_multiqc_report_plots/pdf/fastp-seq-content-gc-plot_Read_2_Before_filtering.pdf",
                "multiqc/RNASeq_multiqc_report_plots/pdf/fastp-seq-content-n-plot_Read_1_After_filtering.pdf",
                "multiqc/RNASeq_multiqc_report_plots/pdf/fastp-seq-content-n-plot_Read_1_Before_filtering.pdf",
                "multiqc/RNASeq_multiqc_report_plots/pdf/fastp-seq-content-n-plot_Read_2_After_filtering.pdf",
                "multiqc/RNASeq_multiqc_report_plots/pdf/fastp-seq-content-n-plot_Read_2_Before_filtering.pdf",
                "multiqc/RNASeq_multiqc_report_plots/pdf/fastp-seq-quality-plot_Read_1_After_filtering.pdf",
                "multiqc/RNASeq_multiqc_report_plots/pdf/fastp-seq-quality-plot_Read_1_Before_filtering.pdf",
                "multiqc/RNASeq_multiqc_report_plots/pdf/fastp-seq-quality-plot_Read_2_After_filtering.pdf",
                "multiqc/RNASeq_multiqc_report_plots/pdf/fastp-seq-quality-plot_Read_2_Before_filtering.pdf",
                "multiqc/RNASeq_multiqc_report_plots/pdf/fastp_filtered_reads_plot-cnt.pdf",
                "multiqc/RNASeq_multiqc_report_plots/pdf/fastp_filtered_reads_plot-pct.pdf",
                "multiqc/RNASeq_multiqc_report_plots/pdf/fastqc_sequence_length_distribution_plot.pdf",
                "multiqc/RNASeq_multiqc_report_plots/pdf/fastqc_trimmed-status-check-heatmap.pdf",
                "multiqc/RNASeq_multiqc_report_plots/pdf/fastqc_trimmed_overrepresented_sequences_plot.pdf",
                "multiqc/RNASeq_multiqc_report_plots/pdf/fastqc_trimmed_per_base_n_content_plot.pdf",
                "multiqc/RNASeq_multiqc_report_plots/pdf/fastqc_trimmed_per_base_sequence_quality_plot.pdf",
                "multiqc/RNASeq_multiqc_report_plots/pdf/fastqc_trimmed_per_sequence_gc_content_plot_Counts.pdf",
                "multiqc/RNASeq_multiqc_report_plots/pdf/fastqc_trimmed_per_sequence_gc_content_plot_Percentages.pdf",
                "multiqc/RNASeq_multiqc_report_plots/pdf/fastqc_trimmed_per_sequence_quality_scores_plot.pdf",
                "multiqc/RNASeq_multiqc_report_plots/pdf/fastqc_trimmed_sequence_counts_plot-cnt.pdf",
                "multiqc/RNASeq_multiqc_report_plots/pdf/fastqc_trimmed_sequence_counts_plot-pct.pdf",
                "multiqc/RNASeq_multiqc_report_plots/pdf/fastqc_trimmed_sequence_duplication_levels_plot.pdf",
                "multiqc/RNASeq_multiqc_report_plots/pdf/fastqc_trimmed_top_overrepresented_sequences_table.pdf",
                "multiqc/RNASeq_multiqc_report_plots/pdf/featureCounts_assignment_plot-cnt.pdf",
                "multiqc/RNASeq_multiqc_report_plots/pdf/featureCounts_assignment_plot-pct.pdf",
                "multiqc/RNASeq_multiqc_report_plots/pdf/featurecounts_biotype_plot-cnt.pdf",
                "multiqc/RNASeq_multiqc_report_plots/pdf/featurecounts_biotype_plot-pct.pdf",
                "multiqc/RNASeq_multiqc_report_plots/pdf/picard_deduplication-cnt.pdf",
                "multiqc/RNASeq_multiqc_report_plots/pdf/picard_deduplication-pct.pdf",
                "multiqc/RNASeq_multiqc_report_plots/pdf/picard_rna_coverage.pdf",
                "multiqc/RNASeq_multiqc_report_plots/pdf/picard_rnaseqmetrics_assignment_plot-cnt.pdf",
                "multiqc/RNASeq_multiqc_report_plots/pdf/picard_rnaseqmetrics_assignment_plot-pct.pdf",
                "multiqc/RNASeq_multiqc_report_plots/pdf/r_count_norm_metrics_Library_Size.pdf",
                "multiqc/RNASeq_multiqc_report_plots/pdf/r_count_norm_metrics_Normalization_Factor.pdf",
                "multiqc/RNASeq_multiqc_report_plots/pdf/samtools-flagstat-pct-table.pdf",
                "multiqc/RNASeq_multiqc_report_plots/pdf/samtools-flagstat-table.pdf",
                "multiqc/RNASeq_multiqc_report_plots/pdf/samtools-idxstats-mapped-reads-plot_Normalised_Counts-cnt.pdf",
                "multiqc/RNASeq_multiqc_report_plots/pdf/samtools-idxstats-mapped-reads-plot_Normalised_Counts-log.pdf",
                "multiqc/RNASeq_multiqc_report_plots/pdf/samtools-idxstats-mapped-reads-plot_Observed_over_Expected_Counts-cnt.pdf",
                "multiqc/RNASeq_multiqc_report_plots/pdf/samtools-idxstats-mapped-reads-plot_Observed_over_Expected_Counts-log.pdf",
                "multiqc/RNASeq_multiqc_report_plots/pdf/samtools-idxstats-mapped-reads-plot_Raw_Counts-cnt.pdf",
                "multiqc/RNASeq_multiqc_report_plots/pdf/samtools-idxstats-mapped-reads-plot_Raw_Counts-log.pdf",
                "multiqc/RNASeq_multiqc_report_plots/pdf/samtools-stats-dp.pdf",
                "multiqc/RNASeq_multiqc_report_plots/pdf/samtools_alignment_plot-cnt.pdf",
                "multiqc/RNASeq_multiqc_report_plots/pdf/samtools_alignment_plot-pct.pdf",
                "multiqc/RNASeq_multiqc_report_plots/pdf/star_alignment_plot-cnt.pdf",
                "multiqc/RNASeq_multiqc_report_plots/pdf/star_alignment_plot-pct.pdf",
                "multiqc/RNASeq_multiqc_report_plots/pdf/star_summary_table.pdf",
                "multiqc/RNASeq_multiqc_report_plots/png",
                "multiqc/RNASeq_multiqc_report_plots/png/correlation_heatmap.png",
                "multiqc/RNASeq_multiqc_report_plots/png/fastp-insert-size-plot.png",
                "multiqc/RNASeq_multiqc_report_plots/png/fastp-seq-content-gc-plot_Read_1_After_filtering.png",
                "multiqc/RNASeq_multiqc_report_plots/png/fastp-seq-content-gc-plot_Read_1_Before_filtering.png",
                "multiqc/RNASeq_multiqc_report_plots/png/fastp-seq-content-gc-plot_Read_2_After_filtering.png",
                "multiqc/RNASeq_multiqc_report_plots/png/fastp-seq-content-gc-plot_Read_2_Before_filtering.png",
                "multiqc/RNASeq_multiqc_report_plots/png/fastp-seq-content-n-plot_Read_1_After_filtering.png",
                "multiqc/RNASeq_multiqc_report_plots/png/fastp-seq-content-n-plot_Read_1_Before_filtering.png",
                "multiqc/RNASeq_multiqc_report_plots/png/fastp-seq-content-n-plot_Read_2_After_filtering.png",
                "multiqc/RNASeq_multiqc_report_plots/png/fastp-seq-content-n-plot_Read_2_Before_filtering.png",
                "multiqc/RNASeq_multiqc_report_plots/png/fastp-seq-quality-plot_Read_1_After_filtering.png",
                "multiqc/RNASeq_multiqc_report_plots/png/fastp-seq-quality-plot_Read_1_Before_filtering.png",
                "multiqc/RNASeq_multiqc_report_plots/png/fastp-seq-quality-plot_Read_2_After_filtering.png",
                "multiqc/RNASeq_multiqc_report_plots/png/fastp-seq-quality-plot_Read_2_Before_filtering.png",
                "multiqc/RNASeq_multiqc_report_plots/png/fastp_filtered_reads_plot-cnt.png",
                "multiqc/RNASeq_multiqc_report_plots/png/fastp_filtered_reads_plot-pct.png",
                "multiqc/RNASeq_multiqc_report_plots/png/fastqc_sequence_length_distribution_plot.png",
                "multiqc/RNASeq_multiqc_report_plots/png/fastqc_trimmed-status-check-heatmap.png",
                "multiqc/RNASeq_multiqc_report_plots/png/fastqc_trimmed_overrepresented_sequences_plot.png",
                "multiqc/RNASeq_multiqc_report_plots/png/fastqc_trimmed_per_base_n_content_plot.png",
                "multiqc/RNASeq_multiqc_report_plots/png/fastqc_trimmed_per_base_sequence_quality_plot.png",
                "multiqc/RNASeq_multiqc_report_plots/png/fastqc_trimmed_per_sequence_gc_content_plot_Counts.png",
                "multiqc/RNASeq_multiqc_report_plots/png/fastqc_trimmed_per_sequence_gc_content_plot_Percentages.png",
                "multiqc/RNASeq_multiqc_report_plots/png/fastqc_trimmed_per_sequence_quality_scores_plot.png",
                "multiqc/RNASeq_multiqc_report_plots/png/fastqc_trimmed_sequence_counts_plot-cnt.png",
                "multiqc/RNASeq_multiqc_report_plots/png/fastqc_trimmed_sequence_counts_plot-pct.png",
                "multiqc/RNASeq_multiqc_report_plots/png/fastqc_trimmed_sequence_duplication_levels_plot.png",
                "multiqc/RNASeq_multiqc_report_plots/png/fastqc_trimmed_top_overrepresented_sequences_table.png",
                "multiqc/RNASeq_multiqc_report_plots/png/featureCounts_assignment_plot-cnt.png",
                "multiqc/RNASeq_multiqc_report_plots/png/featureCounts_assignment_plot-pct.png",
                "multiqc/RNASeq_multiqc_report_plots/png/featurecounts_biotype_plot-cnt.png",
                "multiqc/RNASeq_multiqc_report_plots/png/featurecounts_biotype_plot-pct.png",
                "multiqc/RNASeq_multiqc_report_plots/png/picard_deduplication-cnt.png",
                "multiqc/RNASeq_multiqc_report_plots/png/picard_deduplication-pct.png",
                "multiqc/RNASeq_multiqc_report_plots/png/picard_rna_coverage.png",
                "multiqc/RNASeq_multiqc_report_plots/png/picard_rnaseqmetrics_assignment_plot-cnt.png",
                "multiqc/RNASeq_multiqc_report_plots/png/picard_rnaseqmetrics_assignment_plot-pct.png",
                "multiqc/RNASeq_multiqc_report_plots/png/r_count_norm_metrics_Library_Size.png",
                "multiqc/RNASeq_multiqc_report_plots/png/r_count_norm_metrics_Normalization_Factor.png",
                "multiqc/RNASeq_multiqc_report_plots/png/samtools-flagstat-pct-table.png",
                "multiqc/RNASeq_multiqc_report_plots/png/samtools-flagstat-table.png",
                "multiqc/RNASeq_multiqc_report_plots/png/samtools-idxstats-mapped-reads-plot_Normalised_Counts-cnt.png",
                "multiqc/RNASeq_multiqc_report_plots/png/samtools-idxstats-mapped-reads-plot_Normalised_Counts-log.png",
                "multiqc/RNASeq_multiqc_report_plots/png/samtools-idxstats-mapped-reads-plot_Observed_over_Expected_Counts-cnt.png",
                "multiqc/RNASeq_multiqc_report_plots/png/samtools-idxstats-mapped-reads-plot_Observed_over_Expected_Counts-log.png",
                "multiqc/RNASeq_multiqc_report_plots/png/samtools-idxstats-mapped-reads-plot_Raw_Counts-cnt.png",
                "multiqc/RNASeq_multiqc_report_plots/png/samtools-idxstats-mapped-reads-plot_Raw_Counts-log.png",
                "multiqc/RNASeq_multiqc_report_plots/png/samtools-stats-dp.png",
                "multiqc/RNASeq_multiqc_report_plots/png/samtools_alignment_plot-cnt.png",
                "multiqc/RNASeq_multiqc_report_plots/png/samtools_alignment_plot-pct.png",
                "multiqc/RNASeq_multiqc_report_plots/png/star_alignment_plot-cnt.png",
                "multiqc/RNASeq_multiqc_report_plots/png/star_alignment_plot-pct.png",
                "multiqc/RNASeq_multiqc_report_plots/png/star_summary_table.png",
                "multiqc/RNASeq_multiqc_report_plots/svg",
                "multiqc/RNASeq_multiqc_report_plots/svg/correlation_heatmap.svg",
                "multiqc/RNASeq_multiqc_report_plots/svg/fastp-insert-size-plot.svg",
                "multiqc/RNASeq_multiqc_report_plots/svg/fastp-seq-content-gc-plot_Read_1_After_filtering.svg",
                "multiqc/RNASeq_multiqc_report_plots/svg/fastp-seq-content-gc-plot_Read_1_Before_filtering.svg",
                "multiqc/RNASeq_multiqc_report_plots/svg/fastp-seq-content-gc-plot_Read_2_After_filtering.svg",
                "multiqc/RNASeq_multiqc_report_plots/svg/fastp-seq-content-gc-plot_Read_2_Before_filtering.svg",
                "multiqc/RNASeq_multiqc_report_plots/svg/fastp-seq-content-n-plot_Read_1_After_filtering.svg",
                "multiqc/RNASeq_multiqc_report_plots/svg/fastp-seq-content-n-plot_Read_1_Before_filtering.svg",
                "multiqc/RNASeq_multiqc_report_plots/svg/fastp-seq-content-n-plot_Read_2_After_filtering.svg",
                "multiqc/RNASeq_multiqc_report_plots/svg/fastp-seq-content-n-plot_Read_2_Before_filtering.svg",
                "multiqc/RNASeq_multiqc_report_plots/svg/fastp-seq-quality-plot_Read_1_After_filtering.svg",
                "multiqc/RNASeq_multiqc_report_plots/svg/fastp-seq-quality-plot_Read_1_Before_filtering.svg",
                "multiqc/RNASeq_multiqc_report_plots/svg/fastp-seq-quality-plot_Read_2_After_filtering.svg",
                "multiqc/RNASeq_multiqc_report_plots/svg/fastp-seq-quality-plot_Read_2_Before_filtering.svg",
                "multiqc/RNASeq_multiqc_report_plots/svg/fastp_filtered_reads_plot-cnt.svg",
                "multiqc/RNASeq_multiqc_report_plots/svg/fastp_filtered_reads_plot-pct.svg",
                "multiqc/RNASeq_multiqc_report_plots/svg/fastqc_sequence_length_distribution_plot.svg",
                "multiqc/RNASeq_multiqc_report_plots/svg/fastqc_trimmed-status-check-heatmap.svg",
                "multiqc/RNASeq_multiqc_report_plots/svg/fastqc_trimmed_overrepresented_sequences_plot.svg",
                "multiqc/RNASeq_multiqc_report_plots/svg/fastqc_trimmed_per_base_n_content_plot.svg",
                "multiqc/RNASeq_multiqc_report_plots/svg/fastqc_trimmed_per_base_sequence_quality_plot.svg",
                "multiqc/RNASeq_multiqc_report_plots/svg/fastqc_trimmed_per_sequence_gc_content_plot_Counts.svg",
                "multiqc/RNASeq_multiqc_report_plots/svg/fastqc_trimmed_per_sequence_gc_content_plot_Percentages.svg",
                "multiqc/RNASeq_multiqc_report_plots/svg/fastqc_trimmed_per_sequence_quality_scores_plot.svg",
                "multiqc/RNASeq_multiqc_report_plots/svg/fastqc_trimmed_sequence_counts_plot-cnt.svg",
                "multiqc/RNASeq_multiqc_report_plots/svg/fastqc_trimmed_sequence_counts_plot-pct.svg",
                "multiqc/RNASeq_multiqc_report_plots/svg/fastqc_trimmed_sequence_duplication_levels_plot.svg",
                "multiqc/RNASeq_multiqc_report_plots/svg/fastqc_trimmed_top_overrepresented_sequences_table.svg",
                "multiqc/RNASeq_multiqc_report_plots/svg/featureCounts_assignment_plot-cnt.svg",
                "multiqc/RNASeq_multiqc_report_plots/svg/featureCounts_assignment_plot-pct.svg",
                "multiqc/RNASeq_multiqc_report_plots/svg/featurecounts_biotype_plot-cnt.svg",
                "multiqc/RNASeq_multiqc_report_plots/svg/featurecounts_biotype_plot-pct.svg",
                "multiqc/RNASeq_multiqc_report_plots/svg/picard_deduplication-cnt.svg",
                "multiqc/RNASeq_multiqc_report_plots/svg/picard_deduplication-pct.svg",
                "multiqc/RNASeq_multiqc_report_plots/svg/picard_rna_coverage.svg",
                "multiqc/RNASeq_multiqc_report_plots/svg/picard_rnaseqmetrics_assignment_plot-cnt.svg",
                "multiqc/RNASeq_multiqc_report_plots/svg/picard_rnaseqmetrics_assignment_plot-pct.svg",
                "multiqc/RNASeq_multiqc_report_plots/svg/r_count_norm_metrics_Library_Size.svg",
                "multiqc/RNASeq_multiqc_report_plots/svg/r_count_norm_metrics_Normalization_Factor.svg",
                "multiqc/RNASeq_multiqc_report_plots/svg/samtools-flagstat-pct-table.svg",
                "multiqc/RNASeq_multiqc_report_plots/svg/samtools-flagstat-table.svg",
                "multiqc/RNASeq_multiqc_report_plots/svg/samtools-idxstats-mapped-reads-plot_Normalised_Counts-cnt.svg",
                "multiqc/RNASeq_multiqc_report_plots/svg/samtools-idxstats-mapped-reads-plot_Normalised_Counts-log.svg",
                "multiqc/RNASeq_multiqc_report_plots/svg/samtools-idxstats-mapped-reads-plot_Observed_over_Expected_Counts-cnt.svg",
                "multiqc/RNASeq_multiqc_report_plots/svg/samtools-idxstats-mapped-reads-plot_Observed_over_Expected_Counts-log.svg",
                "multiqc/RNASeq_multiqc_report_plots/svg/samtools-idxstats-mapped-reads-plot_Raw_Counts-cnt.svg",
                "multiqc/RNASeq_multiqc_report_plots/svg/samtools-idxstats-mapped-reads-plot_Raw_Counts-log.svg",
                "multiqc/RNASeq_multiqc_report_plots/svg/samtools-stats-dp.svg",
                "multiqc/RNASeq_multiqc_report_plots/svg/samtools_alignment_plot-cnt.svg",
                "multiqc/RNASeq_multiqc_report_plots/svg/samtools_alignment_plot-pct.svg",
                "multiqc/RNASeq_multiqc_report_plots/svg/star_alignment_plot-cnt.svg",
                "multiqc/RNASeq_multiqc_report_plots/svg/star_alignment_plot-pct.svg",
                "multiqc/RNASeq_multiqc_report_plots/svg/star_summary_table.svg",
                "pipeline_info",
                "pipeline_info/rnaseq_software_mqc_versions.yml",
                "quantification",
                "quantification/RAP1_IAA_30M_REP1.featureCounts.tsv",
                "quantification/RAP1_IAA_30M_REP1.featureCounts.tsv.summary",
                "quantification/RAP1_UNINDUCED_REP1.featureCounts.tsv",
                "quantification/RAP1_UNINDUCED_REP1.featureCounts.tsv.summary",
                "quantification/RAP1_UNINDUCED_REP2.featureCounts.tsv",
                "quantification/RAP1_UNINDUCED_REP2.featureCounts.tsv.summary",
                "quantification/WT_REP1.featureCounts.tsv",
                "quantification/WT_REP1.featureCounts.tsv.summary",
                "quantification/WT_REP2.featureCounts.tsv",
                "quantification/WT_REP2.featureCounts.tsv.summary",
                "quantification/biotypes",
                "quantification/biotypes/RAP1_IAA_30M_REP1.biotypes.tsv",
                "quantification/biotypes/RAP1_IAA_30M_REP1.biotypes.tsv.summary",
                "quantification/biotypes/RAP1_UNINDUCED_REP1.biotypes.tsv",
                "quantification/biotypes/RAP1_UNINDUCED_REP1.biotypes.tsv.summary",
                "quantification/biotypes/RAP1_UNINDUCED_REP2.biotypes.tsv",
                "quantification/biotypes/RAP1_UNINDUCED_REP2.biotypes.tsv.summary",
                "quantification/biotypes/WT_REP1.biotypes.tsv",
                "quantification/biotypes/WT_REP1.biotypes.tsv.summary",
                "quantification/biotypes/WT_REP2.biotypes.tsv",
                "quantification/biotypes/WT_REP2.biotypes.tsv.summary",
                "quantification/joined_matrix.tsv",
                "trimming",
                "trimming/RAP1_IAA_30M_REP1.fastp.html",
                "trimming/RAP1_IAA_30M_REP1.fastp.json",
                "trimming/RAP1_UNINDUCED_REP1.fastp.html",
                "trimming/RAP1_UNINDUCED_REP1.fastp.json",
                "trimming/RAP1_UNINDUCED_REP2.fastp.html",
                "trimming/RAP1_UNINDUCED_REP2.fastp.json",
                "trimming/WT_REP1.fastp.html",
                "trimming/WT_REP1.fastp.json",
                "trimming/WT_REP2.fastp.html",
                "trimming/WT_REP2.fastp.json",
                "trimming/log",
                "trimming/log/RAP1_IAA_30M_REP1.fastp.log",
                "trimming/log/RAP1_UNINDUCED_REP1.fastp.log",
                "trimming/log/RAP1_UNINDUCED_REP2.fastp.log",
                "trimming/log/WT_REP1.fastp.log",
                "trimming/log/WT_REP2.fastp.log"
            ],
            [
                "RAP1_IAA_30M_REP1.markdup.sorted.bam:md5,80a738b4792abd67e9501d7297d9365e",
                "RAP1_IAA_30M_REP1.markdup.sorted.bam.bai:md5,658f422a4a6a410a8b0480af166cec8b",
                "RAP1_UNINDUCED_REP1.markdup.sorted.bam:md5,8de9cb350cdcf93c43aca865d2f8e0d2",
                "RAP1_UNINDUCED_REP1.markdup.sorted.bam.bai:md5,535037f09e1e013cd62a19ab82a03c10",
                "RAP1_UNINDUCED_REP2.markdup.sorted.bam:md5,49d5b0da8dfef35633e5a0400a39ee69",
                "RAP1_UNINDUCED_REP2.markdup.sorted.bam.bai:md5,c0e32ccefb94676d9d325f763203b165",
                "WT_REP1.markdup.sorted.bam:md5,80e61acc82bcc48e3b2c3945de8bd6ee",
                "WT_REP1.markdup.sorted.bam.bai:md5,46642617beb8e33e75e178a01a4e574d",
                "WT_REP2.markdup.sorted.bam:md5,deed39fda5750ed481b1134d05c0f749",
                "WT_REP2.markdup.sorted.bam.bai:md5,ef367e838ad9e2645ea9c895f4c5147a",
                "RAP1_IAA_30M_REP1.Log.final.out:md5,ddaa24001e529b936c150ced04794231",
                "RAP1_IAA_30M_REP1.Log.out:md5,fe6de0c2d89227453c94e41c09cac770",
                "RAP1_IAA_30M_REP1.Log.progress.out:md5,8701fb56737a815b5960acfc86050091",
                "RAP1_IAA_30M_REP1.SJ.out.tab:md5,90dc3f7c7c1de15f489d5d42c13ae915",
                "RAP1_UNINDUCED_REP1.Log.final.out:md5,197e88ac8df9ee8b12cf9207d8f9ea35",
                "RAP1_UNINDUCED_REP1.Log.out:md5,be67cc3ce84e37833e0fbfd7e9818fc0",
                "RAP1_UNINDUCED_REP1.Log.progress.out:md5,98828c549735b9b454a3cc970345abf5",
                "RAP1_UNINDUCED_REP1.SJ.out.tab:md5,2287ecde18a395cda3a113e8fb14b6d9",
                "RAP1_UNINDUCED_REP2.Log.final.out:md5,1f4a9f377090012872b05bfad476d2ba",
                "RAP1_UNINDUCED_REP2.Log.out:md5,b3d0752fa96b8204c05eba5d32f14c98",
                "RAP1_UNINDUCED_REP2.Log.progress.out:md5,448f0f7718cf0812e19147265cd4c2a2",
                "RAP1_UNINDUCED_REP2.SJ.out.tab:md5,edd5d8c656ba1e28416dc5c24d3dd65b",
                "WT_REP1.Log.final.out:md5,aa845a1fe991a2ff04477e444fcf3b74",
                "WT_REP1.Log.out:md5,0d5ec46f87102ff15a57b4069c09e607",
                "WT_REP1.Log.progress.out:md5,e64ce347901e3570478e792185ea4f71",
                "WT_REP1.SJ.out.tab:md5,c081ac17ab84e442bcd25f138509531c",
                "WT_REP2.Log.final.out:md5,ba7c9e605415aebefab689ddaa761557",
                "WT_REP2.Log.out:md5,da772aed6706c39030c56a664935976a",
                "WT_REP2.Log.progress.out:md5,aac174c513736a93fdc332bb5de29193",
                "WT_REP2.SJ.out.tab:md5,425de60e6d534612ca03091d734a4490",
                "RAP1_IAA_30M_REP1.markdup.sorted.MarkDuplicates.metrics.txt:md5,e705a1ddfce70a8ddd2437e89fb30831",
                "RAP1_IAA_30M_REP1.rna_metrics:md5,17961db2baf617a3b93708641ad6e18c",
                "RAP1_UNINDUCED_REP1.markdup.sorted.MarkDuplicates.metrics.txt:md5,a09c7284a9a66bb734332487beb2abc0",
                "RAP1_UNINDUCED_REP1.rna_metrics:md5,8a4201d827aa12b48ccae0693ee9cc78",
                "RAP1_UNINDUCED_REP2.markdup.sorted.MarkDuplicates.metrics.txt:md5,a2df90a1d4a8477e068f70c22359a1d2",
                "RAP1_UNINDUCED_REP2.rna_metrics:md5,026a2e6671302c5a42a7f08a352db912",
                "WT_REP1.markdup.sorted.MarkDuplicates.metrics.txt:md5,082504b012b892bac2aa21045beb3bf2",
                "WT_REP1.rna_metrics:md5,f0fb13d993fecc1cf3fc33b5ccc3a89f",
                "WT_REP2.markdup.sorted.MarkDuplicates.metrics.txt:md5,4fbba88f30ecdfd9be83c56b3f2cc67f",
                "WT_REP2.rna_metrics:md5,c2c224b0249eb5d26f589a27db2723e4",
                "RAP1_IAA_30M_REP1.markdup.sorted.bam.flagstat:md5,87a0df3fd4d663e5f68c41dbd670e3ec",
                "RAP1_IAA_30M_REP1.markdup.sorted.bam.idxstats:md5,2fdef7a59e7cff3e919c42d80cf2a6a4",
                "RAP1_IAA_30M_REP1.markdup.sorted.bam.stats:md5,005991fd14daaef964463ad15f8ebc32",
                "RAP1_UNINDUCED_REP1.markdup.sorted.bam.flagstat:md5,f8e75c409aeba855ad64a57d93adbd00",
                "RAP1_UNINDUCED_REP1.markdup.sorted.bam.idxstats:md5,a12256948ecbef5d58cfa70512f189c1",
                "RAP1_UNINDUCED_REP1.markdup.sorted.bam.stats:md5,156ab361ba8a1af9f3b7fcf74c0555a0",
                "RAP1_UNINDUCED_REP2.markdup.sorted.bam.flagstat:md5,9eb5d985e4f8e69355b07ab77b0071b8",
                "RAP1_UNINDUCED_REP2.markdup.sorted.bam.idxstats:md5,4954becd5ec59a155ab4c377dae6249b",
                "RAP1_UNINDUCED_REP2.markdup.sorted.bam.stats:md5,99ec6b57f48af6b8ce075f4082c2beb3",
                "WT_REP1.markdup.sorted.bam.flagstat:md5,0801aa14aa4b1d6467888f703c817b1d",
                "WT_REP1.markdup.sorted.bam.idxstats:md5,7e75ac0dbfc6cfedd9ae71e5057dea67",
                "WT_REP1.markdup.sorted.bam.stats:md5,47ab90e744b21aa5f712a91023f97ac3",
                "WT_REP2.markdup.sorted.bam.flagstat:md5,61b7dfbe17bc828d09de76ef979c011a",
                "WT_REP2.markdup.sorted.bam.idxstats:md5,9236cccc51fedf77b48db53416ea3be2",
                "WT_REP2.markdup.sorted.bam.stats:md5,020ec2965ef592d2956ff4b99de180b6",
                "RAP1_IAA_30M_REP1.unmapped_1.fastq.gz:md5,47b60fa04019f8e4d1be5258c2c864bd",
                "RAP1_IAA_30M_REP1.unmapped_2.fastq.gz:md5,af5d5beb33e84eb8d4967b6419afcf37",
                "RAP1_UNINDUCED_REP1.unmapped_1.fastq.gz:md5,24e970edcf4cac25c6ee368ee545ffaa",
                "RAP1_UNINDUCED_REP2.unmapped_1.fastq.gz:md5,63f2f7d9ccdc1b0f619079267bc69439",
                "WT_REP1.unmapped_1.fastq.gz:md5,fc53f7ba259fa129e3d760b26a8c4f5a",
                "WT_REP1.unmapped_2.fastq.gz:md5,a98da1dda1f7604570c74f212d43c13f",
                "WT_REP2.unmapped_1.fastq.gz:md5,eb3116e07207b879a061c594006be2d3",
                "WT_REP2.unmapped_2.fastq.gz:md5,18bc6eb63b29a019bef24aeaaba20c11",
                "deseq2_summary.condition_RAP1_IAA_30M_vs_WT.txt:md5,8d1c823ea4c666bfd409635913330ea3",
                "deseq2_toptable.condition_RAP1_IAA_30M_vs_WT.txt:md5,f8dcc22b81c86d056f77c57003a7a18a",
                "gsea.condition_RAP1_IAA_30M_vs_WT.TOP_25.txt:md5,98e565ec3a79c8ab732f7cf3c549d78b",
                "gsea.condition_RAP1_IAA_30M_vs_WT.s_cervisiae_genelist.pdf:md5,87f23c4bd48dd3cf2bb04ed66ddc413e",
                "gsea.condition_RAP1_IAA_30M_vs_WT.xlsx:md5,0d71db907a8989bac45446dd891c3dcc",
                "pvalue_hist.condition_RAP1_IAA_30M_vs_WT.pdf:md5,a2456f63865539e1737c4b244fe90e44",
                "volcano.condition_RAP1_IAA_30M_vs_WT.pdf:md5,e1482fa2515a2c3028209b4bc88910bc",
                "deseq2_summary.condition_RAP1_UNINDUCED_vs_WT.txt:md5,d6f57dca7218a55173f3f8b28d06244b",
                "deseq2_toptable.condition_RAP1_UNINDUCED_vs_WT.txt:md5,cb509876db4507ae60b23a73f94b113c",
                "gsea.condition_RAP1_UNINDUCED_vs_WT.TOP_25.txt:md5,c3925388483839572aeb6224c972dd4b",
                "gsea.condition_RAP1_UNINDUCED_vs_WT.s_cervisiae_genelist.pdf:md5,7b31a10a2dcca7dc1f52ba7aa48b73a3",
                "gsea.condition_RAP1_UNINDUCED_vs_WT.xlsx:md5,dde5c9192f68e9a047ef14533841ff20",
                "pvalue_hist.condition_RAP1_UNINDUCED_vs_WT.pdf:md5,ef9092326c5ea4b253836f8be21d007d",
                "volcano.condition_RAP1_UNINDUCED_vs_WT.pdf:md5,c9eeb9a9715b09c3fbed5838afc4bd52",
                "dea_joined_matrix_summary.txt:md5,485a0812b430f69a394f0f628e153342",
                "MDS_scoreplots.pdf:md5,aa0591b608ef88af00c252e92492a439",
                "MDS_scores.txt:md5,145c31a1ba6c113b9db8500abba4bbdf",
                "PC1_vs_PC2_scoreplots.pdf:md5,1fa4c4698342c5b2121978de7f1d62ad",
                "PC3_vs_PC4_scoreplots.pdf:md5,0e9ca1d8217a539ae6e8414cfce0953c",
                "PCA_explained_variance.txt:md5,b28db9ee9a96f59edb52e9f1e32299fc",
                "PCA_scores.txt:md5,331304dbb3849cd731bc12ace5c2836c",
                "heatmap_control_genes.pdf:md5,3a4aa29443c1df84b3ac84f0419643d0",
                "heatmap_control_genes_mqc.png:md5,8a4cfcd32015f20d03a22d210a41c1ca",
                "joined_matrix.rds:md5,786b27770d8260af8575904e9d6e081e",
                "cpm.txt:md5,9a868cc1dd64d73c227b3f658ed6bcfa",
                "lib_size_factors.txt:md5,825e606877425b6c300ef5a314686681",
                "log.norm.rpkm.txt:md5,fae6e9205217be4d89f7b725747147f8",
                "samples_correlation_heatmap.pdf:md5,9307bff2e222aba6280ab697b2dbb679",
                "samples_correlation_heatmap_mqc.png:md5,57d3333d015b21130ce04165f8678c3c",
                "samples_correlation_table.txt:md5,451beb2d2ca5152633be4c09bd01540a",
                "RAP1_IAA_30M_REP1_raw_1_fastqc.html:md5,00a4ac8e249d2d02c7ce2ec743380fc2",
                "RAP1_IAA_30M_REP1_raw_1_fastqc.zip:md5,57f410360fd764459e5b517512a6d466",
                "RAP1_IAA_30M_REP1_raw_2_fastqc.html:md5,75857fba9360b73ef07d2424a5711b70",
                "RAP1_IAA_30M_REP1_raw_2_fastqc.zip:md5,79320e977c249cc53584d46d358ddb47",
                "RAP1_UNINDUCED_REP1_raw_fastqc.html:md5,0e437b35fcf1114f10d3062431b13fbc",
                "RAP1_UNINDUCED_REP1_raw_fastqc.zip:md5,f2cf6f3b191ee0b2d69376213344d17e",
                "RAP1_UNINDUCED_REP2_raw_fastqc.html:md5,1803dc6f71cb5d91908ea6895346ce96",
                "RAP1_UNINDUCED_REP2_raw_fastqc.zip:md5,b041540faf2d1e12cd08488a3228037c",
                "WT_REP1_raw_1_fastqc.html:md5,bc1efbfc74df8ce6ba70604317cf91f5",
                "WT_REP1_raw_1_fastqc.zip:md5,b30379093fef4751bc53d04a82680f68",
                "WT_REP1_raw_2_fastqc.html:md5,d4976c1cae8845169230c0a4e15cd51e",
                "WT_REP1_raw_2_fastqc.zip:md5,df402f4af0d3adc1627a7addbf04943b",
                "WT_REP2_raw_1_fastqc.html:md5,23cef7b1b11c2762363ab3e90b7d7b98",
                "WT_REP2_raw_1_fastqc.zip:md5,e4b81db27e6799c619a25b905c4702b3",
                "WT_REP2_raw_2_fastqc.html:md5,4ff2f9b5dd8efd9f2e020021490f0143",
                "WT_REP2_raw_2_fastqc.zip:md5,ae02451c343015169abb1d5556cda575",
                "RAP1_IAA_30M_REP1_trimmed_1_fastqc.html:md5,062983e696b1b9130c8e52a996729150",
                "RAP1_IAA_30M_REP1_trimmed_1_fastqc.zip:md5,58f4dd5f77b8b294e754aa71a16b2170",
                "RAP1_IAA_30M_REP1_trimmed_2_fastqc.html:md5,3dc956a5c29bd5408cb719f58357b6bf",
                "RAP1_IAA_30M_REP1_trimmed_2_fastqc.zip:md5,bbbd3fc84185fad08c31d235e905675f",
                "RAP1_UNINDUCED_REP1_trimmed_fastqc.html:md5,dff398fe8f90ff1582144526186d059e",
                "RAP1_UNINDUCED_REP1_trimmed_fastqc.zip:md5,e20bbc3d751ae6681f46fe6539a45935",
                "RAP1_UNINDUCED_REP2_trimmed_fastqc.html:md5,0ee02269eabef26ea270b9c59fcbb501",
                "RAP1_UNINDUCED_REP2_trimmed_fastqc.zip:md5,239f7bac3a1716a288f6ad5f0f41b52e",
                "WT_REP1_trimmed_1_fastqc.html:md5,7240b33c12cccf768a93a08e31630dba",
                "WT_REP1_trimmed_1_fastqc.zip:md5,98f2c68e536fde1aa022de206b9f75ea",
                "WT_REP1_trimmed_2_fastqc.html:md5,5b670576af783733705061c2e33dc1ab",
                "WT_REP1_trimmed_2_fastqc.zip:md5,1566d9d7160535e1614a5bf2828d7462",
                "WT_REP2_trimmed_1_fastqc.html:md5,c792c92b778aa7d12adbab07b094f9d5",
                "WT_REP2_trimmed_1_fastqc.zip:md5,44ffc7cca76766385ed942cce06f49b2",
                "WT_REP2_trimmed_2_fastqc.html:md5,d8124cacb5df5396ab6888628ff46ed0",
                "WT_REP2_trimmed_2_fastqc.zip:md5,113d5c0856a68bf89786a89ac7fbcabe",
                "RNASeq_multiqc_report.html:md5,7ba9350266f9433178abbac02545ec57",
                "fastp-insert-size-plot.txt:md5,585d09da47c0a078c3b162ea6c19b20f",
                "fastp-seq-content-gc-plot_Read_1_After_filtering.txt:md5,22cb91158e324b81cd271e68bf702ede",
                "fastp-seq-content-gc-plot_Read_1_Before_filtering.txt:md5,bc4a3bce20f59e418b36b545a39e0c40",
                "fastp-seq-content-gc-plot_Read_2_After_filtering.txt:md5,11f1903b99156f660e2bf8560a2f7b9e",
                "fastp-seq-content-gc-plot_Read_2_Before_filtering.txt:md5,ab35e77f5c2cb23ab2ac0dc386398a9b",
                "fastp-seq-content-n-plot_Read_1_After_filtering.txt:md5,2853b3593d2cc2dc5e68896d66882700",
                "fastp-seq-content-n-plot_Read_1_Before_filtering.txt:md5,165205d6cd34646c7fd9c518789434ce",
                "fastp-seq-content-n-plot_Read_2_After_filtering.txt:md5,7b2629fc25610070605e0cd3be635b62",
                "fastp-seq-content-n-plot_Read_2_Before_filtering.txt:md5,73553546542a53890271a0286c32ac31",
                "fastp-seq-quality-plot_Read_1_After_filtering.txt:md5,91843f70f3e6ed2e0cb582fbc49c6e7d",
                "fastp-seq-quality-plot_Read_1_Before_filtering.txt:md5,da3aa7bbf976fa04d4cb1fb09f60101b",
                "fastp-seq-quality-plot_Read_2_After_filtering.txt:md5,44db75068cbb7dfca62e3c5b0d82b95c",
                "fastp-seq-quality-plot_Read_2_Before_filtering.txt:md5,1c540464171036a1f4edc1f4fc0e8be4",
                "fastp_filtered_reads_plot.txt:md5,6f4ec31b0383cfe5cb3ef087d5f39911",
                "fastqc_sequence_length_distribution_plot.txt:md5,444a8eb91a9e8fbae89e4714007599d4",
                "fastqc_trimmed-status-check-heatmap.txt:md5,57d11b7530fc58866688861662e94116",
                "fastqc_trimmed_overrepresented_sequences_plot.txt:md5,22e498685b301157275fcd5310d3adba",
                "fastqc_trimmed_per_base_n_content_plot.txt:md5,0bd72a73b02b18ec8ee8f2897faf03b5",
                "fastqc_trimmed_per_base_sequence_quality_plot.txt:md5,3b0dae19a38f43903a08f10d7731982c",
                "fastqc_trimmed_per_sequence_gc_content_plot_Counts.txt:md5,7cb1cfa32ed85cfad34a052c481a181d",
                "fastqc_trimmed_per_sequence_gc_content_plot_Percentages.txt:md5,ab87a60be17e17b96e2431c5a076dca9",
                "fastqc_trimmed_per_sequence_quality_scores_plot.txt:md5,4043f33c4394548b096ff4e06d59045d",
                "fastqc_trimmed_sequence_counts_plot.txt:md5,4f53c5bae7e605910c29218f89f18737",
                "fastqc_trimmed_sequence_duplication_levels_plot.txt:md5,e7775cdc14942fdaf45bfd7a3c2088b5",
                "fastqc_trimmed_top_overrepresented_sequences_table.txt:md5,90b38fb44c17134388a235ee8c3b3d6d",
                "featureCounts_assignment_plot.txt:md5,f2ffe747c192a4f7c2fd82f7c56dcd94",
                "llms-full.txt:md5,2796b1f8702095f4a7b3b62963d84491",
                "multiqc.log:md5,81ba36f9298f79be172bef19b128a902",
                "multiqc.parquet:md5,43f427f3ff676ceb5cb43155ca3f85c2",
                "multiqc_citations.txt:md5,bc7d9168f5b8f1ab3738cbb9af3b9e81",
                "multiqc_correlation_heatmap.txt:md5,dc05f4ff0cf33930f79538d39f86a770",
                "multiqc_data.json:md5,0b99fc6c0d43b18fb5892d19aa3a1c2b",
                "multiqc_fastp_fastp.txt:md5,055336fc21781c15f0518c9560d4c1f2",
                "multiqc_fastqc_fastqc_trimmed.txt:md5,a62da316ac45548e5341876028027ad5",
                "multiqc_featurecounts_biotype_plot.txt:md5,6d985bff7210970cacc0d92a3ab110ab",
                "multiqc_featurecounts_featurecounts.txt:md5,e2d4f5ae81983482cc1dc70e3a2e02f0",
                "multiqc_general_stats.txt:md5,d6ac6bdae248b55d51d499a112f7e6a1",
                "multiqc_picard_RnaSeqMetrics_picard.txt:md5,3862dc5686726bd524c8a3cc3c2e8c09",
                "multiqc_picard_dups_picard.txt:md5,dfb2369d758c6335f3ef8bac491292f0",
                "multiqc_samtools_flagstat_samtools.txt:md5,8c8d1734472d4beb8e32b275ef3f47a5",
                "multiqc_samtools_idxstats_samtools.txt:md5,9c0d2739bfbc6996635413748b4d9f65",
                "multiqc_samtools_stats_samtools.txt:md5,112cf84c8d4fbd7639018b84084f7787",
                "multiqc_software_versions.txt:md5,fec734ad7a44640f9ecdc36131f92b0a",
                "multiqc_sources.txt:md5,3a235c06d9541ae854ec594bc8dbbea5",
                "multiqc_star_star.txt:md5,6a5843953e6538c7e0a7c6a9087c00f8",
                "picard_MarkIlluminaAdapters_histogram_picard.txt:md5,d41d8cd98f00b204e9800998ecf8427e",
                "picard_MeanQualityByCycle_histogram_picard.txt:md5,d41d8cd98f00b204e9800998ecf8427e",
                "picard_MeanQualityByCycle_histogram_picard_1.txt:md5,d41d8cd98f00b204e9800998ecf8427e",
                "picard_QualityScoreDistribution_histogram_picard.txt:md5,d41d8cd98f00b204e9800998ecf8427e",
                "picard_deduplication.txt:md5,6b5846de4a2f26b5a3ae21db1c6ab09a",
                "picard_rna_coverage.txt:md5,8aea04603e56c50f536482258f1a2daf",
                "picard_rnaseqmetrics_assignment_plot.txt:md5,8c1ebf23347d7110b6bef1d207bf227c",
                "r_count_norm_data_r_count_norm.txt:md5,4c5f85da6489f33c29ac44d809414738",
                "r_count_norm_metrics_Library_Size.txt:md5,f61999f0d73b5403f946e0707e3db445",
                "r_count_norm_metrics_Normalization_Factor.txt:md5,ceaa149303067fb579fe231002f0d873",
                "samtools-flagstat-pct-table.txt:md5,831dc4b2cc4ea8d0cf79f27ebf51e257",
                "samtools-flagstat-table.txt:md5,e440d8c7ddf166c02d094b7419160288",
                "samtools-idxstats-mapped-reads-plot_Normalised_Counts.txt:md5,75acd04232d1804b5f960ee4c5db4722",
                "samtools-idxstats-mapped-reads-plot_Observed_over_Expected_Counts.txt:md5,75acd04232d1804b5f960ee4c5db4722",
                "samtools-idxstats-mapped-reads-plot_Raw_Counts.txt:md5,fd279e3b990c92aad41981a5a693e147",
                "samtools-stats-dp.txt:md5,234d5390b6e6fb4bea21cfe82bf86e91",
                "samtools_alignment_plot.txt:md5,f6a3e6d717fb9030e4bab076b7b9e0c4",
                "star_alignment_plot.txt:md5,81e5efc094c7133a74318d4587b5fde2",
                "star_summary_table.txt:md5,7554e3965f171f21a4fd89a2182f9522",
                "correlation_heatmap.pdf:md5,13d8dc97e349a5ca041facceb01f3cca",
                "fastp-insert-size-plot.pdf:md5,2e6160b5ade79f548257ab1ac7a00ca0",
                "fastp-seq-content-gc-plot_Read_1_After_filtering.pdf:md5,45c9ebb7cb9db98dac4c168b362903e8",
                "fastp-seq-content-gc-plot_Read_1_Before_filtering.pdf:md5,ddfcaeb7ad0cb995f7b5aa2bdce8c4d6",
                "fastp-seq-content-gc-plot_Read_2_After_filtering.pdf:md5,d39a80af77edd88b554e078d50944d70",
                "fastp-seq-content-gc-plot_Read_2_Before_filtering.pdf:md5,dbb43ffc8ac925c1773bdbde33056d25",
                "fastp-seq-content-n-plot_Read_1_After_filtering.pdf:md5,fa10658676d644150ddee05d23c68e9f",
                "fastp-seq-content-n-plot_Read_1_Before_filtering.pdf:md5,41cb0f9c746c7591b9e990219cd647b5",
                "fastp-seq-content-n-plot_Read_2_After_filtering.pdf:md5,d56e1299c63ed346a937aef1ea0cc05e",
                "fastp-seq-content-n-plot_Read_2_Before_filtering.pdf:md5,51b84b86609b1d6a132b7ab64d312f76",
                "fastp-seq-quality-plot_Read_1_After_filtering.pdf:md5,b341f71f6887117fa612f2299c8affe6",
                "fastp-seq-quality-plot_Read_1_Before_filtering.pdf:md5,78cfd452ba1040d9151599dc024c4fa9",
                "fastp-seq-quality-plot_Read_2_After_filtering.pdf:md5,75c7195bd931eee97e2130fabbfe73c9",
                "fastp-seq-quality-plot_Read_2_Before_filtering.pdf:md5,3d5b9494123ada9f503dfb1352be2c14",
                "fastp_filtered_reads_plot-cnt.pdf:md5,cd05c44c3852b94ff4b6246350698952",
                "fastp_filtered_reads_plot-pct.pdf:md5,ef464e0a32b6f493fa57492b5a77e9c3",
                "fastqc_sequence_length_distribution_plot.pdf:md5,3ed7245b80c60c8e89cdb1991218f3d5",
                "fastqc_trimmed-status-check-heatmap.pdf:md5,ed7da1632d66348d97e6a2ccceb8a80e",
                "fastqc_trimmed_overrepresented_sequences_plot.pdf:md5,9f646eca6468cd66a3dda045e18dd9ca",
                "fastqc_trimmed_per_base_n_content_plot.pdf:md5,81a61158901a62248db1389f15168d54",
                "fastqc_trimmed_per_base_sequence_quality_plot.pdf:md5,082bc99023c23fe6ca827ff26ec54a79",
                "fastqc_trimmed_per_sequence_gc_content_plot_Counts.pdf:md5,f3aeea486964a31ad96545869f026eb9",
                "fastqc_trimmed_per_sequence_gc_content_plot_Percentages.pdf:md5,fbb531e882e89966c3643bb2294e9ff8",
                "fastqc_trimmed_per_sequence_quality_scores_plot.pdf:md5,1613054644a22cd7ae99f84b768d1745",
                "fastqc_trimmed_sequence_counts_plot-cnt.pdf:md5,fa1cad6253aadb3797859586f12f2181",
                "fastqc_trimmed_sequence_counts_plot-pct.pdf:md5,8fac8a5d0cf0e2d7cbadb5eb30580651",
                "fastqc_trimmed_sequence_duplication_levels_plot.pdf:md5,e8848a3c386caeec4651b3c7b92baad2",
                "fastqc_trimmed_top_overrepresented_sequences_table.pdf:md5,76c4c93afd780da82be571cf476dda71",
                "featureCounts_assignment_plot-cnt.pdf:md5,4d523fbd9804f5b16436cbf2234f8366",
                "featureCounts_assignment_plot-pct.pdf:md5,a18fb4c9eebb92e677acba49b9ba90ad",
                "featurecounts_biotype_plot-cnt.pdf:md5,6b9b383f21a6bea2409d6c79ac008d9d",
                "featurecounts_biotype_plot-pct.pdf:md5,cdf511acbc1dd090b680bd27c53e964c",
                "picard_deduplication-cnt.pdf:md5,ebe4df2919692f92884eafcc88f305a5",
                "picard_deduplication-pct.pdf:md5,e564a3a350b4ff7739f7ef50fcc8d7fb",
                "picard_rna_coverage.pdf:md5,86fa14774c5bcbfcfd3d844c0ec946dd",
                "picard_rnaseqmetrics_assignment_plot-cnt.pdf:md5,b8f33a1a684aa9bf6f84e2da74238e59",
                "picard_rnaseqmetrics_assignment_plot-pct.pdf:md5,31e78c6d15657e55b4a687dc6a69eec6",
                "r_count_norm_metrics_Library_Size.pdf:md5,9183442cc168e517c764c6197bc4492a",
                "r_count_norm_metrics_Normalization_Factor.pdf:md5,5a0bf60487f478ddb1966aaf1622bd73",
                "samtools-flagstat-pct-table.pdf:md5,092582f4ef4ffb014719ccbb242d8a21",
                "samtools-flagstat-table.pdf:md5,e93afeb6e8c24b01bb7a6d47ea182af8",
                "samtools-idxstats-mapped-reads-plot_Normalised_Counts-cnt.pdf:md5,dd434c50c0c8cbdf792336a27627243a",
                "samtools-idxstats-mapped-reads-plot_Normalised_Counts-log.pdf:md5,f5483526460804bd9a7da475cbf5602e",
                "samtools-idxstats-mapped-reads-plot_Observed_over_Expected_Counts-cnt.pdf:md5,6445b7a3e6bfa531fef265691ef78d93",
                "samtools-idxstats-mapped-reads-plot_Observed_over_Expected_Counts-log.pdf:md5,3a9b9561ccd666d59f5432fcc7d16527",
                "samtools-idxstats-mapped-reads-plot_Raw_Counts-cnt.pdf:md5,27ab667090e05f3dac05348cc77855ef",
                "samtools-idxstats-mapped-reads-plot_Raw_Counts-log.pdf:md5,d1532f48a6bc4210cc9e2c2b2f859d6b",
                "samtools-stats-dp.pdf:md5,d01f0d787ff52a83546325c1f97dcfca",
                "samtools_alignment_plot-cnt.pdf:md5,7883c9aa2d5c5dcc41e785ef8d65c568",
                "samtools_alignment_plot-pct.pdf:md5,9aac719c1fdfd831aec154f0bf38ae20",
                "star_alignment_plot-cnt.pdf:md5,5698383af37f06bdf6961bda9b2788ac",
                "star_alignment_plot-pct.pdf:md5,ae2217f3a6f1a7722a6098fe9e20a72f",
                "star_summary_table.pdf:md5,9ecdd30112d8e81240b42a69179872fd",
                "correlation_heatmap.png:md5,d4fabc77bcf3afa863dcd30fc7ea9f72",
                "fastp-insert-size-plot.png:md5,9b9c98f37c3f6bdb7bb1a9c629305222",
                "fastp-seq-content-gc-plot_Read_1_After_filtering.png:md5,fdb97897331322e981e4adaa7904d54e",
                "fastp-seq-content-gc-plot_Read_1_Before_filtering.png:md5,f11e22f74630148c5bc902433118b165",
                "fastp-seq-content-gc-plot_Read_2_After_filtering.png:md5,da8c60a33f8b1a4522c3aa7ec27e5a41",
                "fastp-seq-content-gc-plot_Read_2_Before_filtering.png:md5,ec867e418a3687c9ee333db39d08f230",
                "fastp-seq-content-n-plot_Read_1_After_filtering.png:md5,05a0869baf3f149f0d1376d018495cc6",
                "fastp-seq-content-n-plot_Read_1_Before_filtering.png:md5,07e8ff1e381aeab8033ac9962c78debe",
                "fastp-seq-content-n-plot_Read_2_After_filtering.png:md5,442418310d5151eee930a90a30f865b8",
                "fastp-seq-content-n-plot_Read_2_Before_filtering.png:md5,48e1c899cc120cd977a8c959e27db679",
                "fastp-seq-quality-plot_Read_1_After_filtering.png:md5,49d15ad589bed1257e60fce891663c8a",
                "fastp-seq-quality-plot_Read_1_Before_filtering.png:md5,59e723a79720a8c3ba5b1f867d05ad11",
                "fastp-seq-quality-plot_Read_2_After_filtering.png:md5,8328f7a52e484c903f66df9fb8f5b03c",
                "fastp-seq-quality-plot_Read_2_Before_filtering.png:md5,d5d3ee1d5976cf74e72ebf91d59c80a1",
                "fastp_filtered_reads_plot-cnt.png:md5,4b392706cb78baa4e352dad6cb93fafd",
                "fastp_filtered_reads_plot-pct.png:md5,64d2a3d8baebc3f65b28132c6c56e74c",
                "fastqc_sequence_length_distribution_plot.png:md5,adb4252be49bb8ebff9714a7981fad2a",
                "fastqc_trimmed-status-check-heatmap.png:md5,2db6513230ba4d065954241ba063dba2",
                "fastqc_trimmed_overrepresented_sequences_plot.png:md5,46b20ae3a7145de530070ca62815d9ea",
                "fastqc_trimmed_per_base_n_content_plot.png:md5,3bbf6f667500aabbd92511c4a2d91c54",
                "fastqc_trimmed_per_base_sequence_quality_plot.png:md5,08e5c3e5077b017dcfbced03566f93f6",
                "fastqc_trimmed_per_sequence_gc_content_plot_Counts.png:md5,6aaebe98850141b8da96d5c15a004c3f",
                "fastqc_trimmed_per_sequence_gc_content_plot_Percentages.png:md5,00d89a4efeb36f03281411762b9207e2",
                "fastqc_trimmed_per_sequence_quality_scores_plot.png:md5,330ec09777fbbfa5eb36972b5033aa0f",
                "fastqc_trimmed_sequence_counts_plot-cnt.png:md5,aef611cd1da0e821318f20c32be309ad",
                "fastqc_trimmed_sequence_counts_plot-pct.png:md5,53823fc7fa23ced7b6f9a6a0160d5efe",
                "fastqc_trimmed_sequence_duplication_levels_plot.png:md5,3c41bfd0935703eb679e4416d50e23f0",
                "fastqc_trimmed_top_overrepresented_sequences_table.png:md5,3afcfdc91ab8331e41978059b08dac4f",
                "featureCounts_assignment_plot-cnt.png:md5,5af078210373c3d9d71af2ca5a9abaf1",
                "featureCounts_assignment_plot-pct.png:md5,722485d1127422529c549ebda358ee40",
                "featurecounts_biotype_plot-cnt.png:md5,d165d34fc8edca9a696486040c71e5c9",
                "featurecounts_biotype_plot-pct.png:md5,fc51ab505a4cef965758288eabdaf204",
                "picard_deduplication-cnt.png:md5,df676073d0e0adaa398e432cd2c04376",
                "picard_deduplication-pct.png:md5,a42214b78b077983ef07b0aaa4e947b8",
                "picard_rna_coverage.png:md5,c0faac61be9313287740270f870f501f",
                "picard_rnaseqmetrics_assignment_plot-cnt.png:md5,bb8fabf7a633e00add509c477d3b1786",
                "picard_rnaseqmetrics_assignment_plot-pct.png:md5,13b24f750ff2cb690759d7c34f10defc",
                "r_count_norm_metrics_Library_Size.png:md5,526fbdbc9d45a01e8a6272315d75bcbf",
                "r_count_norm_metrics_Normalization_Factor.png:md5,85103b1a79d83cbd4345f0a810165566",
                "samtools-flagstat-pct-table.png:md5,b235045721e409949884d6835da3c503",
                "samtools-flagstat-table.png:md5,ec98c92bc95f0bcf13208fbd921c7ad3",
                "samtools-idxstats-mapped-reads-plot_Normalised_Counts-cnt.png:md5,d1f7156ce54a1aa593de0e496c38cfd2",
                "samtools-idxstats-mapped-reads-plot_Normalised_Counts-log.png:md5,1f8ab25a05a26d01daae3f803297d2a4",
                "samtools-idxstats-mapped-reads-plot_Observed_over_Expected_Counts-cnt.png:md5,46bf195d95ae4d4dfa17d3f421e513b2",
                "samtools-idxstats-mapped-reads-plot_Observed_over_Expected_Counts-log.png:md5,813c62d4fac0e45f8f77a4c7cede07c5",
                "samtools-idxstats-mapped-reads-plot_Raw_Counts-cnt.png:md5,4e73f27e2445fb06b384f92e62e214a4",
                "samtools-idxstats-mapped-reads-plot_Raw_Counts-log.png:md5,f95ed3ce9c07458178f0b60cca9ab5f4",
                "samtools-stats-dp.png:md5,6d245ea3154d9485de85214b0f1d6680",
                "samtools_alignment_plot-cnt.png:md5,4954878fad53ef820f46c8df4bb0297e",
                "samtools_alignment_plot-pct.png:md5,6297ab0d58d2cddeb98796af8b5fa01f",
                "star_alignment_plot-cnt.png:md5,eea1bf25b653eb10a9e526e27c615dce",
                "star_alignment_plot-pct.png:md5,5380f3d7afbb4be100afc8f1ff2eef5f",
                "star_summary_table.png:md5,28c3bc02c210fc6e60f0c020dcb4a8a0",
                "correlation_heatmap.svg:md5,8145e58c4097843b028fdaf392d277e8",
                "fastp-insert-size-plot.svg:md5,a080004856ae51e42096ba95fbccdf45",
                "fastp-seq-content-gc-plot_Read_1_After_filtering.svg:md5,a2e4e4de9f7b0816d42306b60e8d573d",
                "fastp-seq-content-gc-plot_Read_1_Before_filtering.svg:md5,99bbdf3a4acf1e937f55be6175865e9a",
                "fastp-seq-content-gc-plot_Read_2_After_filtering.svg:md5,cd05f552da508e001a4b854652ae5f69",
                "fastp-seq-content-gc-plot_Read_2_Before_filtering.svg:md5,88f085af914edb77d53a3988e80870ae",
                "fastp-seq-content-n-plot_Read_1_After_filtering.svg:md5,c9f1edfaa193e768be23083e0553dc55",
                "fastp-seq-content-n-plot_Read_1_Before_filtering.svg:md5,e767d3fdf289ff8c6e140748b902ad1e",
                "fastp-seq-content-n-plot_Read_2_After_filtering.svg:md5,5ab1385fa29a57a522746a16d6fb96be",
                "fastp-seq-content-n-plot_Read_2_Before_filtering.svg:md5,9adceb0abd9ec3982ac8cdfe17f70bc7",
                "fastp-seq-quality-plot_Read_1_After_filtering.svg:md5,8c21566951644d3825fd0ec08b9030e5",
                "fastp-seq-quality-plot_Read_1_Before_filtering.svg:md5,64373d05fdeb13d0ea35a59a49d202c8",
                "fastp-seq-quality-plot_Read_2_After_filtering.svg:md5,dbbb6ef030d413c4ea2f1569ef71d616",
                "fastp-seq-quality-plot_Read_2_Before_filtering.svg:md5,5541a02a43abfe064f235f2a33806abc",
                "fastp_filtered_reads_plot-cnt.svg:md5,a4e361210a2aed30ea2a4b9eaabc26f5",
                "fastp_filtered_reads_plot-pct.svg:md5,01dafc018984e8495b049dee7460b71f",
                "fastqc_sequence_length_distribution_plot.svg:md5,bf0add478cbce34d9be2fb0efb9cb4ef",
                "fastqc_trimmed-status-check-heatmap.svg:md5,7b59a3a4b544c914d64a77af354db352",
                "fastqc_trimmed_overrepresented_sequences_plot.svg:md5,60692f60d798f754d8b80f91e611692c",
                "fastqc_trimmed_per_base_n_content_plot.svg:md5,47bb336b5cec3e2052e95e095ba74f07",
                "fastqc_trimmed_per_base_sequence_quality_plot.svg:md5,bad572f2f1f8efad6a0a7a1f3c79d7e0",
                "fastqc_trimmed_per_sequence_gc_content_plot_Counts.svg:md5,99b277d6ecf4cc86b492864ba572e5d1",
                "fastqc_trimmed_per_sequence_gc_content_plot_Percentages.svg:md5,f36d19871b3ea0757ab8b3a30fbea7be",
                "fastqc_trimmed_per_sequence_quality_scores_plot.svg:md5,9d81970baf136c3839f05ff609ffbd7d",
                "fastqc_trimmed_sequence_counts_plot-cnt.svg:md5,bb98bc19a7f2f56f3021f0e552a51708",
                "fastqc_trimmed_sequence_counts_plot-pct.svg:md5,b303cd263c55979c1ae5e11b949b30f2",
                "fastqc_trimmed_sequence_duplication_levels_plot.svg:md5,52e4012318740d639d2e24ae91880127",
                "fastqc_trimmed_top_overrepresented_sequences_table.svg:md5,c0d8306d8c16729abb25ebffb5a1dda6",
                "featureCounts_assignment_plot-cnt.svg:md5,e566d4b96b53fa1a7fefb9039f93c91f",
                "featureCounts_assignment_plot-pct.svg:md5,08b5f03ce0fc95510b814ae76cf5534f",
                "featurecounts_biotype_plot-cnt.svg:md5,8da9133fec913e53849af36505b4d1f9",
                "featurecounts_biotype_plot-pct.svg:md5,43d4b64fa53eb32531d943c0089fbedc",
                "picard_deduplication-cnt.svg:md5,232277481b91bf77d7efee4ef98697c8",
                "picard_deduplication-pct.svg:md5,e010eb591effcd74595890110ed6b1ba",
                "picard_rna_coverage.svg:md5,418beb700e5a8bcb8d11acd891a89c7b",
                "picard_rnaseqmetrics_assignment_plot-cnt.svg:md5,116e79aa4f52cf9304f8f8ed5b3cd46f",
                "picard_rnaseqmetrics_assignment_plot-pct.svg:md5,0687fa6e2c418fd23b8542962462f92b",
                "r_count_norm_metrics_Library_Size.svg:md5,70f94a557b248463d2e3e60f75393d88",
                "r_count_norm_metrics_Normalization_Factor.svg:md5,2ddf5a69a4aa91e817d3faf21c4efd77",
                "samtools-flagstat-pct-table.svg:md5,22391c5a6a163b04a63dab5fa6335b9c",
                "samtools-flagstat-table.svg:md5,c82bf68143e2de53206e938119de5e1c",
                "samtools-idxstats-mapped-reads-plot_Normalised_Counts-cnt.svg:md5,073a527012c5b1a6ded2cc44aeccb718",
                "samtools-idxstats-mapped-reads-plot_Normalised_Counts-log.svg:md5,1c711b135ab2ce33d8aeee10dec6370e",
                "samtools-idxstats-mapped-reads-plot_Observed_over_Expected_Counts-cnt.svg:md5,ef60cb6b94764ef2db87086166bfd929",
                "samtools-idxstats-mapped-reads-plot_Observed_over_Expected_Counts-log.svg:md5,0fd9ccf940981fa7f4e33e818bc546e6",
                "samtools-idxstats-mapped-reads-plot_Raw_Counts-cnt.svg:md5,9b1710aa6d96320b77f9ceb46c3dc02d",
                "samtools-idxstats-mapped-reads-plot_Raw_Counts-log.svg:md5,7ff185d37ea213f27c6d7ef8ef1593b9",
                "samtools-stats-dp.svg:md5,f053ed9642908d161b87d56e2f10ba1a",
                "samtools_alignment_plot-cnt.svg:md5,61a78939c7902b19d83e0ad02da545b9",
                "samtools_alignment_plot-pct.svg:md5,f5f22fe04d2968829ce7a06bb067c524",
                "star_alignment_plot-cnt.svg:md5,35533ac78293142f2f05f162e15eb419",
                "star_alignment_plot-pct.svg:md5,78d0a03117b15985a71ae51142da07f8",
                "star_summary_table.svg:md5,4c9145031de183599b8bb288aef92509",
                "RAP1_IAA_30M_REP1.featureCounts.tsv:md5,ea2cb6101dcef9a0088e359c6d751b2b",
                "RAP1_IAA_30M_REP1.featureCounts.tsv.summary:md5,a1f8b26f3179daf6d3212534113e532e",
                "RAP1_UNINDUCED_REP1.featureCounts.tsv:md5,bf9cf0c9246725c757a979ae5c8a34b7",
                "RAP1_UNINDUCED_REP1.featureCounts.tsv.summary:md5,0ec1360d824b3e9729c42fc11c39d986",
                "RAP1_UNINDUCED_REP2.featureCounts.tsv:md5,064da70d0bc4682e98093dff62a21692",
                "RAP1_UNINDUCED_REP2.featureCounts.tsv.summary:md5,11bf651f5fef0b566327f521b9123076",
                "WT_REP1.featureCounts.tsv:md5,aacdc981b326fc6a7babcdf706be2ec7",
                "WT_REP1.featureCounts.tsv.summary:md5,e9529d66555c0efcab24fcb10ba729e0",
                "WT_REP2.featureCounts.tsv:md5,24a6c0c1d1c627c4e364058ce857c6bc",
                "WT_REP2.featureCounts.tsv.summary:md5,13c64b541d75fb5ab582929c89a27b54",
                "RAP1_IAA_30M_REP1.biotypes.tsv:md5,e3dd90c93dc21b3fe9a176d26cabe6de",
                "RAP1_IAA_30M_REP1.biotypes.tsv.summary:md5,613c96726ae8c6caafc5ecf19a0037a4",
                "RAP1_UNINDUCED_REP1.biotypes.tsv:md5,d82237391ba7a277cf8ea3a515117175",
                "RAP1_UNINDUCED_REP1.biotypes.tsv.summary:md5,61709d55895418c31bac68de1a2afc4a",
                "RAP1_UNINDUCED_REP2.biotypes.tsv:md5,b0f9f2ac726a2167b47da469e8b1ce2f",
                "RAP1_UNINDUCED_REP2.biotypes.tsv.summary:md5,1f7838125276daaad04b3e9bd850969e",
                "WT_REP1.biotypes.tsv:md5,7ed897c493281daddfce830e87f324f8",
                "WT_REP1.biotypes.tsv.summary:md5,3f9c71829d678600e13d7286bacd3afa",
                "WT_REP2.biotypes.tsv:md5,9e4a31a0149f63f11c8e9edaa76a19ea",
                "WT_REP2.biotypes.tsv.summary:md5,94865a2e7c71465c325c5b12f4baaaa1",
                "joined_matrix.tsv:md5,bf9d6b3fc2d0a4dd357b5d7d32020a7a",
                "RAP1_IAA_30M_REP1.fastp.html:md5,52395abde5c3158a9e9fcc14f13bd173",
                "RAP1_IAA_30M_REP1.fastp.json:md5,4b8e834d879f1e82f098f2fcc9063116",
                "RAP1_UNINDUCED_REP1.fastp.html:md5,11e1f218afeee143837cb77be59ff288",
                "RAP1_UNINDUCED_REP1.fastp.json:md5,31d196225c2b764c7bf35b88c83b80f2",
                "RAP1_UNINDUCED_REP2.fastp.html:md5,7453b975b80e6f99797d7d5fb2b5df08",
                "RAP1_UNINDUCED_REP2.fastp.json:md5,845d2eb22d2e013e465006e5c8395872",
                "WT_REP1.fastp.html:md5,31565c77d66d2e5f3df5395b28eb5974",
                "WT_REP1.fastp.json:md5,bd71a6898a9dedc7c7cc227f145beafb",
                "WT_REP2.fastp.html:md5,29ebc27dc952d62dd1a5ec02bdffe05d",
                "WT_REP2.fastp.json:md5,3e7da9233fb60d0fa2b5f5aea266fac1",
                "RAP1_IAA_30M_REP1.fastp.log:md5,69419422f0408dde7dc17586ad922006",
                "RAP1_UNINDUCED_REP1.fastp.log:md5,bb1b615e555d81d26fab74b682e4f5a6",
                "RAP1_UNINDUCED_REP2.fastp.log:md5,2826d5ccc7c637aca791ffb0f4728722",
                "WT_REP1.fastp.log:md5,13eff3f305ccb5e9e70b3cf6b21c2a87",
                "WT_REP2.fastp.log:md5,01c69dabe8880dbbc5a0b16f47ca3599"
            ]
        ],
        "meta": {
            "nf-test": "0.9.3",
            "nextflow": "25.10.4"
        },
        "timestamp": "2026-09-09T16:39:32.25356963"
    }
}