{
    "-profile test": {
        "content": [
            {
                "CAT_FASTQ": {
                    "cat": 9.5
                },
                "CLUSTERPROFILER_ORA": {
                    "R": "4.4.2",
                    "openxlsx": "4.2.8",
                    "msigdbr": "7.5.1",
                    "enrichplot": "1.26.6",
                    "clusterProfiler": "4.14.4",
                    "optparse": "1.7.5"
                },
                "CONTROL_GENE_HEATMAP": {
                    "R": "4.4.2",
                    "SummarizedExperiment": "1.36.0",
                    "Biobase": "2.66.0",
                    "GenomicRanges": "1.58.0",
                    "GenomeInfoDb": "1.42.0",
                    "IRanges": "2.40.0",
                    "S4Vectors": "0.44.0",
                    "BiocGenerics": "0.52.0",
                    "MatrixGenerics": "1.18.0",
                    "matrixStats": "1.4.1",
                    "stringr": "1.5.1",
                    "ggplot2": "3.5.1",
                    "pheatmap": "1.0.12",
                    "optparse": "1.7.5"
                },
                "DESEQ2_COMPARE": {
                    "R": "4.4.2",
                    "ggplot2": "3.5.1",
                    "stringr": "1.5.1",
                    "DESeq2": "1.46.0",
                    "SummarizedExperiment": "1.36.0",
                    "Biobase": "2.66.0",
                    "MatrixGenerics": "1.18.0",
                    "matrixStats": "1.4.1",
                    "GenomicRanges": "1.58.0",
                    "GenomeInfoDb": "1.42.0",
                    "IRanges": "2.40.0",
                    "S4Vectors": "0.44.0",
                    "BiocGenerics": "0.52.0",
                    "optparse": "1.7.5"
                },
                "DESEQ2_FIT": {
                    "R": "4.4.2",
                    "stringr": "1.5.1",
                    "DESeq2": "1.46.0",
                    "SummarizedExperiment": "1.36.0",
                    "Biobase": "2.66.0",
                    "MatrixGenerics": "1.18.0",
                    "matrixStats": "1.4.1",
                    "GenomicRanges": "1.58.0",
                    "GenomeInfoDb": "1.42.0",
                    "IRanges": "2.40.0",
                    "S4Vectors": "0.44.0",
                    "BiocGenerics": "0.52.0",
                    "edgeR": "4.4.0",
                    "limma": "3.62.1",
                    "optparse": "1.7.5"
                },
                "FASTP": {
                    "fastp": "1.3.6"
                },
                "FASTQC_RAW": {
                    "fastqc": "0.12.1"
                },
                "FASTQC_TRIM": {
                    "fastqc": "0.12.1"
                },
                "FQ_LINT": {
                    "fq": "0.12.0 (2024-07-08)"
                },
                "FQ_SUBSAMPLE": {
                    "fq": "0.12.0 (2024-07-08)"
                },
                "GENEID_TO_GENENAME": {
                    "mawk": null,
                    "sed": null
                },
                "GSEA": {
                    "R": "4.4.2",
                    "openxlsx": "4.2.8",
                    "enrichplot": "1.26.6",
                    "clusterProfiler": "4.14.4",
                    "optparse": "1.7.5"
                },
                "GSEA_MERGE": {
                    "R": "4.4.2",
                    "openxlsx": "4.2.7.1",
                    "stringr": "1.5.1",
                    "optparse": "1.7.5"
                },
                "MULTIQC_CUSTOM_BIOTYPE": {
                    "python": "3.9.5"
                },
                "OBJ_CONSTRUCTION": {
                    "R": "4.4.2",
                    "SummarizedExperiment": "1.36.0",
                    "Biobase": "2.66.0",
                    "GenomicRanges": "1.58.0",
                    "GenomeInfoDb": "1.42.0",
                    "IRanges": "2.40.0",
                    "S4Vectors": "0.44.0",
                    "BiocGenerics": "0.52.0",
                    "MatrixGenerics": "1.18.0",
                    "matrixStats": "1.4.1",
                    "optparse": "1.7.5"
                },
                "PCA_AND_MDS": {
                    "R": "4.4.2",
                    "ggplot2": "3.5.1",
                    "SummarizedExperiment": "1.36.0",
                    "Biobase": "2.66.0",
                    "GenomicRanges": "1.58.0",
                    "GenomeInfoDb": "1.42.0",
                    "IRanges": "2.40.0",
                    "S4Vectors": "0.44.0",
                    "BiocGenerics": "0.52.0",
                    "MatrixGenerics": "1.18.0",
                    "matrixStats": "1.4.1",
                    "edgeR": "4.4.0",
                    "limma": "3.62.1",
                    "optparse": "1.7.5"
                },
                "PICARD_COLLECTRNASEQMETRICS": {
                    "picard": "3.3.0"
                },
                "PICARD_MARKDUPLICATES": {
                    "picard": "3.3.0"
                },
                "R_COUNT_NORM": {
                    "R": "4.4.2",
                    "SummarizedExperiment": "1.36.0",
                    "Biobase": "2.66.0",
                    "GenomicRanges": "1.58.0",
                    "GenomeInfoDb": "1.42.0",
                    "IRanges": "2.40.0",
                    "S4Vectors": "0.44.0",
                    "BiocGenerics": "0.52.0",
                    "MatrixGenerics": "1.18.0",
                    "matrixStats": "1.4.1",
                    "edgeR": "4.4.0",
                    "limma": "3.62.1",
                    "optparse": "1.7.5"
                },
                "SALMON_QUANT": {
                    "salmon": "1.10.3"
                },
                "SAMPLES_CORRELATION": {
                    "R": "4.4.2",
                    "SummarizedExperiment": "1.36.0",
                    "Biobase": "2.66.0",
                    "GenomicRanges": "1.58.0",
                    "GenomeInfoDb": "1.42.0",
                    "IRanges": "2.40.0",
                    "S4Vectors": "0.44.0",
                    "BiocGenerics": "0.52.0",
                    "MatrixGenerics": "1.18.0",
                    "matrixStats": "1.4.1",
                    "stringr": "1.5.1",
                    "ggplot2": "3.5.1",
                    "pheatmap": "1.0.12",
                    "optparse": "1.7.5"
                },
                "SAMTOOLS_FLAGSTAT": {
                    "samtools": 1.21
                },
                "SAMTOOLS_IDXSTATS": {
                    "samtools": 1.21
                },
                "SAMTOOLS_INDEX": {
                    "samtools": 1.21
                },
                "SAMTOOLS_SORT": {
                    "samtools": 1.21
                },
                "SAMTOOLS_STATS": {
                    "samtools": 1.21
                },
                "STAR_ALIGN": {
                    "star": "2.7.11b",
                    "samtools": 1.2,
                    "gawk": "5.1.0"
                },
                "SUBREAD_FEATURECOUNTS_BIOTYPES": {
                    "subread": "2.0.6"
                },
                "SUBREAD_FEATURECOUNTS_GENES": {
                    "subread": "2.0.6"
                },
                "Workflow": {
                    "nfdata-omics/rnaseq": "v0.0.0dev"
                }
            },
            [
                "alignment",
                "alignment/RAP1_IAA_30M_REP1.markdup.sorted.bam",
                "alignment/RAP1_IAA_30M_REP1.markdup.sorted.bam.bai",
                "alignment/RAP1_UNINDUCED_REP1.markdup.sorted.bam",
                "alignment/RAP1_UNINDUCED_REP1.markdup.sorted.bam.bai",
                "alignment/RAP1_UNINDUCED_REP2.markdup.sorted.bam",
                "alignment/RAP1_UNINDUCED_REP2.markdup.sorted.bam.bai",
                "alignment/WT_REP1.markdup.sorted.bam",
                "alignment/WT_REP1.markdup.sorted.bam.bai",
                "alignment/WT_REP2.markdup.sorted.bam",
                "alignment/WT_REP2.markdup.sorted.bam.bai",
                "alignment/log",
                "alignment/log/RAP1_IAA_30M_REP1.Log.final.out",
                "alignment/log/RAP1_IAA_30M_REP1.Log.out",
                "alignment/log/RAP1_IAA_30M_REP1.Log.progress.out",
                "alignment/log/RAP1_IAA_30M_REP1.SJ.out.tab",
                "alignment/log/RAP1_UNINDUCED_REP1.Log.final.out",
                "alignment/log/RAP1_UNINDUCED_REP1.Log.out",
                "alignment/log/RAP1_UNINDUCED_REP1.Log.progress.out",
                "alignment/log/RAP1_UNINDUCED_REP1.SJ.out.tab",
                "alignment/log/RAP1_UNINDUCED_REP2.Log.final.out",
                "alignment/log/RAP1_UNINDUCED_REP2.Log.out",
                "alignment/log/RAP1_UNINDUCED_REP2.Log.progress.out",
                "alignment/log/RAP1_UNINDUCED_REP2.SJ.out.tab",
                "alignment/log/WT_REP1.Log.final.out",
                "alignment/log/WT_REP1.Log.out",
                "alignment/log/WT_REP1.Log.progress.out",
                "alignment/log/WT_REP1.SJ.out.tab",
                "alignment/log/WT_REP2.Log.final.out",
                "alignment/log/WT_REP2.Log.out",
                "alignment/log/WT_REP2.Log.progress.out",
                "alignment/log/WT_REP2.SJ.out.tab",
                "alignment/picard_metrics",
                "alignment/picard_metrics/RAP1_IAA_30M_REP1.markdup.sorted.MarkDuplicates.metrics.txt",
                "alignment/picard_metrics/RAP1_IAA_30M_REP1.rna_metrics",
                "alignment/picard_metrics/RAP1_UNINDUCED_REP1.markdup.sorted.MarkDuplicates.metrics.txt",
                "alignment/picard_metrics/RAP1_UNINDUCED_REP1.rna_metrics",
                "alignment/picard_metrics/RAP1_UNINDUCED_REP2.markdup.sorted.MarkDuplicates.metrics.txt",
                "alignment/picard_metrics/RAP1_UNINDUCED_REP2.rna_metrics",
                "alignment/picard_metrics/WT_REP1.markdup.sorted.MarkDuplicates.metrics.txt",
                "alignment/picard_metrics/WT_REP1.rna_metrics",
                "alignment/picard_metrics/WT_REP2.markdup.sorted.MarkDuplicates.metrics.txt",
                "alignment/picard_metrics/WT_REP2.rna_metrics",
                "alignment/samtools_stats",
                "alignment/samtools_stats/RAP1_IAA_30M_REP1.markdup.sorted.bam.flagstat",
                "alignment/samtools_stats/RAP1_IAA_30M_REP1.markdup.sorted.bam.idxstats",
                "alignment/samtools_stats/RAP1_IAA_30M_REP1.markdup.sorted.bam.stats",
                "alignment/samtools_stats/RAP1_UNINDUCED_REP1.markdup.sorted.bam.flagstat",
                "alignment/samtools_stats/RAP1_UNINDUCED_REP1.markdup.sorted.bam.idxstats",
                "alignment/samtools_stats/RAP1_UNINDUCED_REP1.markdup.sorted.bam.stats",
                "alignment/samtools_stats/RAP1_UNINDUCED_REP2.markdup.sorted.bam.flagstat",
                "alignment/samtools_stats/RAP1_UNINDUCED_REP2.markdup.sorted.bam.idxstats",
                "alignment/samtools_stats/RAP1_UNINDUCED_REP2.markdup.sorted.bam.stats",
                "alignment/samtools_stats/WT_REP1.markdup.sorted.bam.flagstat",
                "alignment/samtools_stats/WT_REP1.markdup.sorted.bam.idxstats",
                "alignment/samtools_stats/WT_REP1.markdup.sorted.bam.stats",
                "alignment/samtools_stats/WT_REP2.markdup.sorted.bam.flagstat",
                "alignment/samtools_stats/WT_REP2.markdup.sorted.bam.idxstats",
                "alignment/samtools_stats/WT_REP2.markdup.sorted.bam.stats",
                "alignment/unmapped",
                "alignment/unmapped/RAP1_IAA_30M_REP1.unmapped_1.fastq.gz",
                "alignment/unmapped/RAP1_IAA_30M_REP1.unmapped_2.fastq.gz",
                "alignment/unmapped/RAP1_UNINDUCED_REP1.unmapped_1.fastq.gz",
                "alignment/unmapped/RAP1_UNINDUCED_REP2.unmapped_1.fastq.gz",
                "alignment/unmapped/WT_REP1.unmapped_1.fastq.gz",
                "alignment/unmapped/WT_REP1.unmapped_2.fastq.gz",
                "alignment/unmapped/WT_REP2.unmapped_1.fastq.gz",
                "alignment/unmapped/WT_REP2.unmapped_2.fastq.gz",
                "downstream",
                "downstream/dea_joined_matrix",
                "downstream/dea_joined_matrix/dea_condition_RAP1_IAA_30M_WT",
                "downstream/dea_joined_matrix/dea_condition_RAP1_IAA_30M_WT/deseq2_summary.condition_RAP1_IAA_30M_vs_WT.txt",
                "downstream/dea_joined_matrix/dea_condition_RAP1_IAA_30M_WT/deseq2_toptable.condition_RAP1_IAA_30M_vs_WT.txt",
                "downstream/dea_joined_matrix/dea_condition_RAP1_IAA_30M_WT/gsea.condition_RAP1_IAA_30M_vs_WT.TOP_25.txt",
                "downstream/dea_joined_matrix/dea_condition_RAP1_IAA_30M_WT/gsea.condition_RAP1_IAA_30M_vs_WT.s_cervisiae_genelist.pdf",
                "downstream/dea_joined_matrix/dea_condition_RAP1_IAA_30M_WT/gsea.condition_RAP1_IAA_30M_vs_WT.xlsx",
                "downstream/dea_joined_matrix/dea_condition_RAP1_IAA_30M_WT/pvalue_hist.condition_RAP1_IAA_30M_vs_WT.pdf",
                "downstream/dea_joined_matrix/dea_condition_RAP1_IAA_30M_WT/volcano.condition_RAP1_IAA_30M_vs_WT.pdf",
                "downstream/dea_joined_matrix/dea_condition_RAP1_UNINDUCED_WT",
                "downstream/dea_joined_matrix/dea_condition_RAP1_UNINDUCED_WT/deseq2_summary.condition_RAP1_UNINDUCED_vs_WT.txt",
                "downstream/dea_joined_matrix/dea_condition_RAP1_UNINDUCED_WT/deseq2_toptable.condition_RAP1_UNINDUCED_vs_WT.txt",
                "downstream/dea_joined_matrix/dea_condition_RAP1_UNINDUCED_WT/gsea.condition_RAP1_UNINDUCED_vs_WT.TOP_25.txt",
                "downstream/dea_joined_matrix/dea_condition_RAP1_UNINDUCED_WT/gsea.condition_RAP1_UNINDUCED_vs_WT.s_cervisiae_genelist.pdf",
                "downstream/dea_joined_matrix/dea_condition_RAP1_UNINDUCED_WT/gsea.condition_RAP1_UNINDUCED_vs_WT.xlsx",
                "downstream/dea_joined_matrix/dea_condition_RAP1_UNINDUCED_WT/pvalue_hist.condition_RAP1_UNINDUCED_vs_WT.pdf",
                "downstream/dea_joined_matrix/dea_condition_RAP1_UNINDUCED_WT/volcano.condition_RAP1_UNINDUCED_vs_WT.pdf",
                "downstream/dea_joined_matrix/dea_joined_matrix_summary.txt",
                "downstream/dim_reduction",
                "downstream/dim_reduction/MDS_scoreplots.pdf",
                "downstream/dim_reduction/MDS_scores.txt",
                "downstream/dim_reduction/PC1_vs_PC2_scoreplots.pdf",
                "downstream/dim_reduction/PC3_vs_PC4_scoreplots.pdf",
                "downstream/dim_reduction/PCA_explained_variance.txt",
                "downstream/dim_reduction/PCA_scores.txt",
                "downstream/heatmap_control_genes.pdf",
                "downstream/heatmap_control_genes_mqc.png",
                "downstream/joined_matrix.rds",
                "downstream/normalization",
                "downstream/normalization/cpm.txt",
                "downstream/normalization/lib_size_factors.txt",
                "downstream/normalization/log.norm.rpkm.txt",
                "downstream/samples_correlation_heatmap.pdf",
                "downstream/samples_correlation_heatmap_mqc.png",
                "downstream/samples_correlation_table.txt",
                "fastqc",
                "fastqc/raw",
                "fastqc/raw/RAP1_IAA_30M_REP1_raw_1_fastqc.html",
                "fastqc/raw/RAP1_IAA_30M_REP1_raw_1_fastqc.zip",
                "fastqc/raw/RAP1_IAA_30M_REP1_raw_2_fastqc.html",
                "fastqc/raw/RAP1_IAA_30M_REP1_raw_2_fastqc.zip",
                "fastqc/raw/RAP1_UNINDUCED_REP1_raw_fastqc.html",
                "fastqc/raw/RAP1_UNINDUCED_REP1_raw_fastqc.zip",
                "fastqc/raw/RAP1_UNINDUCED_REP2_raw_fastqc.html",
                "fastqc/raw/RAP1_UNINDUCED_REP2_raw_fastqc.zip",
                "fastqc/raw/WT_REP1_raw_1_fastqc.html",
                "fastqc/raw/WT_REP1_raw_1_fastqc.zip",
                "fastqc/raw/WT_REP1_raw_2_fastqc.html",
                "fastqc/raw/WT_REP1_raw_2_fastqc.zip",
                "fastqc/raw/WT_REP2_raw_1_fastqc.html",
                "fastqc/raw/WT_REP2_raw_1_fastqc.zip",
                "fastqc/raw/WT_REP2_raw_2_fastqc.html",
                "fastqc/raw/WT_REP2_raw_2_fastqc.zip",
                "fastqc/trim",
                "fastqc/trim/RAP1_IAA_30M_REP1_trimmed_1_fastqc.html",
                "fastqc/trim/RAP1_IAA_30M_REP1_trimmed_1_fastqc.zip",
                "fastqc/trim/RAP1_IAA_30M_REP1_trimmed_2_fastqc.html",
                "fastqc/trim/RAP1_IAA_30M_REP1_trimmed_2_fastqc.zip",
                "fastqc/trim/RAP1_UNINDUCED_REP1_trimmed_fastqc.html",
                "fastqc/trim/RAP1_UNINDUCED_REP1_trimmed_fastqc.zip",
                "fastqc/trim/RAP1_UNINDUCED_REP2_trimmed_fastqc.html",
                "fastqc/trim/RAP1_UNINDUCED_REP2_trimmed_fastqc.zip",
                "fastqc/trim/WT_REP1_trimmed_1_fastqc.html",
                "fastqc/trim/WT_REP1_trimmed_1_fastqc.zip",
                "fastqc/trim/WT_REP1_trimmed_2_fastqc.html",
                "fastqc/trim/WT_REP1_trimmed_2_fastqc.zip",
                "fastqc/trim/WT_REP2_trimmed_1_fastqc.html",
                "fastqc/trim/WT_REP2_trimmed_1_fastqc.zip",
                "fastqc/trim/WT_REP2_trimmed_2_fastqc.html",
                "fastqc/trim/WT_REP2_trimmed_2_fastqc.zip",
                "multiqc",
                "multiqc/RNASeq_multiqc_report.html",
                "multiqc/RNASeq_multiqc_report_data",
                "multiqc/RNASeq_multiqc_report_data/fastp-insert-size-plot.txt",
                "multiqc/RNASeq_multiqc_report_data/fastp-seq-content-gc-plot_Read_1_After_filtering.txt",
                "multiqc/RNASeq_multiqc_report_data/fastp-seq-content-gc-plot_Read_1_Before_filtering.txt",
                "multiqc/RNASeq_multiqc_report_data/fastp-seq-content-gc-plot_Read_2_After_filtering.txt",
                "multiqc/RNASeq_multiqc_report_data/fastp-seq-content-gc-plot_Read_2_Before_filtering.txt",
                "multiqc/RNASeq_multiqc_report_data/fastp-seq-content-n-plot_Read_1_After_filtering.txt",
                "multiqc/RNASeq_multiqc_report_data/fastp-seq-content-n-plot_Read_1_Before_filtering.txt",
                "multiqc/RNASeq_multiqc_report_data/fastp-seq-content-n-plot_Read_2_After_filtering.txt",
                "multiqc/RNASeq_multiqc_report_data/fastp-seq-content-n-plot_Read_2_Before_filtering.txt",
                "multiqc/RNASeq_multiqc_report_data/fastp-seq-quality-plot_Read_1_After_filtering.txt",
                "multiqc/RNASeq_multiqc_report_data/fastp-seq-quality-plot_Read_1_Before_filtering.txt",
                "multiqc/RNASeq_multiqc_report_data/fastp-seq-quality-plot_Read_2_After_filtering.txt",
                "multiqc/RNASeq_multiqc_report_data/fastp-seq-quality-plot_Read_2_Before_filtering.txt",
                "multiqc/RNASeq_multiqc_report_data/fastp_filtered_reads_plot.txt",
                "multiqc/RNASeq_multiqc_report_data/fastqc_sequence_length_distribution_plot.txt",
                "multiqc/RNASeq_multiqc_report_data/fastqc_trimmed-status-check-heatmap.txt",
                "multiqc/RNASeq_multiqc_report_data/fastqc_trimmed_overrepresented_sequences_plot.txt",
                "multiqc/RNASeq_multiqc_report_data/fastqc_trimmed_per_base_n_content_plot.txt",
                "multiqc/RNASeq_multiqc_report_data/fastqc_trimmed_per_base_sequence_quality_plot.txt",
                "multiqc/RNASeq_multiqc_report_data/fastqc_trimmed_per_sequence_gc_content_plot_Counts.txt",
                "multiqc/RNASeq_multiqc_report_data/fastqc_trimmed_per_sequence_gc_content_plot_Percentages.txt",
                "multiqc/RNASeq_multiqc_report_data/fastqc_trimmed_per_sequence_quality_scores_plot.txt",
                "multiqc/RNASeq_multiqc_report_data/fastqc_trimmed_sequence_counts_plot.txt",
                "multiqc/RNASeq_multiqc_report_data/fastqc_trimmed_sequence_duplication_levels_plot.txt",
                "multiqc/RNASeq_multiqc_report_data/fastqc_trimmed_top_overrepresented_sequences_table.txt",
                "multiqc/RNASeq_multiqc_report_data/featureCounts_assignment_plot.txt",
                "multiqc/RNASeq_multiqc_report_data/llms-full.txt",
                "multiqc/RNASeq_multiqc_report_data/multiqc.log",
                "multiqc/RNASeq_multiqc_report_data/multiqc.parquet",
                "multiqc/RNASeq_multiqc_report_data/multiqc_citations.txt",
                "multiqc/RNASeq_multiqc_report_data/multiqc_correlation_heatmap.txt",
                "multiqc/RNASeq_multiqc_report_data/multiqc_data.json",
                "multiqc/RNASeq_multiqc_report_data/multiqc_fastp_fastp.txt",
                "multiqc/RNASeq_multiqc_report_data/multiqc_fastqc_fastqc_trimmed.txt",
                "multiqc/RNASeq_multiqc_report_data/multiqc_featurecounts_biotype_plot.txt",
                "multiqc/RNASeq_multiqc_report_data/multiqc_featurecounts_featurecounts.txt",
                "multiqc/RNASeq_multiqc_report_data/multiqc_general_stats.txt",
                "multiqc/RNASeq_multiqc_report_data/multiqc_picard_RnaSeqMetrics_picard.txt",
                "multiqc/RNASeq_multiqc_report_data/multiqc_picard_dups_picard.txt",
                "multiqc/RNASeq_multiqc_report_data/multiqc_samtools_flagstat_samtools.txt",
                "multiqc/RNASeq_multiqc_report_data/multiqc_samtools_idxstats_samtools.txt",
                "multiqc/RNASeq_multiqc_report_data/multiqc_samtools_stats_samtools.txt",
                "multiqc/RNASeq_multiqc_report_data/multiqc_software_versions.txt",
                "multiqc/RNASeq_multiqc_report_data/multiqc_sources.txt",
                "multiqc/RNASeq_multiqc_report_data/multiqc_star_star.txt",
                "multiqc/RNASeq_multiqc_report_data/picard_MarkIlluminaAdapters_histogram_picard.txt",
                "multiqc/RNASeq_multiqc_report_data/picard_MeanQualityByCycle_histogram_picard.txt",
                "multiqc/RNASeq_multiqc_report_data/picard_MeanQualityByCycle_histogram_picard_1.txt",
                "multiqc/RNASeq_multiqc_report_data/picard_QualityScoreDistribution_histogram_picard.txt",
                "multiqc/RNASeq_multiqc_report_data/picard_deduplication.txt",
                "multiqc/RNASeq_multiqc_report_data/picard_rna_coverage.txt",
                "multiqc/RNASeq_multiqc_report_data/picard_rnaseqmetrics_assignment_plot.txt",
                "multiqc/RNASeq_multiqc_report_data/r_count_norm_data_r_count_norm.txt",
                "multiqc/RNASeq_multiqc_report_data/r_count_norm_metrics_Library_Size.txt",
                "multiqc/RNASeq_multiqc_report_data/r_count_norm_metrics_Normalization_Factor.txt",
                "multiqc/RNASeq_multiqc_report_data/samtools-flagstat-pct-table.txt",
                "multiqc/RNASeq_multiqc_report_data/samtools-flagstat-table.txt",
                "multiqc/RNASeq_multiqc_report_data/samtools-idxstats-mapped-reads-plot_Normalised_Counts.txt",
                "multiqc/RNASeq_multiqc_report_data/samtools-idxstats-mapped-reads-plot_Observed_over_Expected_Counts.txt",
                "multiqc/RNASeq_multiqc_report_data/samtools-idxstats-mapped-reads-plot_Raw_Counts.txt",
                "multiqc/RNASeq_multiqc_report_data/samtools-stats-dp.txt",
                "multiqc/RNASeq_multiqc_report_data/samtools_alignment_plot.txt",
                "multiqc/RNASeq_multiqc_report_data/star_alignment_plot.txt",
                "multiqc/RNASeq_multiqc_report_data/star_summary_table.txt",
                "multiqc/RNASeq_multiqc_report_plots",
                "multiqc/RNASeq_multiqc_report_plots/pdf",
                "multiqc/RNASeq_multiqc_report_plots/pdf/correlation_heatmap.pdf",
                "multiqc/RNASeq_multiqc_report_plots/pdf/fastp-insert-size-plot.pdf",
                "multiqc/RNASeq_multiqc_report_plots/pdf/fastp-seq-content-gc-plot_Read_1_After_filtering.pdf",
                "multiqc/RNASeq_multiqc_report_plots/pdf/fastp-seq-content-gc-plot_Read_1_Before_filtering.pdf",
                "multiqc/RNASeq_multiqc_report_plots/pdf/fastp-seq-content-gc-plot_Read_2_After_filtering.pdf",
                "multiqc/RNASeq_multiqc_report_plots/pdf/fastp-seq-content-gc-plot_Read_2_Before_filtering.pdf",
                "multiqc/RNASeq_multiqc_report_plots/pdf/fastp-seq-content-n-plot_Read_1_After_filtering.pdf",
                "multiqc/RNASeq_multiqc_report_plots/pdf/fastp-seq-content-n-plot_Read_1_Before_filtering.pdf",
                "multiqc/RNASeq_multiqc_report_plots/pdf/fastp-seq-content-n-plot_Read_2_After_filtering.pdf",
                "multiqc/RNASeq_multiqc_report_plots/pdf/fastp-seq-content-n-plot_Read_2_Before_filtering.pdf",
                "multiqc/RNASeq_multiqc_report_plots/pdf/fastp-seq-quality-plot_Read_1_After_filtering.pdf",
                "multiqc/RNASeq_multiqc_report_plots/pdf/fastp-seq-quality-plot_Read_1_Before_filtering.pdf",
                "multiqc/RNASeq_multiqc_report_plots/pdf/fastp-seq-quality-plot_Read_2_After_filtering.pdf",
                "multiqc/RNASeq_multiqc_report_plots/pdf/fastp-seq-quality-plot_Read_2_Before_filtering.pdf",
                "multiqc/RNASeq_multiqc_report_plots/pdf/fastp_filtered_reads_plot-cnt.pdf",
                "multiqc/RNASeq_multiqc_report_plots/pdf/fastp_filtered_reads_plot-pct.pdf",
                "multiqc/RNASeq_multiqc_report_plots/pdf/fastqc_sequence_length_distribution_plot.pdf",
                "multiqc/RNASeq_multiqc_report_plots/pdf/fastqc_trimmed-status-check-heatmap.pdf",
                "multiqc/RNASeq_multiqc_report_plots/pdf/fastqc_trimmed_overrepresented_sequences_plot.pdf",
                "multiqc/RNASeq_multiqc_report_plots/pdf/fastqc_trimmed_per_base_n_content_plot.pdf",
                "multiqc/RNASeq_multiqc_report_plots/pdf/fastqc_trimmed_per_base_sequence_quality_plot.pdf",
                "multiqc/RNASeq_multiqc_report_plots/pdf/fastqc_trimmed_per_sequence_gc_content_plot_Counts.pdf",
                "multiqc/RNASeq_multiqc_report_plots/pdf/fastqc_trimmed_per_sequence_gc_content_plot_Percentages.pdf",
                "multiqc/RNASeq_multiqc_report_plots/pdf/fastqc_trimmed_per_sequence_quality_scores_plot.pdf",
                "multiqc/RNASeq_multiqc_report_plots/pdf/fastqc_trimmed_sequence_counts_plot-cnt.pdf",
                "multiqc/RNASeq_multiqc_report_plots/pdf/fastqc_trimmed_sequence_counts_plot-pct.pdf",
                "multiqc/RNASeq_multiqc_report_plots/pdf/fastqc_trimmed_sequence_duplication_levels_plot.pdf",
                "multiqc/RNASeq_multiqc_report_plots/pdf/fastqc_trimmed_top_overrepresented_sequences_table.pdf",
                "multiqc/RNASeq_multiqc_report_plots/pdf/featureCounts_assignment_plot-cnt.pdf",
                "multiqc/RNASeq_multiqc_report_plots/pdf/featureCounts_assignment_plot-pct.pdf",
                "multiqc/RNASeq_multiqc_report_plots/pdf/featurecounts_biotype_plot-cnt.pdf",
                "multiqc/RNASeq_multiqc_report_plots/pdf/featurecounts_biotype_plot-pct.pdf",
                "multiqc/RNASeq_multiqc_report_plots/pdf/picard_deduplication-cnt.pdf",
                "multiqc/RNASeq_multiqc_report_plots/pdf/picard_deduplication-pct.pdf",
                "multiqc/RNASeq_multiqc_report_plots/pdf/picard_rna_coverage.pdf",
                "multiqc/RNASeq_multiqc_report_plots/pdf/picard_rnaseqmetrics_assignment_plot-cnt.pdf",
                "multiqc/RNASeq_multiqc_report_plots/pdf/picard_rnaseqmetrics_assignment_plot-pct.pdf",
                "multiqc/RNASeq_multiqc_report_plots/pdf/r_count_norm_metrics_Library_Size.pdf",
                "multiqc/RNASeq_multiqc_report_plots/pdf/r_count_norm_metrics_Normalization_Factor.pdf",
                "multiqc/RNASeq_multiqc_report_plots/pdf/samtools-flagstat-pct-table.pdf",
                "multiqc/RNASeq_multiqc_report_plots/pdf/samtools-flagstat-table.pdf",
                "multiqc/RNASeq_multiqc_report_plots/pdf/samtools-idxstats-mapped-reads-plot_Normalised_Counts-cnt.pdf",
                "multiqc/RNASeq_multiqc_report_plots/pdf/samtools-idxstats-mapped-reads-plot_Normalised_Counts-log.pdf",
                "multiqc/RNASeq_multiqc_report_plots/pdf/samtools-idxstats-mapped-reads-plot_Observed_over_Expected_Counts-cnt.pdf",
                "multiqc/RNASeq_multiqc_report_plots/pdf/samtools-idxstats-mapped-reads-plot_Observed_over_Expected_Counts-log.pdf",
                "multiqc/RNASeq_multiqc_report_plots/pdf/samtools-idxstats-mapped-reads-plot_Raw_Counts-cnt.pdf",
                "multiqc/RNASeq_multiqc_report_plots/pdf/samtools-idxstats-mapped-reads-plot_Raw_Counts-log.pdf",
                "multiqc/RNASeq_multiqc_report_plots/pdf/samtools-stats-dp.pdf",
                "multiqc/RNASeq_multiqc_report_plots/pdf/samtools_alignment_plot-cnt.pdf",
                "multiqc/RNASeq_multiqc_report_plots/pdf/samtools_alignment_plot-pct.pdf",
                "multiqc/RNASeq_multiqc_report_plots/pdf/star_alignment_plot-cnt.pdf",
                "multiqc/RNASeq_multiqc_report_plots/pdf/star_alignment_plot-pct.pdf",
                "multiqc/RNASeq_multiqc_report_plots/pdf/star_summary_table.pdf",
                "multiqc/RNASeq_multiqc_report_plots/png",
                "multiqc/RNASeq_multiqc_report_plots/png/correlation_heatmap.png",
                "multiqc/RNASeq_multiqc_report_plots/png/fastp-insert-size-plot.png",
                "multiqc/RNASeq_multiqc_report_plots/png/fastp-seq-content-gc-plot_Read_1_After_filtering.png",
                "multiqc/RNASeq_multiqc_report_plots/png/fastp-seq-content-gc-plot_Read_1_Before_filtering.png",
                "multiqc/RNASeq_multiqc_report_plots/png/fastp-seq-content-gc-plot_Read_2_After_filtering.png",
                "multiqc/RNASeq_multiqc_report_plots/png/fastp-seq-content-gc-plot_Read_2_Before_filtering.png",
                "multiqc/RNASeq_multiqc_report_plots/png/fastp-seq-content-n-plot_Read_1_After_filtering.png",
                "multiqc/RNASeq_multiqc_report_plots/png/fastp-seq-content-n-plot_Read_1_Before_filtering.png",
                "multiqc/RNASeq_multiqc_report_plots/png/fastp-seq-content-n-plot_Read_2_After_filtering.png",
                "multiqc/RNASeq_multiqc_report_plots/png/fastp-seq-content-n-plot_Read_2_Before_filtering.png",
                "multiqc/RNASeq_multiqc_report_plots/png/fastp-seq-quality-plot_Read_1_After_filtering.png",
                "multiqc/RNASeq_multiqc_report_plots/png/fastp-seq-quality-plot_Read_1_Before_filtering.png",
                "multiqc/RNASeq_multiqc_report_plots/png/fastp-seq-quality-plot_Read_2_After_filtering.png",
                "multiqc/RNASeq_multiqc_report_plots/png/fastp-seq-quality-plot_Read_2_Before_filtering.png",
                "multiqc/RNASeq_multiqc_report_plots/png/fastp_filtered_reads_plot-cnt.png",
                "multiqc/RNASeq_multiqc_report_plots/png/fastp_filtered_reads_plot-pct.png",
                "multiqc/RNASeq_multiqc_report_plots/png/fastqc_sequence_length_distribution_plot.png",
                "multiqc/RNASeq_multiqc_report_plots/png/fastqc_trimmed-status-check-heatmap.png",
                "multiqc/RNASeq_multiqc_report_plots/png/fastqc_trimmed_overrepresented_sequences_plot.png",
                "multiqc/RNASeq_multiqc_report_plots/png/fastqc_trimmed_per_base_n_content_plot.png",
                "multiqc/RNASeq_multiqc_report_plots/png/fastqc_trimmed_per_base_sequence_quality_plot.png",
                "multiqc/RNASeq_multiqc_report_plots/png/fastqc_trimmed_per_sequence_gc_content_plot_Counts.png",
                "multiqc/RNASeq_multiqc_report_plots/png/fastqc_trimmed_per_sequence_gc_content_plot_Percentages.png",
                "multiqc/RNASeq_multiqc_report_plots/png/fastqc_trimmed_per_sequence_quality_scores_plot.png",
                "multiqc/RNASeq_multiqc_report_plots/png/fastqc_trimmed_sequence_counts_plot-cnt.png",
                "multiqc/RNASeq_multiqc_report_plots/png/fastqc_trimmed_sequence_counts_plot-pct.png",
                "multiqc/RNASeq_multiqc_report_plots/png/fastqc_trimmed_sequence_duplication_levels_plot.png",
                "multiqc/RNASeq_multiqc_report_plots/png/fastqc_trimmed_top_overrepresented_sequences_table.png",
                "multiqc/RNASeq_multiqc_report_plots/png/featureCounts_assignment_plot-cnt.png",
                "multiqc/RNASeq_multiqc_report_plots/png/featureCounts_assignment_plot-pct.png",
                "multiqc/RNASeq_multiqc_report_plots/png/featurecounts_biotype_plot-cnt.png",
                "multiqc/RNASeq_multiqc_report_plots/png/featurecounts_biotype_plot-pct.png",
                "multiqc/RNASeq_multiqc_report_plots/png/picard_deduplication-cnt.png",
                "multiqc/RNASeq_multiqc_report_plots/png/picard_deduplication-pct.png",
                "multiqc/RNASeq_multiqc_report_plots/png/picard_rna_coverage.png",
                "multiqc/RNASeq_multiqc_report_plots/png/picard_rnaseqmetrics_assignment_plot-cnt.png",
                "multiqc/RNASeq_multiqc_report_plots/png/picard_rnaseqmetrics_assignment_plot-pct.png",
                "multiqc/RNASeq_multiqc_report_plots/png/r_count_norm_metrics_Library_Size.png",
                "multiqc/RNASeq_multiqc_report_plots/png/r_count_norm_metrics_Normalization_Factor.png",
                "multiqc/RNASeq_multiqc_report_plots/png/samtools-flagstat-pct-table.png",
                "multiqc/RNASeq_multiqc_report_plots/png/samtools-flagstat-table.png",
                "multiqc/RNASeq_multiqc_report_plots/png/samtools-idxstats-mapped-reads-plot_Normalised_Counts-cnt.png",
                "multiqc/RNASeq_multiqc_report_plots/png/samtools-idxstats-mapped-reads-plot_Normalised_Counts-log.png",
                "multiqc/RNASeq_multiqc_report_plots/png/samtools-idxstats-mapped-reads-plot_Observed_over_Expected_Counts-cnt.png",
                "multiqc/RNASeq_multiqc_report_plots/png/samtools-idxstats-mapped-reads-plot_Observed_over_Expected_Counts-log.png",
                "multiqc/RNASeq_multiqc_report_plots/png/samtools-idxstats-mapped-reads-plot_Raw_Counts-cnt.png",
                "multiqc/RNASeq_multiqc_report_plots/png/samtools-idxstats-mapped-reads-plot_Raw_Counts-log.png",
                "multiqc/RNASeq_multiqc_report_plots/png/samtools-stats-dp.png",
                "multiqc/RNASeq_multiqc_report_plots/png/samtools_alignment_plot-cnt.png",
                "multiqc/RNASeq_multiqc_report_plots/png/samtools_alignment_plot-pct.png",
                "multiqc/RNASeq_multiqc_report_plots/png/star_alignment_plot-cnt.png",
                "multiqc/RNASeq_multiqc_report_plots/png/star_alignment_plot-pct.png",
                "multiqc/RNASeq_multiqc_report_plots/png/star_summary_table.png",
                "multiqc/RNASeq_multiqc_report_plots/svg",
                "multiqc/RNASeq_multiqc_report_plots/svg/correlation_heatmap.svg",
                "multiqc/RNASeq_multiqc_report_plots/svg/fastp-insert-size-plot.svg",
                "multiqc/RNASeq_multiqc_report_plots/svg/fastp-seq-content-gc-plot_Read_1_After_filtering.svg",
                "multiqc/RNASeq_multiqc_report_plots/svg/fastp-seq-content-gc-plot_Read_1_Before_filtering.svg",
                "multiqc/RNASeq_multiqc_report_plots/svg/fastp-seq-content-gc-plot_Read_2_After_filtering.svg",
                "multiqc/RNASeq_multiqc_report_plots/svg/fastp-seq-content-gc-plot_Read_2_Before_filtering.svg",
                "multiqc/RNASeq_multiqc_report_plots/svg/fastp-seq-content-n-plot_Read_1_After_filtering.svg",
                "multiqc/RNASeq_multiqc_report_plots/svg/fastp-seq-content-n-plot_Read_1_Before_filtering.svg",
                "multiqc/RNASeq_multiqc_report_plots/svg/fastp-seq-content-n-plot_Read_2_After_filtering.svg",
                "multiqc/RNASeq_multiqc_report_plots/svg/fastp-seq-content-n-plot_Read_2_Before_filtering.svg",
                "multiqc/RNASeq_multiqc_report_plots/svg/fastp-seq-quality-plot_Read_1_After_filtering.svg",
                "multiqc/RNASeq_multiqc_report_plots/svg/fastp-seq-quality-plot_Read_1_Before_filtering.svg",
                "multiqc/RNASeq_multiqc_report_plots/svg/fastp-seq-quality-plot_Read_2_After_filtering.svg",
                "multiqc/RNASeq_multiqc_report_plots/svg/fastp-seq-quality-plot_Read_2_Before_filtering.svg",
                "multiqc/RNASeq_multiqc_report_plots/svg/fastp_filtered_reads_plot-cnt.svg",
                "multiqc/RNASeq_multiqc_report_plots/svg/fastp_filtered_reads_plot-pct.svg",
                "multiqc/RNASeq_multiqc_report_plots/svg/fastqc_sequence_length_distribution_plot.svg",
                "multiqc/RNASeq_multiqc_report_plots/svg/fastqc_trimmed-status-check-heatmap.svg",
                "multiqc/RNASeq_multiqc_report_plots/svg/fastqc_trimmed_overrepresented_sequences_plot.svg",
                "multiqc/RNASeq_multiqc_report_plots/svg/fastqc_trimmed_per_base_n_content_plot.svg",
                "multiqc/RNASeq_multiqc_report_plots/svg/fastqc_trimmed_per_base_sequence_quality_plot.svg",
                "multiqc/RNASeq_multiqc_report_plots/svg/fastqc_trimmed_per_sequence_gc_content_plot_Counts.svg",
                "multiqc/RNASeq_multiqc_report_plots/svg/fastqc_trimmed_per_sequence_gc_content_plot_Percentages.svg",
                "multiqc/RNASeq_multiqc_report_plots/svg/fastqc_trimmed_per_sequence_quality_scores_plot.svg",
                "multiqc/RNASeq_multiqc_report_plots/svg/fastqc_trimmed_sequence_counts_plot-cnt.svg",
                "multiqc/RNASeq_multiqc_report_plots/svg/fastqc_trimmed_sequence_counts_plot-pct.svg",
                "multiqc/RNASeq_multiqc_report_plots/svg/fastqc_trimmed_sequence_duplication_levels_plot.svg",
                "multiqc/RNASeq_multiqc_report_plots/svg/fastqc_trimmed_top_overrepresented_sequences_table.svg",
                "multiqc/RNASeq_multiqc_report_plots/svg/featureCounts_assignment_plot-cnt.svg",
                "multiqc/RNASeq_multiqc_report_plots/svg/featureCounts_assignment_plot-pct.svg",
                "multiqc/RNASeq_multiqc_report_plots/svg/featurecounts_biotype_plot-cnt.svg",
                "multiqc/RNASeq_multiqc_report_plots/svg/featurecounts_biotype_plot-pct.svg",
                "multiqc/RNASeq_multiqc_report_plots/svg/picard_deduplication-cnt.svg",
                "multiqc/RNASeq_multiqc_report_plots/svg/picard_deduplication-pct.svg",
                "multiqc/RNASeq_multiqc_report_plots/svg/picard_rna_coverage.svg",
                "multiqc/RNASeq_multiqc_report_plots/svg/picard_rnaseqmetrics_assignment_plot-cnt.svg",
                "multiqc/RNASeq_multiqc_report_plots/svg/picard_rnaseqmetrics_assignment_plot-pct.svg",
                "multiqc/RNASeq_multiqc_report_plots/svg/r_count_norm_metrics_Library_Size.svg",
                "multiqc/RNASeq_multiqc_report_plots/svg/r_count_norm_metrics_Normalization_Factor.svg",
                "multiqc/RNASeq_multiqc_report_plots/svg/samtools-flagstat-pct-table.svg",
                "multiqc/RNASeq_multiqc_report_plots/svg/samtools-flagstat-table.svg",
                "multiqc/RNASeq_multiqc_report_plots/svg/samtools-idxstats-mapped-reads-plot_Normalised_Counts-cnt.svg",
                "multiqc/RNASeq_multiqc_report_plots/svg/samtools-idxstats-mapped-reads-plot_Normalised_Counts-log.svg",
                "multiqc/RNASeq_multiqc_report_plots/svg/samtools-idxstats-mapped-reads-plot_Observed_over_Expected_Counts-cnt.svg",
                "multiqc/RNASeq_multiqc_report_plots/svg/samtools-idxstats-mapped-reads-plot_Observed_over_Expected_Counts-log.svg",
                "multiqc/RNASeq_multiqc_report_plots/svg/samtools-idxstats-mapped-reads-plot_Raw_Counts-cnt.svg",
                "multiqc/RNASeq_multiqc_report_plots/svg/samtools-idxstats-mapped-reads-plot_Raw_Counts-log.svg",
                "multiqc/RNASeq_multiqc_report_plots/svg/samtools-stats-dp.svg",
                "multiqc/RNASeq_multiqc_report_plots/svg/samtools_alignment_plot-cnt.svg",
                "multiqc/RNASeq_multiqc_report_plots/svg/samtools_alignment_plot-pct.svg",
                "multiqc/RNASeq_multiqc_report_plots/svg/star_alignment_plot-cnt.svg",
                "multiqc/RNASeq_multiqc_report_plots/svg/star_alignment_plot-pct.svg",
                "multiqc/RNASeq_multiqc_report_plots/svg/star_summary_table.svg",
                "pipeline_info",
                "pipeline_info/rnaseq_software_mqc_versions.yml",
                "quantification",
                "quantification/RAP1_IAA_30M_REP1.featureCounts.tsv",
                "quantification/RAP1_IAA_30M_REP1.featureCounts.tsv.summary",
                "quantification/RAP1_UNINDUCED_REP1.featureCounts.tsv",
                "quantification/RAP1_UNINDUCED_REP1.featureCounts.tsv.summary",
                "quantification/RAP1_UNINDUCED_REP2.featureCounts.tsv",
                "quantification/RAP1_UNINDUCED_REP2.featureCounts.tsv.summary",
                "quantification/WT_REP1.featureCounts.tsv",
                "quantification/WT_REP1.featureCounts.tsv.summary",
                "quantification/WT_REP2.featureCounts.tsv",
                "quantification/WT_REP2.featureCounts.tsv.summary",
                "quantification/biotypes",
                "quantification/biotypes/RAP1_IAA_30M_REP1.biotypes.tsv",
                "quantification/biotypes/RAP1_IAA_30M_REP1.biotypes.tsv.summary",
                "quantification/biotypes/RAP1_UNINDUCED_REP1.biotypes.tsv",
                "quantification/biotypes/RAP1_UNINDUCED_REP1.biotypes.tsv.summary",
                "quantification/biotypes/RAP1_UNINDUCED_REP2.biotypes.tsv",
                "quantification/biotypes/RAP1_UNINDUCED_REP2.biotypes.tsv.summary",
                "quantification/biotypes/WT_REP1.biotypes.tsv",
                "quantification/biotypes/WT_REP1.biotypes.tsv.summary",
                "quantification/biotypes/WT_REP2.biotypes.tsv",
                "quantification/biotypes/WT_REP2.biotypes.tsv.summary",
                "quantification/joined_matrix.tsv",
                "trimming",
                "trimming/RAP1_IAA_30M_REP1.fastp.html",
                "trimming/RAP1_IAA_30M_REP1.fastp.json",
                "trimming/RAP1_UNINDUCED_REP1.fastp.html",
                "trimming/RAP1_UNINDUCED_REP1.fastp.json",
                "trimming/RAP1_UNINDUCED_REP2.fastp.html",
                "trimming/RAP1_UNINDUCED_REP2.fastp.json",
                "trimming/WT_REP1.fastp.html",
                "trimming/WT_REP1.fastp.json",
                "trimming/WT_REP2.fastp.html",
                "trimming/WT_REP2.fastp.json",
                "trimming/log",
                "trimming/log/RAP1_IAA_30M_REP1.fastp.log",
                "trimming/log/RAP1_UNINDUCED_REP1.fastp.log",
                "trimming/log/RAP1_UNINDUCED_REP2.fastp.log",
                "trimming/log/WT_REP1.fastp.log",
                "trimming/log/WT_REP2.fastp.log"
            ],
            [
                "RAP1_IAA_30M_REP1.markdup.sorted.bam:md5,80a738b4792abd67e9501d7297d9365e",
                "RAP1_IAA_30M_REP1.markdup.sorted.bam.bai:md5,658f422a4a6a410a8b0480af166cec8b",
                "RAP1_UNINDUCED_REP1.markdup.sorted.bam:md5,8de9cb350cdcf93c43aca865d2f8e0d2",
                "RAP1_UNINDUCED_REP1.markdup.sorted.bam.bai:md5,535037f09e1e013cd62a19ab82a03c10",
                "RAP1_UNINDUCED_REP2.markdup.sorted.bam:md5,49d5b0da8dfef35633e5a0400a39ee69",
                "RAP1_UNINDUCED_REP2.markdup.sorted.bam.bai:md5,c0e32ccefb94676d9d325f763203b165",
                "WT_REP1.markdup.sorted.bam:md5,80e61acc82bcc48e3b2c3945de8bd6ee",
                "WT_REP1.markdup.sorted.bam.bai:md5,46642617beb8e33e75e178a01a4e574d",
                "WT_REP2.markdup.sorted.bam:md5,deed39fda5750ed481b1134d05c0f749",
                "WT_REP2.markdup.sorted.bam.bai:md5,ef367e838ad9e2645ea9c895f4c5147a",
                "RAP1_IAA_30M_REP1.Log.final.out:md5,a97b8251c4574ed2858b7847ba7e826c",
                "RAP1_IAA_30M_REP1.Log.out:md5,6357c5d66537f52d4e48757977b167df",
                "RAP1_IAA_30M_REP1.Log.progress.out:md5,3d3d7b17d9181f3a9c5495accd2c79ec",
                "RAP1_IAA_30M_REP1.SJ.out.tab:md5,90dc3f7c7c1de15f489d5d42c13ae915",
                "RAP1_UNINDUCED_REP1.Log.final.out:md5,81591e00f8236b4286925f441478b520",
                "RAP1_UNINDUCED_REP1.Log.out:md5,ffd190ac50405cc8729ed207f2fbc9dd",
                "RAP1_UNINDUCED_REP1.Log.progress.out:md5,e3e5268b1f23db4b854acac0864c1bfe",
                "RAP1_UNINDUCED_REP1.SJ.out.tab:md5,2287ecde18a395cda3a113e8fb14b6d9",
                "RAP1_UNINDUCED_REP2.Log.final.out:md5,62a8e92760d854657d8ef434f274fc04",
                "RAP1_UNINDUCED_REP2.Log.out:md5,ee6ec0abe05a999773379b13de890c79",
                "RAP1_UNINDUCED_REP2.Log.progress.out:md5,c067ef2fd6c76f6a549c012a21851a43",
                "RAP1_UNINDUCED_REP2.SJ.out.tab:md5,edd5d8c656ba1e28416dc5c24d3dd65b",
                "WT_REP1.Log.final.out:md5,6fb5bf93cb3e45f6270da0b4d483fde3",
                "WT_REP1.Log.out:md5,ef6694dea01bd5a4570c21abecb24856",
                "WT_REP1.Log.progress.out:md5,517b34a405c8f6ce703a2ed855e308a7",
                "WT_REP1.SJ.out.tab:md5,c081ac17ab84e442bcd25f138509531c",
                "WT_REP2.Log.final.out:md5,4311138697d1d4ee36bc27391eb77752",
                "WT_REP2.Log.out:md5,e42037f388d3beaae6735dd05cf1cde7",
                "WT_REP2.Log.progress.out:md5,7d66594f9911558031f16d6d4e8df8c5",
                "WT_REP2.SJ.out.tab:md5,425de60e6d534612ca03091d734a4490",
                "RAP1_IAA_30M_REP1.markdup.sorted.MarkDuplicates.metrics.txt:md5,29b898958a7e0959d05b1183eb2fbc60",
                "RAP1_IAA_30M_REP1.rna_metrics:md5,ff352af1b658202a97edce657828cc04",
                "RAP1_UNINDUCED_REP1.markdup.sorted.MarkDuplicates.metrics.txt:md5,189c55b8b9e7cc4200b502074469403d",
                "RAP1_UNINDUCED_REP1.rna_metrics:md5,ff511738f6b801170d6e22de34c61c06",
                "RAP1_UNINDUCED_REP2.markdup.sorted.MarkDuplicates.metrics.txt:md5,c455c409d14f51f7052b23955ad4ca47",
                "RAP1_UNINDUCED_REP2.rna_metrics:md5,cf498864e30fb4fdfd25e40b4729ee1c",
                "WT_REP1.markdup.sorted.MarkDuplicates.metrics.txt:md5,d0014192ae560cb5ee7e35d210bc0b93",
                "WT_REP1.rna_metrics:md5,d53a0549475120c38c22bee70edf696f",
                "WT_REP2.markdup.sorted.MarkDuplicates.metrics.txt:md5,4d8f523b673b26cc48aadfd0aea3b436",
                "WT_REP2.rna_metrics:md5,b635d01ba6d35712db0f073ac45eee85",
                "RAP1_IAA_30M_REP1.markdup.sorted.bam.flagstat:md5,87a0df3fd4d663e5f68c41dbd670e3ec",
                "RAP1_IAA_30M_REP1.markdup.sorted.bam.idxstats:md5,2fdef7a59e7cff3e919c42d80cf2a6a4",
                "RAP1_IAA_30M_REP1.markdup.sorted.bam.stats:md5,005991fd14daaef964463ad15f8ebc32",
                "RAP1_UNINDUCED_REP1.markdup.sorted.bam.flagstat:md5,f8e75c409aeba855ad64a57d93adbd00",
                "RAP1_UNINDUCED_REP1.markdup.sorted.bam.idxstats:md5,a12256948ecbef5d58cfa70512f189c1",
                "RAP1_UNINDUCED_REP1.markdup.sorted.bam.stats:md5,156ab361ba8a1af9f3b7fcf74c0555a0",
                "RAP1_UNINDUCED_REP2.markdup.sorted.bam.flagstat:md5,9eb5d985e4f8e69355b07ab77b0071b8",
                "RAP1_UNINDUCED_REP2.markdup.sorted.bam.idxstats:md5,4954becd5ec59a155ab4c377dae6249b",
                "RAP1_UNINDUCED_REP2.markdup.sorted.bam.stats:md5,99ec6b57f48af6b8ce075f4082c2beb3",
                "WT_REP1.markdup.sorted.bam.flagstat:md5,0801aa14aa4b1d6467888f703c817b1d",
                "WT_REP1.markdup.sorted.bam.idxstats:md5,7e75ac0dbfc6cfedd9ae71e5057dea67",
                "WT_REP1.markdup.sorted.bam.stats:md5,47ab90e744b21aa5f712a91023f97ac3",
                "WT_REP2.markdup.sorted.bam.flagstat:md5,61b7dfbe17bc828d09de76ef979c011a",
                "WT_REP2.markdup.sorted.bam.idxstats:md5,9236cccc51fedf77b48db53416ea3be2",
                "WT_REP2.markdup.sorted.bam.stats:md5,020ec2965ef592d2956ff4b99de180b6",
                "RAP1_IAA_30M_REP1.unmapped_1.fastq.gz:md5,47b60fa04019f8e4d1be5258c2c864bd",
                "RAP1_IAA_30M_REP1.unmapped_2.fastq.gz:md5,af5d5beb33e84eb8d4967b6419afcf37",
                "RAP1_UNINDUCED_REP1.unmapped_1.fastq.gz:md5,24e970edcf4cac25c6ee368ee545ffaa",
                "RAP1_UNINDUCED_REP2.unmapped_1.fastq.gz:md5,63f2f7d9ccdc1b0f619079267bc69439",
                "WT_REP1.unmapped_1.fastq.gz:md5,fc53f7ba259fa129e3d760b26a8c4f5a",
                "WT_REP1.unmapped_2.fastq.gz:md5,a98da1dda1f7604570c74f212d43c13f",
                "WT_REP2.unmapped_1.fastq.gz:md5,eb3116e07207b879a061c594006be2d3",
                "WT_REP2.unmapped_2.fastq.gz:md5,18bc6eb63b29a019bef24aeaaba20c11",
                "deseq2_summary.condition_RAP1_IAA_30M_vs_WT.txt:md5,8d1c823ea4c666bfd409635913330ea3",
                "deseq2_toptable.condition_RAP1_IAA_30M_vs_WT.txt:md5,48595716d772629c99f31bbaacbfa902",
                "gsea.condition_RAP1_IAA_30M_vs_WT.TOP_25.txt:md5,bc48c65c966c421fa0170a75e4ad65c7",
                "gsea.condition_RAP1_IAA_30M_vs_WT.s_cervisiae_genelist.pdf:md5,8b803487cadcf98e516a8907a4edc221",
                "gsea.condition_RAP1_IAA_30M_vs_WT.xlsx:md5,6ece629cb73e5e8ab4b2263ff52c5e56",
                "pvalue_hist.condition_RAP1_IAA_30M_vs_WT.pdf:md5,1e6a5eccd7173d6125d78a44ee364131",
                "volcano.condition_RAP1_IAA_30M_vs_WT.pdf:md5,52a02569c0325b1181c5625801540f37",
                "deseq2_summary.condition_RAP1_UNINDUCED_vs_WT.txt:md5,d6f57dca7218a55173f3f8b28d06244b",
                "deseq2_toptable.condition_RAP1_UNINDUCED_vs_WT.txt:md5,0acd4d2e3b0a229e855f6ddb54a9b113",
                "gsea.condition_RAP1_UNINDUCED_vs_WT.TOP_25.txt:md5,c3925388483839572aeb6224c972dd4b",
                "gsea.condition_RAP1_UNINDUCED_vs_WT.s_cervisiae_genelist.pdf:md5,a31635f543256e22bbedfa1b4cb9b79b",
                "gsea.condition_RAP1_UNINDUCED_vs_WT.xlsx:md5,a5fa97b4f67e8519181bb42068aeef87",
                "pvalue_hist.condition_RAP1_UNINDUCED_vs_WT.pdf:md5,612e75c47e6d63fb4e71c809cc03ff73",
                "volcano.condition_RAP1_UNINDUCED_vs_WT.pdf:md5,a2cdb6205cdd9cba4ae1d2c105d247ed",
                "dea_joined_matrix_summary.txt:md5,e50f76c55a76c7a478e89c63e59637e7",
                "MDS_scoreplots.pdf:md5,504d3759fd91feee66881b86ad832211",
                "MDS_scores.txt:md5,0246c09b2f16f1784ab8e1f67a757447",
                "PC1_vs_PC2_scoreplots.pdf:md5,1d0f69dea5f00b4cf7dc910d81a9ace5",
                "PC3_vs_PC4_scoreplots.pdf:md5,6660c40b7be506818fb60a039e324392",
                "PCA_explained_variance.txt:md5,b28db9ee9a96f59edb52e9f1e32299fc",
                "PCA_scores.txt:md5,d66917a437eba7a806767769525295af",
                "heatmap_control_genes.pdf:md5,f78e40666bafd775a3ecd8ad4165629c",
                "heatmap_control_genes_mqc.png:md5,8a4cfcd32015f20d03a22d210a41c1ca",
                "joined_matrix.rds:md5,57d163bdfc5094ae15e001ec25f9b6ee",
                "cpm.txt:md5,d3ca7cb26228506da303bca93492303a",
                "lib_size_factors.txt:md5,bba2cddbefa5ae6e006ac4daf59e46ec",
                "log.norm.rpkm.txt:md5,63e109efc619fc1fced692844b62f484",
                "samples_correlation_heatmap.pdf:md5,be7e21bf6bf957afcaebff6ad39da860",
                "samples_correlation_heatmap_mqc.png:md5,57d3333d015b21130ce04165f8678c3c",
                "samples_correlation_table.txt:md5,eb8fe5b6c3bbe08796b619c1aba88c7e",
                "RAP1_IAA_30M_REP1_raw_1_fastqc.html:md5,419442aea4ee3317fa028bd25805565f",
                "RAP1_IAA_30M_REP1_raw_1_fastqc.zip:md5,aff7b71877edf45a30865d2efa8bd68b",
                "RAP1_IAA_30M_REP1_raw_2_fastqc.html:md5,fba3eed3f8dab266f4a3434639262f84",
                "RAP1_IAA_30M_REP1_raw_2_fastqc.zip:md5,974048868503b8a84a126811816cbd57",
                "RAP1_UNINDUCED_REP1_raw_fastqc.html:md5,84adb6c0823820f8e55257c44ded4559",
                "RAP1_UNINDUCED_REP1_raw_fastqc.zip:md5,7ad28afaaece93e106f7f867e764e153",
                "RAP1_UNINDUCED_REP2_raw_fastqc.html:md5,5922269a053bdbaceaa43e18dc5dc31c",
                "RAP1_UNINDUCED_REP2_raw_fastqc.zip:md5,85d60a7342f92fc89d7ac232d0d4a794",
                "WT_REP1_raw_1_fastqc.html:md5,15bb2f9e6e922e933193d5101749afca",
                "WT_REP1_raw_1_fastqc.zip:md5,7d986886c1ce5e93266a0d406d44d493",
                "WT_REP1_raw_2_fastqc.html:md5,15cf695a6f19a738ba85ff0ae2d9c031",
                "WT_REP1_raw_2_fastqc.zip:md5,aee1c5d7773c7c5165b87a90eefd0e4b",
                "WT_REP2_raw_1_fastqc.html:md5,5fd731aebe615685fddf163d9cfd6b9e",
                "WT_REP2_raw_1_fastqc.zip:md5,5927c4ba83ad70be8f48e6835cfbb200",
                "WT_REP2_raw_2_fastqc.html:md5,412ed6b6e2674a6a766471167efe3339",
                "WT_REP2_raw_2_fastqc.zip:md5,834e62a95dd78403db90dd4fad191258",
                "RAP1_IAA_30M_REP1_trimmed_1_fastqc.html:md5,060bc38ae628d73de5e4da0d912b87ea",
                "RAP1_IAA_30M_REP1_trimmed_1_fastqc.zip:md5,72e9ec937336d2952cf61a760a91bc06",
                "RAP1_IAA_30M_REP1_trimmed_2_fastqc.html:md5,0a270db58087b8338ebec1d07679b243",
                "RAP1_IAA_30M_REP1_trimmed_2_fastqc.zip:md5,9a8d84b59140dda124d1a9636fc81f49",
                "RAP1_UNINDUCED_REP1_trimmed_fastqc.html:md5,02e376879457e32905f327aa9f5568e2",
                "RAP1_UNINDUCED_REP1_trimmed_fastqc.zip:md5,a961b6102b8fd8b0dc173fb9b1d77675",
                "RAP1_UNINDUCED_REP2_trimmed_fastqc.html:md5,0f4f7a4c37aa9f38861001e59f1fdbec",
                "RAP1_UNINDUCED_REP2_trimmed_fastqc.zip:md5,9a2b972cede4c1f40a53b1fdb950da33",
                "WT_REP1_trimmed_1_fastqc.html:md5,73e97d3c1deef7f9a4a9f1077ff0cc6a",
                "WT_REP1_trimmed_1_fastqc.zip:md5,bdab8befc36298104c8e7d1caa0e6a66",
                "WT_REP1_trimmed_2_fastqc.html:md5,92485841b94f1eff00e1a7f1c11f1a4a",
                "WT_REP1_trimmed_2_fastqc.zip:md5,72e3dca5eff4d66d0c12a1e5b49143ee",
                "WT_REP2_trimmed_1_fastqc.html:md5,4ce98a8d88b48e5998ef54c8206e6cb9",
                "WT_REP2_trimmed_1_fastqc.zip:md5,9ff7c620c0394ab963c84ce924f006d1",
                "WT_REP2_trimmed_2_fastqc.html:md5,eab8f2051fdb605d4b5975e78d076ed1",
                "WT_REP2_trimmed_2_fastqc.zip:md5,5a7b37a6b68fb9b83c31cd8a3fbf4140",
                "RNASeq_multiqc_report.html:md5,7867e93aae9685aec04700152cc6661e",
                "fastp-insert-size-plot.txt:md5,585d09da47c0a078c3b162ea6c19b20f",
                "fastp-seq-content-gc-plot_Read_1_After_filtering.txt:md5,22cb91158e324b81cd271e68bf702ede",
                "fastp-seq-content-gc-plot_Read_1_Before_filtering.txt:md5,bc4a3bce20f59e418b36b545a39e0c40",
                "fastp-seq-content-gc-plot_Read_2_After_filtering.txt:md5,11f1903b99156f660e2bf8560a2f7b9e",
                "fastp-seq-content-gc-plot_Read_2_Before_filtering.txt:md5,ab35e77f5c2cb23ab2ac0dc386398a9b",
                "fastp-seq-content-n-plot_Read_1_After_filtering.txt:md5,2853b3593d2cc2dc5e68896d66882700",
                "fastp-seq-content-n-plot_Read_1_Before_filtering.txt:md5,165205d6cd34646c7fd9c518789434ce",
                "fastp-seq-content-n-plot_Read_2_After_filtering.txt:md5,7b2629fc25610070605e0cd3be635b62",
                "fastp-seq-content-n-plot_Read_2_Before_filtering.txt:md5,73553546542a53890271a0286c32ac31",
                "fastp-seq-quality-plot_Read_1_After_filtering.txt:md5,91843f70f3e6ed2e0cb582fbc49c6e7d",
                "fastp-seq-quality-plot_Read_1_Before_filtering.txt:md5,da3aa7bbf976fa04d4cb1fb09f60101b",
                "fastp-seq-quality-plot_Read_2_After_filtering.txt:md5,44db75068cbb7dfca62e3c5b0d82b95c",
                "fastp-seq-quality-plot_Read_2_Before_filtering.txt:md5,1c540464171036a1f4edc1f4fc0e8be4",
                "fastp_filtered_reads_plot.txt:md5,6f4ec31b0383cfe5cb3ef087d5f39911",
                "fastqc_sequence_length_distribution_plot.txt:md5,444a8eb91a9e8fbae89e4714007599d4",
                "fastqc_trimmed-status-check-heatmap.txt:md5,57d11b7530fc58866688861662e94116",
                "fastqc_trimmed_overrepresented_sequences_plot.txt:md5,22e498685b301157275fcd5310d3adba",
                "fastqc_trimmed_per_base_n_content_plot.txt:md5,0bd72a73b02b18ec8ee8f2897faf03b5",
                "fastqc_trimmed_per_base_sequence_quality_plot.txt:md5,3b0dae19a38f43903a08f10d7731982c",
                "fastqc_trimmed_per_sequence_gc_content_plot_Counts.txt:md5,7cb1cfa32ed85cfad34a052c481a181d",
                "fastqc_trimmed_per_sequence_gc_content_plot_Percentages.txt:md5,ab87a60be17e17b96e2431c5a076dca9",
                "fastqc_trimmed_per_sequence_quality_scores_plot.txt:md5,4043f33c4394548b096ff4e06d59045d",
                "fastqc_trimmed_sequence_counts_plot.txt:md5,4f53c5bae7e605910c29218f89f18737",
                "fastqc_trimmed_sequence_duplication_levels_plot.txt:md5,e7775cdc14942fdaf45bfd7a3c2088b5",
                "fastqc_trimmed_top_overrepresented_sequences_table.txt:md5,90b38fb44c17134388a235ee8c3b3d6d",
                "featureCounts_assignment_plot.txt:md5,f2ffe747c192a4f7c2fd82f7c56dcd94",
                "llms-full.txt:md5,39984783a0330c505ca9be9568b7f8a6",
                "multiqc.log:md5,5dbd0ee73f4216a217fb061e9ac35d64",
                "multiqc.parquet:md5,404f843be090fbd6ff62dfc2c97094a1",
                "multiqc_citations.txt:md5,bc7d9168f5b8f1ab3738cbb9af3b9e81",
                "multiqc_correlation_heatmap.txt:md5,9de215be214d67d586f02444656ab4b8",
                "multiqc_data.json:md5,1acbf5efafdf02b892b2469985780a99",
                "multiqc_fastp_fastp.txt:md5,055336fc21781c15f0518c9560d4c1f2",
                "multiqc_fastqc_fastqc_trimmed.txt:md5,a62da316ac45548e5341876028027ad5",
                "multiqc_featurecounts_biotype_plot.txt:md5,6d985bff7210970cacc0d92a3ab110ab",
                "multiqc_featurecounts_featurecounts.txt:md5,e2d4f5ae81983482cc1dc70e3a2e02f0",
                "multiqc_general_stats.txt:md5,d6ac6bdae248b55d51d499a112f7e6a1",
                "multiqc_picard_RnaSeqMetrics_picard.txt:md5,3862dc5686726bd524c8a3cc3c2e8c09",
                "multiqc_picard_dups_picard.txt:md5,dfb2369d758c6335f3ef8bac491292f0",
                "multiqc_samtools_flagstat_samtools.txt:md5,8c8d1734472d4beb8e32b275ef3f47a5",
                "multiqc_samtools_idxstats_samtools.txt:md5,9c0d2739bfbc6996635413748b4d9f65",
                "multiqc_samtools_stats_samtools.txt:md5,112cf84c8d4fbd7639018b84084f7787",
                "multiqc_software_versions.txt:md5,9658d89843e1dd3df9a92b4c77f2c9bf",
                "multiqc_sources.txt:md5,774e472069af83064c8942b385a645ee",
                "multiqc_star_star.txt:md5,6a5843953e6538c7e0a7c6a9087c00f8",
                "picard_MarkIlluminaAdapters_histogram_picard.txt:md5,d41d8cd98f00b204e9800998ecf8427e",
                "picard_MeanQualityByCycle_histogram_picard.txt:md5,d41d8cd98f00b204e9800998ecf8427e",
                "picard_MeanQualityByCycle_histogram_picard_1.txt:md5,d41d8cd98f00b204e9800998ecf8427e",
                "picard_QualityScoreDistribution_histogram_picard.txt:md5,d41d8cd98f00b204e9800998ecf8427e",
                "picard_deduplication.txt:md5,6b5846de4a2f26b5a3ae21db1c6ab09a",
                "picard_rna_coverage.txt:md5,8aea04603e56c50f536482258f1a2daf",
                "picard_rnaseqmetrics_assignment_plot.txt:md5,8c1ebf23347d7110b6bef1d207bf227c",
                "r_count_norm_data_r_count_norm.txt:md5,4c5f85da6489f33c29ac44d809414738",
                "r_count_norm_metrics_Library_Size.txt:md5,f61999f0d73b5403f946e0707e3db445",
                "r_count_norm_metrics_Normalization_Factor.txt:md5,ceaa149303067fb579fe231002f0d873",
                "samtools-flagstat-pct-table.txt:md5,831dc4b2cc4ea8d0cf79f27ebf51e257",
                "samtools-flagstat-table.txt:md5,e440d8c7ddf166c02d094b7419160288",
                "samtools-idxstats-mapped-reads-plot_Normalised_Counts.txt:md5,75acd04232d1804b5f960ee4c5db4722",
                "samtools-idxstats-mapped-reads-plot_Observed_over_Expected_Counts.txt:md5,75acd04232d1804b5f960ee4c5db4722",
                "samtools-idxstats-mapped-reads-plot_Raw_Counts.txt:md5,fd279e3b990c92aad41981a5a693e147",
                "samtools-stats-dp.txt:md5,234d5390b6e6fb4bea21cfe82bf86e91",
                "samtools_alignment_plot.txt:md5,f6a3e6d717fb9030e4bab076b7b9e0c4",
                "star_alignment_plot.txt:md5,81e5efc094c7133a74318d4587b5fde2",
                "star_summary_table.txt:md5,7554e3965f171f21a4fd89a2182f9522",
                "correlation_heatmap.pdf:md5,d168d636d9ea16e0005e845a2816dbc9",
                "fastp-insert-size-plot.pdf:md5,64fb9a38ce1335606ea335d6989757d0",
                "fastp-seq-content-gc-plot_Read_1_After_filtering.pdf:md5,0b90608167f2bb63f17eaacae17cc35c",
                "fastp-seq-content-gc-plot_Read_1_Before_filtering.pdf:md5,38f60b0a8fb50190463c2463e1f32b93",
                "fastp-seq-content-gc-plot_Read_2_After_filtering.pdf:md5,0b683d6192858fd2228ca2395255af99",
                "fastp-seq-content-gc-plot_Read_2_Before_filtering.pdf:md5,1bf68bb9f41df0769303f9accdcf15cc",
                "fastp-seq-content-n-plot_Read_1_After_filtering.pdf:md5,4c70efabca7fabfd5a99915d9724a5ab",
                "fastp-seq-content-n-plot_Read_1_Before_filtering.pdf:md5,c69d4d9cc2f980c265deac3be73a7f60",
                "fastp-seq-content-n-plot_Read_2_After_filtering.pdf:md5,d32ab12638bc17892da4328a9380fc72",
                "fastp-seq-content-n-plot_Read_2_Before_filtering.pdf:md5,e930fedad2578171146c6aa97f41ce4d",
                "fastp-seq-quality-plot_Read_1_After_filtering.pdf:md5,0bac28a8a412d575af0c122941768450",
                "fastp-seq-quality-plot_Read_1_Before_filtering.pdf:md5,125075209e7ab004e795a7b18e8dec5f",
                "fastp-seq-quality-plot_Read_2_After_filtering.pdf:md5,ab4381524389a95c7d70c4279eb2722e",
                "fastp-seq-quality-plot_Read_2_Before_filtering.pdf:md5,0bd70a1eaff1acc45bdc0bcef80078cb",
                "fastp_filtered_reads_plot-cnt.pdf:md5,2233290c04d9b99237eabcc482d1124f",
                "fastp_filtered_reads_plot-pct.pdf:md5,21d559328dba7803f659dff411e81f34",
                "fastqc_sequence_length_distribution_plot.pdf:md5,566c3b1d5f0efc5efca499a3c65690e9",
                "fastqc_trimmed-status-check-heatmap.pdf:md5,141073e92c5f5bf18a83580d6471cf46",
                "fastqc_trimmed_overrepresented_sequences_plot.pdf:md5,a43c6d147c4994f62d236e466b88f940",
                "fastqc_trimmed_per_base_n_content_plot.pdf:md5,dd763400a40d3e62d71e15fc30ac505e",
                "fastqc_trimmed_per_base_sequence_quality_plot.pdf:md5,3a8b80d62b97e3b922183409280dcdad",
                "fastqc_trimmed_per_sequence_gc_content_plot_Counts.pdf:md5,50688e1c10386913928b36a20c50172b",
                "fastqc_trimmed_per_sequence_gc_content_plot_Percentages.pdf:md5,9e5e1cf54dcc602e535338b9f70e3bc6",
                "fastqc_trimmed_per_sequence_quality_scores_plot.pdf:md5,7853bb49b8b07de92f149fe8f2342b0a",
                "fastqc_trimmed_sequence_counts_plot-cnt.pdf:md5,dc5d65107765f39cf99774641c9397ed",
                "fastqc_trimmed_sequence_counts_plot-pct.pdf:md5,aefb34f9137551530af0e51d7cf19814",
                "fastqc_trimmed_sequence_duplication_levels_plot.pdf:md5,50564d17e09361734bdd07a9a8ac4fab",
                "fastqc_trimmed_top_overrepresented_sequences_table.pdf:md5,33dc99cd686a922476ea161411512bd9",
                "featureCounts_assignment_plot-cnt.pdf:md5,294fe9d72465160b3565942ac5592633",
                "featureCounts_assignment_plot-pct.pdf:md5,203fb787023aff0695529a18cf5fed13",
                "featurecounts_biotype_plot-cnt.pdf:md5,328701d03fbfe1b00dffc73baac39d16",
                "featurecounts_biotype_plot-pct.pdf:md5,220c54c8505a102a0b95de7e7623f779",
                "picard_deduplication-cnt.pdf:md5,cf900c42e1f8e69a50749b89c9c29e58",
                "picard_deduplication-pct.pdf:md5,c0198ef3099f79f8a6eeb12a5ea276d1",
                "picard_rna_coverage.pdf:md5,61cadb21a431d5f84d4353c90eac207f",
                "picard_rnaseqmetrics_assignment_plot-cnt.pdf:md5,9389beed2013a5b149f8c6b13cae50c5",
                "picard_rnaseqmetrics_assignment_plot-pct.pdf:md5,0026da6b12b1782ed27fbf3785c49173",
                "r_count_norm_metrics_Library_Size.pdf:md5,11de5273c20c4e0781bdafec6bb07b21",
                "r_count_norm_metrics_Normalization_Factor.pdf:md5,19eafdfec44847bad3b0c3b56a88f302",
                "samtools-flagstat-pct-table.pdf:md5,5cfa52ae1ffbbc7af541c4fa85a8a3c9",
                "samtools-flagstat-table.pdf:md5,7838a3e68d5f59bc25a5dbc8ba41e345",
                "samtools-idxstats-mapped-reads-plot_Normalised_Counts-cnt.pdf:md5,b6cf60425980783ba9e9f18d04a8daf8",
                "samtools-idxstats-mapped-reads-plot_Normalised_Counts-log.pdf:md5,98b9503daae7318be7ce739979dc4151",
                "samtools-idxstats-mapped-reads-plot_Observed_over_Expected_Counts-cnt.pdf:md5,a0eb2c8189dac0b2d34644472bf97117",
                "samtools-idxstats-mapped-reads-plot_Observed_over_Expected_Counts-log.pdf:md5,90678084a11bffee1f4b4ca22cef1df9",
                "samtools-idxstats-mapped-reads-plot_Raw_Counts-cnt.pdf:md5,fcb049b185c6469386533a54f4b08654",
                "samtools-idxstats-mapped-reads-plot_Raw_Counts-log.pdf:md5,6dc725620524d6dede63c238137b4c60",
                "samtools-stats-dp.pdf:md5,642fd0efa7a1ce6b17d0164031e17633",
                "samtools_alignment_plot-cnt.pdf:md5,8666c80f525fc51e01d27e559dda8ef4",
                "samtools_alignment_plot-pct.pdf:md5,66c10610b2f203b0c91d775a56b39de0",
                "star_alignment_plot-cnt.pdf:md5,d5ebb17585c17a566638e2d796bb2c1c",
                "star_alignment_plot-pct.pdf:md5,cddb06822fb4b118411426e2cb95c0d3",
                "star_summary_table.pdf:md5,7dea30a93037d681e6fcce41808f21d5",
                "correlation_heatmap.png:md5,0d00529bd340825c4aa9a4d16c8c014b",
                "fastp-insert-size-plot.png:md5,9b9c98f37c3f6bdb7bb1a9c629305222",
                "fastp-seq-content-gc-plot_Read_1_After_filtering.png:md5,fdb97897331322e981e4adaa7904d54e",
                "fastp-seq-content-gc-plot_Read_1_Before_filtering.png:md5,f11e22f74630148c5bc902433118b165",
                "fastp-seq-content-gc-plot_Read_2_After_filtering.png:md5,da8c60a33f8b1a4522c3aa7ec27e5a41",
                "fastp-seq-content-gc-plot_Read_2_Before_filtering.png:md5,ec867e418a3687c9ee333db39d08f230",
                "fastp-seq-content-n-plot_Read_1_After_filtering.png:md5,05a0869baf3f149f0d1376d018495cc6",
                "fastp-seq-content-n-plot_Read_1_Before_filtering.png:md5,07e8ff1e381aeab8033ac9962c78debe",
                "fastp-seq-content-n-plot_Read_2_After_filtering.png:md5,442418310d5151eee930a90a30f865b8",
                "fastp-seq-content-n-plot_Read_2_Before_filtering.png:md5,48e1c899cc120cd977a8c959e27db679",
                "fastp-seq-quality-plot_Read_1_After_filtering.png:md5,49d15ad589bed1257e60fce891663c8a",
                "fastp-seq-quality-plot_Read_1_Before_filtering.png:md5,59e723a79720a8c3ba5b1f867d05ad11",
                "fastp-seq-quality-plot_Read_2_After_filtering.png:md5,8328f7a52e484c903f66df9fb8f5b03c",
                "fastp-seq-quality-plot_Read_2_Before_filtering.png:md5,d5d3ee1d5976cf74e72ebf91d59c80a1",
                "fastp_filtered_reads_plot-cnt.png:md5,4b392706cb78baa4e352dad6cb93fafd",
                "fastp_filtered_reads_plot-pct.png:md5,64d2a3d8baebc3f65b28132c6c56e74c",
                "fastqc_sequence_length_distribution_plot.png:md5,adb4252be49bb8ebff9714a7981fad2a",
                "fastqc_trimmed-status-check-heatmap.png:md5,2db6513230ba4d065954241ba063dba2",
                "fastqc_trimmed_overrepresented_sequences_plot.png:md5,46b20ae3a7145de530070ca62815d9ea",
                "fastqc_trimmed_per_base_n_content_plot.png:md5,3bbf6f667500aabbd92511c4a2d91c54",
                "fastqc_trimmed_per_base_sequence_quality_plot.png:md5,08e5c3e5077b017dcfbced03566f93f6",
                "fastqc_trimmed_per_sequence_gc_content_plot_Counts.png:md5,6aaebe98850141b8da96d5c15a004c3f",
                "fastqc_trimmed_per_sequence_gc_content_plot_Percentages.png:md5,00d89a4efeb36f03281411762b9207e2",
                "fastqc_trimmed_per_sequence_quality_scores_plot.png:md5,330ec09777fbbfa5eb36972b5033aa0f",
                "fastqc_trimmed_sequence_counts_plot-cnt.png:md5,aef611cd1da0e821318f20c32be309ad",
                "fastqc_trimmed_sequence_counts_plot-pct.png:md5,53823fc7fa23ced7b6f9a6a0160d5efe",
                "fastqc_trimmed_sequence_duplication_levels_plot.png:md5,3c41bfd0935703eb679e4416d50e23f0",
                "fastqc_trimmed_top_overrepresented_sequences_table.png:md5,3afcfdc91ab8331e41978059b08dac4f",
                "featureCounts_assignment_plot-cnt.png:md5,5af078210373c3d9d71af2ca5a9abaf1",
                "featureCounts_assignment_plot-pct.png:md5,722485d1127422529c549ebda358ee40",
                "featurecounts_biotype_plot-cnt.png:md5,d165d34fc8edca9a696486040c71e5c9",
                "featurecounts_biotype_plot-pct.png:md5,fc51ab505a4cef965758288eabdaf204",
                "picard_deduplication-cnt.png:md5,df676073d0e0adaa398e432cd2c04376",
                "picard_deduplication-pct.png:md5,a42214b78b077983ef07b0aaa4e947b8",
                "picard_rna_coverage.png:md5,c0faac61be9313287740270f870f501f",
                "picard_rnaseqmetrics_assignment_plot-cnt.png:md5,bb8fabf7a633e00add509c477d3b1786",
                "picard_rnaseqmetrics_assignment_plot-pct.png:md5,13b24f750ff2cb690759d7c34f10defc",
                "r_count_norm_metrics_Library_Size.png:md5,526fbdbc9d45a01e8a6272315d75bcbf",
                "r_count_norm_metrics_Normalization_Factor.png:md5,85103b1a79d83cbd4345f0a810165566",
                "samtools-flagstat-pct-table.png:md5,b235045721e409949884d6835da3c503",
                "samtools-flagstat-table.png:md5,ec98c92bc95f0bcf13208fbd921c7ad3",
                "samtools-idxstats-mapped-reads-plot_Normalised_Counts-cnt.png:md5,d1f7156ce54a1aa593de0e496c38cfd2",
                "samtools-idxstats-mapped-reads-plot_Normalised_Counts-log.png:md5,1f8ab25a05a26d01daae3f803297d2a4",
                "samtools-idxstats-mapped-reads-plot_Observed_over_Expected_Counts-cnt.png:md5,46bf195d95ae4d4dfa17d3f421e513b2",
                "samtools-idxstats-mapped-reads-plot_Observed_over_Expected_Counts-log.png:md5,813c62d4fac0e45f8f77a4c7cede07c5",
                "samtools-idxstats-mapped-reads-plot_Raw_Counts-cnt.png:md5,4e73f27e2445fb06b384f92e62e214a4",
                "samtools-idxstats-mapped-reads-plot_Raw_Counts-log.png:md5,f95ed3ce9c07458178f0b60cca9ab5f4",
                "samtools-stats-dp.png:md5,6d245ea3154d9485de85214b0f1d6680",
                "samtools_alignment_plot-cnt.png:md5,4954878fad53ef820f46c8df4bb0297e",
                "samtools_alignment_plot-pct.png:md5,6297ab0d58d2cddeb98796af8b5fa01f",
                "star_alignment_plot-cnt.png:md5,eea1bf25b653eb10a9e526e27c615dce",
                "star_alignment_plot-pct.png:md5,5380f3d7afbb4be100afc8f1ff2eef5f",
                "star_summary_table.png:md5,28c3bc02c210fc6e60f0c020dcb4a8a0",
                "correlation_heatmap.svg:md5,58eb71d762c1d2ed1e35293407091ff7",
                "fastp-insert-size-plot.svg:md5,28593a4b531a56e64c64b08f57120d20",
                "fastp-seq-content-gc-plot_Read_1_After_filtering.svg:md5,093b00594856489f0c0a5daaff08a5f5",
                "fastp-seq-content-gc-plot_Read_1_Before_filtering.svg:md5,2dbbfaec1ee4e2891fd16e2583ec287d",
                "fastp-seq-content-gc-plot_Read_2_After_filtering.svg:md5,12b2a24ee8a3f126e150b81d693d34d4",
                "fastp-seq-content-gc-plot_Read_2_Before_filtering.svg:md5,bebd51c652798508fa67b3f596e6fb28",
                "fastp-seq-content-n-plot_Read_1_After_filtering.svg:md5,d42f65bde3001ff46ad0f045ecd0292a",
                "fastp-seq-content-n-plot_Read_1_Before_filtering.svg:md5,e7fd5afef51c1b32f6b4003fda0e2acc",
                "fastp-seq-content-n-plot_Read_2_After_filtering.svg:md5,cf3c2b10db502a0c3e8f118f5ceac656",
                "fastp-seq-content-n-plot_Read_2_Before_filtering.svg:md5,60f4e015627116c9f738012fa3ee4ecc",
                "fastp-seq-quality-plot_Read_1_After_filtering.svg:md5,5e84781db783d313ab22d276286e754d",
                "fastp-seq-quality-plot_Read_1_Before_filtering.svg:md5,d3d6c96d1774805a9a6d391b716f4348",
                "fastp-seq-quality-plot_Read_2_After_filtering.svg:md5,f104cdfd383be4679dff45f0e60f40a0",
                "fastp-seq-quality-plot_Read_2_Before_filtering.svg:md5,9572f7e27821792cc944641038576566",
                "fastp_filtered_reads_plot-cnt.svg:md5,295cbadaa6840e556f570621fa191ba6",
                "fastp_filtered_reads_plot-pct.svg:md5,fa39f43cf2aa98206c9b04b387ef140b",
                "fastqc_sequence_length_distribution_plot.svg:md5,2aef00425e3a352d2e98f7d368e7c9f3",
                "fastqc_trimmed-status-check-heatmap.svg:md5,2d673a5928fc072c9aff50604483088d",
                "fastqc_trimmed_overrepresented_sequences_plot.svg:md5,eb284778855c69537d327dd13f36a7ae",
                "fastqc_trimmed_per_base_n_content_plot.svg:md5,71757916475f2d2f3f9a74d2bf3b6268",
                "fastqc_trimmed_per_base_sequence_quality_plot.svg:md5,bd000e231323b2f6a082298f89c0f817",
                "fastqc_trimmed_per_sequence_gc_content_plot_Counts.svg:md5,f9c34d867ff7e0f7f11baaf58e591b0a",
                "fastqc_trimmed_per_sequence_gc_content_plot_Percentages.svg:md5,2772524a7a7256a4834d3546fb1652b7",
                "fastqc_trimmed_per_sequence_quality_scores_plot.svg:md5,c80317e60434f898591513c2bd18ddd8",
                "fastqc_trimmed_sequence_counts_plot-cnt.svg:md5,7fda9faa1de5788005cd324a5bb73ab0",
                "fastqc_trimmed_sequence_counts_plot-pct.svg:md5,cb82157164b9c031cee7e731efae0679",
                "fastqc_trimmed_sequence_duplication_levels_plot.svg:md5,bacbbcaaa0936f869015c99175815800",
                "fastqc_trimmed_top_overrepresented_sequences_table.svg:md5,cbb640c88991c211ae474a3efff9e099",
                "featureCounts_assignment_plot-cnt.svg:md5,6b166815e8aec43b4b8125dcf5348406",
                "featureCounts_assignment_plot-pct.svg:md5,14715ed94fbaf4221c404400a9a35b05",
                "featurecounts_biotype_plot-cnt.svg:md5,b7497af2358ef3551d9d3b4fb604ab1a",
                "featurecounts_biotype_plot-pct.svg:md5,276df2b934da9c09cdf66dcc74ad99b7",
                "picard_deduplication-cnt.svg:md5,7727086c587b4e101735a2d49f84f716",
                "picard_deduplication-pct.svg:md5,8f18bb036c279da80522ae8041fc2650",
                "picard_rna_coverage.svg:md5,d7252785986a3460815e94b03d57f6df",
                "picard_rnaseqmetrics_assignment_plot-cnt.svg:md5,6e0ff086e2b44f8f922f023397ca545e",
                "picard_rnaseqmetrics_assignment_plot-pct.svg:md5,89739cfaa80fd28c9350032292cffd56",
                "r_count_norm_metrics_Library_Size.svg:md5,a0e63205e993ce191173899a6bb7d700",
                "r_count_norm_metrics_Normalization_Factor.svg:md5,b223868b507de8993f919914b229072d",
                "samtools-flagstat-pct-table.svg:md5,434b98a58a87d086ea35a9946ea292db",
                "samtools-flagstat-table.svg:md5,9cd1618a04242c282e0404bda2412731",
                "samtools-idxstats-mapped-reads-plot_Normalised_Counts-cnt.svg:md5,ed5a3d0602f1ae4d24e71f425af9495c",
                "samtools-idxstats-mapped-reads-plot_Normalised_Counts-log.svg:md5,d54804818e988793f85914ed8293fdc5",
                "samtools-idxstats-mapped-reads-plot_Observed_over_Expected_Counts-cnt.svg:md5,178b79b0ba71e4e0fe9feaa665db476b",
                "samtools-idxstats-mapped-reads-plot_Observed_over_Expected_Counts-log.svg:md5,7c530b942e27475220dbd9be57abec9f",
                "samtools-idxstats-mapped-reads-plot_Raw_Counts-cnt.svg:md5,cbf30693914630d59628e5bb132fb253",
                "samtools-idxstats-mapped-reads-plot_Raw_Counts-log.svg:md5,95c4f20373687224d39b19c17266c276",
                "samtools-stats-dp.svg:md5,953709102bd46aa0365f25db1039d19b",
                "samtools_alignment_plot-cnt.svg:md5,9dcbae2444ac50506fefde918fd549f1",
                "samtools_alignment_plot-pct.svg:md5,7281ff2e866f30d0092ebb659299520f",
                "star_alignment_plot-cnt.svg:md5,f2404a8d48f83ebf48f74e6b290d705b",
                "star_alignment_plot-pct.svg:md5,7114ad967cc6234e48b6f9ebdd2b1671",
                "star_summary_table.svg:md5,894b549091bfc576d40132f455a06d6d",
                "RAP1_IAA_30M_REP1.featureCounts.tsv:md5,ea2cb6101dcef9a0088e359c6d751b2b",
                "RAP1_IAA_30M_REP1.featureCounts.tsv.summary:md5,a1f8b26f3179daf6d3212534113e532e",
                "RAP1_UNINDUCED_REP1.featureCounts.tsv:md5,bf9cf0c9246725c757a979ae5c8a34b7",
                "RAP1_UNINDUCED_REP1.featureCounts.tsv.summary:md5,0ec1360d824b3e9729c42fc11c39d986",
                "RAP1_UNINDUCED_REP2.featureCounts.tsv:md5,064da70d0bc4682e98093dff62a21692",
                "RAP1_UNINDUCED_REP2.featureCounts.tsv.summary:md5,11bf651f5fef0b566327f521b9123076",
                "WT_REP1.featureCounts.tsv:md5,aacdc981b326fc6a7babcdf706be2ec7",
                "WT_REP1.featureCounts.tsv.summary:md5,e9529d66555c0efcab24fcb10ba729e0",
                "WT_REP2.featureCounts.tsv:md5,24a6c0c1d1c627c4e364058ce857c6bc",
                "WT_REP2.featureCounts.tsv.summary:md5,13c64b541d75fb5ab582929c89a27b54",
                "RAP1_IAA_30M_REP1.biotypes.tsv:md5,e3dd90c93dc21b3fe9a176d26cabe6de",
                "RAP1_IAA_30M_REP1.biotypes.tsv.summary:md5,613c96726ae8c6caafc5ecf19a0037a4",
                "RAP1_UNINDUCED_REP1.biotypes.tsv:md5,d82237391ba7a277cf8ea3a515117175",
                "RAP1_UNINDUCED_REP1.biotypes.tsv.summary:md5,61709d55895418c31bac68de1a2afc4a",
                "RAP1_UNINDUCED_REP2.biotypes.tsv:md5,b0f9f2ac726a2167b47da469e8b1ce2f",
                "RAP1_UNINDUCED_REP2.biotypes.tsv.summary:md5,1f7838125276daaad04b3e9bd850969e",
                "WT_REP1.biotypes.tsv:md5,7ed897c493281daddfce830e87f324f8",
                "WT_REP1.biotypes.tsv.summary:md5,3f9c71829d678600e13d7286bacd3afa",
                "WT_REP2.biotypes.tsv:md5,9e4a31a0149f63f11c8e9edaa76a19ea",
                "WT_REP2.biotypes.tsv.summary:md5,94865a2e7c71465c325c5b12f4baaaa1",
                "joined_matrix.tsv:md5,94ad4a5abe31ad2a918842f3a04baccb",
                "RAP1_IAA_30M_REP1.fastp.html:md5,95ea3ca368941d83ee08926a6bfdad14",
                "RAP1_IAA_30M_REP1.fastp.json:md5,4b8e834d879f1e82f098f2fcc9063116",
                "RAP1_UNINDUCED_REP1.fastp.html:md5,f16881066df66bd59745b97f49f40286",
                "RAP1_UNINDUCED_REP1.fastp.json:md5,31d196225c2b764c7bf35b88c83b80f2",
                "RAP1_UNINDUCED_REP2.fastp.html:md5,eafdc1c3528dba7a52ad84f89b109d12",
                "RAP1_UNINDUCED_REP2.fastp.json:md5,845d2eb22d2e013e465006e5c8395872",
                "WT_REP1.fastp.html:md5,822dfd76b62417e89b373a452cb5930d",
                "WT_REP1.fastp.json:md5,bd71a6898a9dedc7c7cc227f145beafb",
                "WT_REP2.fastp.html:md5,950b0eb0441a5fa559af195f008614c0",
                "WT_REP2.fastp.json:md5,3e7da9233fb60d0fa2b5f5aea266fac1",
                "RAP1_IAA_30M_REP1.fastp.log:md5,dc15539a134d496c1c06173449a3b0d9",
                "RAP1_UNINDUCED_REP1.fastp.log:md5,bb1b615e555d81d26fab74b682e4f5a6",
                "RAP1_UNINDUCED_REP2.fastp.log:md5,18ea02d65140bca97c620fd6ad680647",
                "WT_REP1.fastp.log:md5,13eff3f305ccb5e9e70b3cf6b21c2a87",
                "WT_REP2.fastp.log:md5,443b2eb6794219d9040995e3c8d48deb"
            ]
        ],
        "meta": {
            "nf-test": "0.9.3",
            "nextflow": "25.10.4"
        },
        "timestamp": "2026-09-07T17:12:07.106511773"
    }
}