{
    "-profile test": {
        "content": [
            {
                "CAT_FASTQ": {
                    "cat": 9.5
                },
                "CLUSTERPROFILER_ORA": {
                    "R": "4.4.2",
                    "openxlsx": "4.2.8",
                    "msigdbr": "7.5.1",
                    "enrichplot": "1.26.6",
                    "clusterProfiler": "4.14.4",
                    "optparse": "1.7.5"
                },
                "CONTROL_GENE_HEATMAP": {
                    "R": "4.4.2",
                    "SummarizedExperiment": "1.36.0",
                    "Biobase": "2.66.0",
                    "GenomicRanges": "1.58.0",
                    "GenomeInfoDb": "1.42.0",
                    "IRanges": "2.40.0",
                    "S4Vectors": "0.44.0",
                    "BiocGenerics": "0.52.0",
                    "MatrixGenerics": "1.18.0",
                    "matrixStats": "1.4.1",
                    "stringr": "1.5.1",
                    "ggplot2": "3.5.1",
                    "pheatmap": "1.0.12",
                    "optparse": "1.7.5"
                },
                "DESEQ2_COMPARE": {
                    "R": "4.4.2",
                    "ggplot2": "3.5.1",
                    "stringr": "1.5.1",
                    "DESeq2": "1.46.0",
                    "SummarizedExperiment": "1.36.0",
                    "Biobase": "2.66.0",
                    "MatrixGenerics": "1.18.0",
                    "matrixStats": "1.4.1",
                    "GenomicRanges": "1.58.0",
                    "GenomeInfoDb": "1.42.0",
                    "IRanges": "2.40.0",
                    "S4Vectors": "0.44.0",
                    "BiocGenerics": "0.52.0",
                    "optparse": "1.7.5"
                },
                "DESEQ2_FIT": {
                    "R": "4.4.2",
                    "stringr": "1.5.1",
                    "DESeq2": "1.46.0",
                    "SummarizedExperiment": "1.36.0",
                    "Biobase": "2.66.0",
                    "MatrixGenerics": "1.18.0",
                    "matrixStats": "1.4.1",
                    "GenomicRanges": "1.58.0",
                    "GenomeInfoDb": "1.42.0",
                    "IRanges": "2.40.0",
                    "S4Vectors": "0.44.0",
                    "BiocGenerics": "0.52.0",
                    "edgeR": "4.4.0",
                    "limma": "3.62.1",
                    "optparse": "1.7.5"
                },
                "FASTP": {
                    "fastp": "1.3.6"
                },
                "FASTQC_RAW": {
                    "fastqc": "0.12.1"
                },
                "FASTQC_TRIM": {
                    "fastqc": "0.12.1"
                },
                "FQ_LINT": {
                    "fq": "0.12.0 (2024-07-08)"
                },
                "FQ_SUBSAMPLE": {
                    "fq": "0.12.0 (2024-07-08)"
                },
                "GENEID_TO_GENENAME": {
                    "mawk": null,
                    "sed": null
                },
                "GSEA": {
                    "R": "4.4.2",
                    "openxlsx": "4.2.8",
                    "enrichplot": "1.26.6",
                    "clusterProfiler": "4.14.4",
                    "optparse": "1.7.5"
                },
                "GSEA_MERGE": {
                    "R": "4.4.2",
                    "openxlsx": "4.2.7.1",
                    "stringr": "1.5.1",
                    "optparse": "1.7.5"
                },
                "MULTIQC_CUSTOM_BIOTYPE": {
                    "python": "3.9.5"
                },
                "OBJ_CONSTRUCTION": {
                    "R": "4.4.2",
                    "SummarizedExperiment": "1.36.0",
                    "Biobase": "2.66.0",
                    "GenomicRanges": "1.58.0",
                    "GenomeInfoDb": "1.42.0",
                    "IRanges": "2.40.0",
                    "S4Vectors": "0.44.0",
                    "BiocGenerics": "0.52.0",
                    "MatrixGenerics": "1.18.0",
                    "matrixStats": "1.4.1",
                    "optparse": "1.7.5"
                },
                "PCA_AND_MDS": {
                    "R": "4.4.2",
                    "ggplot2": "3.5.1",
                    "SummarizedExperiment": "1.36.0",
                    "Biobase": "2.66.0",
                    "GenomicRanges": "1.58.0",
                    "GenomeInfoDb": "1.42.0",
                    "IRanges": "2.40.0",
                    "S4Vectors": "0.44.0",
                    "BiocGenerics": "0.52.0",
                    "MatrixGenerics": "1.18.0",
                    "matrixStats": "1.4.1",
                    "edgeR": "4.4.0",
                    "limma": "3.62.1",
                    "optparse": "1.7.5"
                },
                "PICARD_COLLECTRNASEQMETRICS": {
                    "picard": "3.3.0"
                },
                "PICARD_MARKDUPLICATES": {
                    "picard": "3.3.0"
                },
                "R_COUNT_NORM": {
                    "R": "4.4.2",
                    "SummarizedExperiment": "1.36.0",
                    "Biobase": "2.66.0",
                    "GenomicRanges": "1.58.0",
                    "GenomeInfoDb": "1.42.0",
                    "IRanges": "2.40.0",
                    "S4Vectors": "0.44.0",
                    "BiocGenerics": "0.52.0",
                    "MatrixGenerics": "1.18.0",
                    "matrixStats": "1.4.1",
                    "edgeR": "4.4.0",
                    "limma": "3.62.1",
                    "optparse": "1.7.5"
                },
                "SALMON_QUANT": {
                    "salmon": "1.10.3"
                },
                "SAMPLES_CORRELATION": {
                    "R": "4.4.2",
                    "SummarizedExperiment": "1.36.0",
                    "Biobase": "2.66.0",
                    "GenomicRanges": "1.58.0",
                    "GenomeInfoDb": "1.42.0",
                    "IRanges": "2.40.0",
                    "S4Vectors": "0.44.0",
                    "BiocGenerics": "0.52.0",
                    "MatrixGenerics": "1.18.0",
                    "matrixStats": "1.4.1",
                    "stringr": "1.5.1",
                    "ggplot2": "3.5.1",
                    "pheatmap": "1.0.12",
                    "optparse": "1.7.5"
                },
                "SAMTOOLS_FLAGSTAT": {
                    "samtools": 1.21
                },
                "SAMTOOLS_IDXSTATS": {
                    "samtools": 1.21
                },
                "SAMTOOLS_INDEX": {
                    "samtools": 1.21
                },
                "SAMTOOLS_SORT": {
                    "samtools": 1.21
                },
                "SAMTOOLS_STATS": {
                    "samtools": 1.21
                },
                "STAR_ALIGN": {
                    "star": "2.7.11b",
                    "samtools": 1.2,
                    "gawk": "5.1.0"
                },
                "SUBREAD_FEATURECOUNTS_BIOTYPES": {
                    "subread": "2.0.6"
                },
                "SUBREAD_FEATURECOUNTS_GENES": {
                    "subread": "2.0.6"
                },
                "Workflow": {
                    "nfdata-omics/rnaseq": "v0.0.0dev"
                }
            },
            [
                "alignment",
                "alignment/RAP1_IAA_30M_REP1.markdup.sorted.bam",
                "alignment/RAP1_IAA_30M_REP1.markdup.sorted.bam.bai",
                "alignment/RAP1_UNINDUCED_REP1.markdup.sorted.bam",
                "alignment/RAP1_UNINDUCED_REP1.markdup.sorted.bam.bai",
                "alignment/RAP1_UNINDUCED_REP2.markdup.sorted.bam",
                "alignment/RAP1_UNINDUCED_REP2.markdup.sorted.bam.bai",
                "alignment/WT_REP1.markdup.sorted.bam",
                "alignment/WT_REP1.markdup.sorted.bam.bai",
                "alignment/WT_REP2.markdup.sorted.bam",
                "alignment/WT_REP2.markdup.sorted.bam.bai",
                "alignment/log",
                "alignment/log/RAP1_IAA_30M_REP1.Log.final.out",
                "alignment/log/RAP1_IAA_30M_REP1.Log.out",
                "alignment/log/RAP1_IAA_30M_REP1.Log.progress.out",
                "alignment/log/RAP1_IAA_30M_REP1.SJ.out.tab",
                "alignment/log/RAP1_UNINDUCED_REP1.Log.final.out",
                "alignment/log/RAP1_UNINDUCED_REP1.Log.out",
                "alignment/log/RAP1_UNINDUCED_REP1.Log.progress.out",
                "alignment/log/RAP1_UNINDUCED_REP1.SJ.out.tab",
                "alignment/log/RAP1_UNINDUCED_REP2.Log.final.out",
                "alignment/log/RAP1_UNINDUCED_REP2.Log.out",
                "alignment/log/RAP1_UNINDUCED_REP2.Log.progress.out",
                "alignment/log/RAP1_UNINDUCED_REP2.SJ.out.tab",
                "alignment/log/WT_REP1.Log.final.out",
                "alignment/log/WT_REP1.Log.out",
                "alignment/log/WT_REP1.Log.progress.out",
                "alignment/log/WT_REP1.SJ.out.tab",
                "alignment/log/WT_REP2.Log.final.out",
                "alignment/log/WT_REP2.Log.out",
                "alignment/log/WT_REP2.Log.progress.out",
                "alignment/log/WT_REP2.SJ.out.tab",
                "alignment/picard_metrics",
                "alignment/picard_metrics/RAP1_IAA_30M_REP1.markdup.sorted.MarkDuplicates.metrics.txt",
                "alignment/picard_metrics/RAP1_IAA_30M_REP1.rna_metrics",
                "alignment/picard_metrics/RAP1_UNINDUCED_REP1.markdup.sorted.MarkDuplicates.metrics.txt",
                "alignment/picard_metrics/RAP1_UNINDUCED_REP1.rna_metrics",
                "alignment/picard_metrics/RAP1_UNINDUCED_REP2.markdup.sorted.MarkDuplicates.metrics.txt",
                "alignment/picard_metrics/RAP1_UNINDUCED_REP2.rna_metrics",
                "alignment/picard_metrics/WT_REP1.markdup.sorted.MarkDuplicates.metrics.txt",
                "alignment/picard_metrics/WT_REP1.rna_metrics",
                "alignment/picard_metrics/WT_REP2.markdup.sorted.MarkDuplicates.metrics.txt",
                "alignment/picard_metrics/WT_REP2.rna_metrics",
                "alignment/samtools_stats",
                "alignment/samtools_stats/RAP1_IAA_30M_REP1.markdup.sorted.bam.flagstat",
                "alignment/samtools_stats/RAP1_IAA_30M_REP1.markdup.sorted.bam.idxstats",
                "alignment/samtools_stats/RAP1_IAA_30M_REP1.markdup.sorted.bam.stats",
                "alignment/samtools_stats/RAP1_UNINDUCED_REP1.markdup.sorted.bam.flagstat",
                "alignment/samtools_stats/RAP1_UNINDUCED_REP1.markdup.sorted.bam.idxstats",
                "alignment/samtools_stats/RAP1_UNINDUCED_REP1.markdup.sorted.bam.stats",
                "alignment/samtools_stats/RAP1_UNINDUCED_REP2.markdup.sorted.bam.flagstat",
                "alignment/samtools_stats/RAP1_UNINDUCED_REP2.markdup.sorted.bam.idxstats",
                "alignment/samtools_stats/RAP1_UNINDUCED_REP2.markdup.sorted.bam.stats",
                "alignment/samtools_stats/WT_REP1.markdup.sorted.bam.flagstat",
                "alignment/samtools_stats/WT_REP1.markdup.sorted.bam.idxstats",
                "alignment/samtools_stats/WT_REP1.markdup.sorted.bam.stats",
                "alignment/samtools_stats/WT_REP2.markdup.sorted.bam.flagstat",
                "alignment/samtools_stats/WT_REP2.markdup.sorted.bam.idxstats",
                "alignment/samtools_stats/WT_REP2.markdup.sorted.bam.stats",
                "alignment/unmapped",
                "alignment/unmapped/RAP1_IAA_30M_REP1.unmapped_1.fastq.gz",
                "alignment/unmapped/RAP1_IAA_30M_REP1.unmapped_2.fastq.gz",
                "alignment/unmapped/RAP1_UNINDUCED_REP1.unmapped_1.fastq.gz",
                "alignment/unmapped/RAP1_UNINDUCED_REP2.unmapped_1.fastq.gz",
                "alignment/unmapped/WT_REP1.unmapped_1.fastq.gz",
                "alignment/unmapped/WT_REP1.unmapped_2.fastq.gz",
                "alignment/unmapped/WT_REP2.unmapped_1.fastq.gz",
                "alignment/unmapped/WT_REP2.unmapped_2.fastq.gz",
                "downstream",
                "downstream/dea_joined_matrix",
                "downstream/dea_joined_matrix/dea_condition_RAP1_IAA_30M_WT",
                "downstream/dea_joined_matrix/dea_condition_RAP1_IAA_30M_WT/deseq2_summary.condition_RAP1_IAA_30M_vs_WT.txt",
                "downstream/dea_joined_matrix/dea_condition_RAP1_IAA_30M_WT/deseq2_toptable.condition_RAP1_IAA_30M_vs_WT.txt",
                "downstream/dea_joined_matrix/dea_condition_RAP1_IAA_30M_WT/gsea.condition_RAP1_IAA_30M_vs_WT.TOP_25.txt",
                "downstream/dea_joined_matrix/dea_condition_RAP1_IAA_30M_WT/gsea.condition_RAP1_IAA_30M_vs_WT.s_cervisiae_genelist.pdf",
                "downstream/dea_joined_matrix/dea_condition_RAP1_IAA_30M_WT/gsea.condition_RAP1_IAA_30M_vs_WT.xlsx",
                "downstream/dea_joined_matrix/dea_condition_RAP1_IAA_30M_WT/pvalue_hist.condition_RAP1_IAA_30M_vs_WT.pdf",
                "downstream/dea_joined_matrix/dea_condition_RAP1_IAA_30M_WT/volcano.condition_RAP1_IAA_30M_vs_WT.pdf",
                "downstream/dea_joined_matrix/dea_condition_RAP1_UNINDUCED_WT",
                "downstream/dea_joined_matrix/dea_condition_RAP1_UNINDUCED_WT/deseq2_summary.condition_RAP1_UNINDUCED_vs_WT.txt",
                "downstream/dea_joined_matrix/dea_condition_RAP1_UNINDUCED_WT/deseq2_toptable.condition_RAP1_UNINDUCED_vs_WT.txt",
                "downstream/dea_joined_matrix/dea_condition_RAP1_UNINDUCED_WT/gsea.condition_RAP1_UNINDUCED_vs_WT.TOP_25.txt",
                "downstream/dea_joined_matrix/dea_condition_RAP1_UNINDUCED_WT/gsea.condition_RAP1_UNINDUCED_vs_WT.s_cervisiae_genelist.pdf",
                "downstream/dea_joined_matrix/dea_condition_RAP1_UNINDUCED_WT/gsea.condition_RAP1_UNINDUCED_vs_WT.xlsx",
                "downstream/dea_joined_matrix/dea_condition_RAP1_UNINDUCED_WT/pvalue_hist.condition_RAP1_UNINDUCED_vs_WT.pdf",
                "downstream/dea_joined_matrix/dea_condition_RAP1_UNINDUCED_WT/volcano.condition_RAP1_UNINDUCED_vs_WT.pdf",
                "downstream/dea_joined_matrix/dea_joined_matrix_summary.txt",
                "downstream/dim_reduction",
                "downstream/dim_reduction/MDS_scoreplots.pdf",
                "downstream/dim_reduction/MDS_scores.txt",
                "downstream/dim_reduction/PC1_vs_PC2_scoreplots.pdf",
                "downstream/dim_reduction/PC3_vs_PC4_scoreplots.pdf",
                "downstream/dim_reduction/PCA_explained_variance.txt",
                "downstream/dim_reduction/PCA_scores.txt",
                "downstream/heatmap_control_genes.pdf",
                "downstream/heatmap_control_genes_mqc.png",
                "downstream/joined_matrix.rds",
                "downstream/normalization",
                "downstream/normalization/cpm.txt",
                "downstream/normalization/lib_size_factors.txt",
                "downstream/normalization/log.norm.rpkm.txt",
                "downstream/samples_correlation_heatmap.pdf",
                "downstream/samples_correlation_heatmap_mqc.png",
                "downstream/samples_correlation_table.txt",
                "fastqc",
                "fastqc/raw",
                "fastqc/raw/RAP1_IAA_30M_REP1_raw_1_fastqc.html",
                "fastqc/raw/RAP1_IAA_30M_REP1_raw_1_fastqc.zip",
                "fastqc/raw/RAP1_IAA_30M_REP1_raw_2_fastqc.html",
                "fastqc/raw/RAP1_IAA_30M_REP1_raw_2_fastqc.zip",
                "fastqc/raw/RAP1_UNINDUCED_REP1_raw_fastqc.html",
                "fastqc/raw/RAP1_UNINDUCED_REP1_raw_fastqc.zip",
                "fastqc/raw/RAP1_UNINDUCED_REP2_raw_fastqc.html",
                "fastqc/raw/RAP1_UNINDUCED_REP2_raw_fastqc.zip",
                "fastqc/raw/WT_REP1_raw_1_fastqc.html",
                "fastqc/raw/WT_REP1_raw_1_fastqc.zip",
                "fastqc/raw/WT_REP1_raw_2_fastqc.html",
                "fastqc/raw/WT_REP1_raw_2_fastqc.zip",
                "fastqc/raw/WT_REP2_raw_1_fastqc.html",
                "fastqc/raw/WT_REP2_raw_1_fastqc.zip",
                "fastqc/raw/WT_REP2_raw_2_fastqc.html",
                "fastqc/raw/WT_REP2_raw_2_fastqc.zip",
                "fastqc/trim",
                "fastqc/trim/RAP1_IAA_30M_REP1_trimmed_1_fastqc.html",
                "fastqc/trim/RAP1_IAA_30M_REP1_trimmed_1_fastqc.zip",
                "fastqc/trim/RAP1_IAA_30M_REP1_trimmed_2_fastqc.html",
                "fastqc/trim/RAP1_IAA_30M_REP1_trimmed_2_fastqc.zip",
                "fastqc/trim/RAP1_UNINDUCED_REP1_trimmed_fastqc.html",
                "fastqc/trim/RAP1_UNINDUCED_REP1_trimmed_fastqc.zip",
                "fastqc/trim/RAP1_UNINDUCED_REP2_trimmed_fastqc.html",
                "fastqc/trim/RAP1_UNINDUCED_REP2_trimmed_fastqc.zip",
                "fastqc/trim/WT_REP1_trimmed_1_fastqc.html",
                "fastqc/trim/WT_REP1_trimmed_1_fastqc.zip",
                "fastqc/trim/WT_REP1_trimmed_2_fastqc.html",
                "fastqc/trim/WT_REP1_trimmed_2_fastqc.zip",
                "fastqc/trim/WT_REP2_trimmed_1_fastqc.html",
                "fastqc/trim/WT_REP2_trimmed_1_fastqc.zip",
                "fastqc/trim/WT_REP2_trimmed_2_fastqc.html",
                "fastqc/trim/WT_REP2_trimmed_2_fastqc.zip",
                "multiqc",
                "multiqc/RNASeq_multiqc_report.html",
                "multiqc/RNASeq_multiqc_report_data",
                "multiqc/RNASeq_multiqc_report_data/fastp-insert-size-plot.txt",
                "multiqc/RNASeq_multiqc_report_data/fastp-seq-content-gc-plot_Read_1_After_filtering.txt",
                "multiqc/RNASeq_multiqc_report_data/fastp-seq-content-gc-plot_Read_1_Before_filtering.txt",
                "multiqc/RNASeq_multiqc_report_data/fastp-seq-content-gc-plot_Read_2_After_filtering.txt",
                "multiqc/RNASeq_multiqc_report_data/fastp-seq-content-gc-plot_Read_2_Before_filtering.txt",
                "multiqc/RNASeq_multiqc_report_data/fastp-seq-content-n-plot_Read_1_After_filtering.txt",
                "multiqc/RNASeq_multiqc_report_data/fastp-seq-content-n-plot_Read_1_Before_filtering.txt",
                "multiqc/RNASeq_multiqc_report_data/fastp-seq-content-n-plot_Read_2_After_filtering.txt",
                "multiqc/RNASeq_multiqc_report_data/fastp-seq-content-n-plot_Read_2_Before_filtering.txt",
                "multiqc/RNASeq_multiqc_report_data/fastp-seq-quality-plot_Read_1_After_filtering.txt",
                "multiqc/RNASeq_multiqc_report_data/fastp-seq-quality-plot_Read_1_Before_filtering.txt",
                "multiqc/RNASeq_multiqc_report_data/fastp-seq-quality-plot_Read_2_After_filtering.txt",
                "multiqc/RNASeq_multiqc_report_data/fastp-seq-quality-plot_Read_2_Before_filtering.txt",
                "multiqc/RNASeq_multiqc_report_data/fastp_filtered_reads_plot.txt",
                "multiqc/RNASeq_multiqc_report_data/fastqc_sequence_length_distribution_plot.txt",
                "multiqc/RNASeq_multiqc_report_data/fastqc_trimmed-status-check-heatmap.txt",
                "multiqc/RNASeq_multiqc_report_data/fastqc_trimmed_overrepresented_sequences_plot.txt",
                "multiqc/RNASeq_multiqc_report_data/fastqc_trimmed_per_base_n_content_plot.txt",
                "multiqc/RNASeq_multiqc_report_data/fastqc_trimmed_per_base_sequence_quality_plot.txt",
                "multiqc/RNASeq_multiqc_report_data/fastqc_trimmed_per_sequence_gc_content_plot_Counts.txt",
                "multiqc/RNASeq_multiqc_report_data/fastqc_trimmed_per_sequence_gc_content_plot_Percentages.txt",
                "multiqc/RNASeq_multiqc_report_data/fastqc_trimmed_per_sequence_quality_scores_plot.txt",
                "multiqc/RNASeq_multiqc_report_data/fastqc_trimmed_sequence_counts_plot.txt",
                "multiqc/RNASeq_multiqc_report_data/fastqc_trimmed_sequence_duplication_levels_plot.txt",
                "multiqc/RNASeq_multiqc_report_data/fastqc_trimmed_top_overrepresented_sequences_table.txt",
                "multiqc/RNASeq_multiqc_report_data/featureCounts_assignment_plot.txt",
                "multiqc/RNASeq_multiqc_report_data/llms-full.txt",
                "multiqc/RNASeq_multiqc_report_data/multiqc.log",
                "multiqc/RNASeq_multiqc_report_data/multiqc.parquet",
                "multiqc/RNASeq_multiqc_report_data/multiqc_citations.txt",
                "multiqc/RNASeq_multiqc_report_data/multiqc_correlation_heatmap.txt",
                "multiqc/RNASeq_multiqc_report_data/multiqc_data.json",
                "multiqc/RNASeq_multiqc_report_data/multiqc_fastp_fastp.txt",
                "multiqc/RNASeq_multiqc_report_data/multiqc_fastqc_fastqc_trimmed.txt",
                "multiqc/RNASeq_multiqc_report_data/multiqc_featurecounts_biotype_plot.txt",
                "multiqc/RNASeq_multiqc_report_data/multiqc_featurecounts_featurecounts.txt",
                "multiqc/RNASeq_multiqc_report_data/multiqc_general_stats.txt",
                "multiqc/RNASeq_multiqc_report_data/multiqc_picard_RnaSeqMetrics_picard.txt",
                "multiqc/RNASeq_multiqc_report_data/multiqc_picard_dups_picard.txt",
                "multiqc/RNASeq_multiqc_report_data/multiqc_samtools_flagstat_samtools.txt",
                "multiqc/RNASeq_multiqc_report_data/multiqc_samtools_idxstats_samtools.txt",
                "multiqc/RNASeq_multiqc_report_data/multiqc_samtools_stats_samtools.txt",
                "multiqc/RNASeq_multiqc_report_data/multiqc_software_versions.txt",
                "multiqc/RNASeq_multiqc_report_data/multiqc_sources.txt",
                "multiqc/RNASeq_multiqc_report_data/multiqc_star_star.txt",
                "multiqc/RNASeq_multiqc_report_data/picard_MarkIlluminaAdapters_histogram_picard.txt",
                "multiqc/RNASeq_multiqc_report_data/picard_MeanQualityByCycle_histogram_picard.txt",
                "multiqc/RNASeq_multiqc_report_data/picard_MeanQualityByCycle_histogram_picard_1.txt",
                "multiqc/RNASeq_multiqc_report_data/picard_QualityScoreDistribution_histogram_picard.txt",
                "multiqc/RNASeq_multiqc_report_data/picard_deduplication.txt",
                "multiqc/RNASeq_multiqc_report_data/picard_rna_coverage.txt",
                "multiqc/RNASeq_multiqc_report_data/picard_rnaseqmetrics_assignment_plot.txt",
                "multiqc/RNASeq_multiqc_report_data/r_count_norm_data_r_count_norm.txt",
                "multiqc/RNASeq_multiqc_report_data/r_count_norm_metrics_Library_Size.txt",
                "multiqc/RNASeq_multiqc_report_data/r_count_norm_metrics_Normalization_Factor.txt",
                "multiqc/RNASeq_multiqc_report_data/samtools-flagstat-pct-table.txt",
                "multiqc/RNASeq_multiqc_report_data/samtools-flagstat-table.txt",
                "multiqc/RNASeq_multiqc_report_data/samtools-idxstats-mapped-reads-plot_Normalised_Counts.txt",
                "multiqc/RNASeq_multiqc_report_data/samtools-idxstats-mapped-reads-plot_Observed_over_Expected_Counts.txt",
                "multiqc/RNASeq_multiqc_report_data/samtools-idxstats-mapped-reads-plot_Raw_Counts.txt",
                "multiqc/RNASeq_multiqc_report_data/samtools-stats-dp.txt",
                "multiqc/RNASeq_multiqc_report_data/samtools_alignment_plot.txt",
                "multiqc/RNASeq_multiqc_report_data/star_alignment_plot.txt",
                "multiqc/RNASeq_multiqc_report_data/star_summary_table.txt",
                "multiqc/RNASeq_multiqc_report_plots",
                "multiqc/RNASeq_multiqc_report_plots/pdf",
                "multiqc/RNASeq_multiqc_report_plots/pdf/correlation_heatmap.pdf",
                "multiqc/RNASeq_multiqc_report_plots/pdf/fastp-insert-size-plot.pdf",
                "multiqc/RNASeq_multiqc_report_plots/pdf/fastp-seq-content-gc-plot_Read_1_After_filtering.pdf",
                "multiqc/RNASeq_multiqc_report_plots/pdf/fastp-seq-content-gc-plot_Read_1_Before_filtering.pdf",
                "multiqc/RNASeq_multiqc_report_plots/pdf/fastp-seq-content-gc-plot_Read_2_After_filtering.pdf",
                "multiqc/RNASeq_multiqc_report_plots/pdf/fastp-seq-content-gc-plot_Read_2_Before_filtering.pdf",
                "multiqc/RNASeq_multiqc_report_plots/pdf/fastp-seq-content-n-plot_Read_1_After_filtering.pdf",
                "multiqc/RNASeq_multiqc_report_plots/pdf/fastp-seq-content-n-plot_Read_1_Before_filtering.pdf",
                "multiqc/RNASeq_multiqc_report_plots/pdf/fastp-seq-content-n-plot_Read_2_After_filtering.pdf",
                "multiqc/RNASeq_multiqc_report_plots/pdf/fastp-seq-content-n-plot_Read_2_Before_filtering.pdf",
                "multiqc/RNASeq_multiqc_report_plots/pdf/fastp-seq-quality-plot_Read_1_After_filtering.pdf",
                "multiqc/RNASeq_multiqc_report_plots/pdf/fastp-seq-quality-plot_Read_1_Before_filtering.pdf",
                "multiqc/RNASeq_multiqc_report_plots/pdf/fastp-seq-quality-plot_Read_2_After_filtering.pdf",
                "multiqc/RNASeq_multiqc_report_plots/pdf/fastp-seq-quality-plot_Read_2_Before_filtering.pdf",
                "multiqc/RNASeq_multiqc_report_plots/pdf/fastp_filtered_reads_plot-cnt.pdf",
                "multiqc/RNASeq_multiqc_report_plots/pdf/fastp_filtered_reads_plot-pct.pdf",
                "multiqc/RNASeq_multiqc_report_plots/pdf/fastqc_sequence_length_distribution_plot.pdf",
                "multiqc/RNASeq_multiqc_report_plots/pdf/fastqc_trimmed-status-check-heatmap.pdf",
                "multiqc/RNASeq_multiqc_report_plots/pdf/fastqc_trimmed_overrepresented_sequences_plot.pdf",
                "multiqc/RNASeq_multiqc_report_plots/pdf/fastqc_trimmed_per_base_n_content_plot.pdf",
                "multiqc/RNASeq_multiqc_report_plots/pdf/fastqc_trimmed_per_base_sequence_quality_plot.pdf",
                "multiqc/RNASeq_multiqc_report_plots/pdf/fastqc_trimmed_per_sequence_gc_content_plot_Counts.pdf",
                "multiqc/RNASeq_multiqc_report_plots/pdf/fastqc_trimmed_per_sequence_gc_content_plot_Percentages.pdf",
                "multiqc/RNASeq_multiqc_report_plots/pdf/fastqc_trimmed_per_sequence_quality_scores_plot.pdf",
                "multiqc/RNASeq_multiqc_report_plots/pdf/fastqc_trimmed_sequence_counts_plot-cnt.pdf",
                "multiqc/RNASeq_multiqc_report_plots/pdf/fastqc_trimmed_sequence_counts_plot-pct.pdf",
                "multiqc/RNASeq_multiqc_report_plots/pdf/fastqc_trimmed_sequence_duplication_levels_plot.pdf",
                "multiqc/RNASeq_multiqc_report_plots/pdf/fastqc_trimmed_top_overrepresented_sequences_table.pdf",
                "multiqc/RNASeq_multiqc_report_plots/pdf/featureCounts_assignment_plot-cnt.pdf",
                "multiqc/RNASeq_multiqc_report_plots/pdf/featureCounts_assignment_plot-pct.pdf",
                "multiqc/RNASeq_multiqc_report_plots/pdf/featurecounts_biotype_plot-cnt.pdf",
                "multiqc/RNASeq_multiqc_report_plots/pdf/featurecounts_biotype_plot-pct.pdf",
                "multiqc/RNASeq_multiqc_report_plots/pdf/picard_deduplication-cnt.pdf",
                "multiqc/RNASeq_multiqc_report_plots/pdf/picard_deduplication-pct.pdf",
                "multiqc/RNASeq_multiqc_report_plots/pdf/picard_rna_coverage.pdf",
                "multiqc/RNASeq_multiqc_report_plots/pdf/picard_rnaseqmetrics_assignment_plot-cnt.pdf",
                "multiqc/RNASeq_multiqc_report_plots/pdf/picard_rnaseqmetrics_assignment_plot-pct.pdf",
                "multiqc/RNASeq_multiqc_report_plots/pdf/r_count_norm_metrics_Library_Size.pdf",
                "multiqc/RNASeq_multiqc_report_plots/pdf/r_count_norm_metrics_Normalization_Factor.pdf",
                "multiqc/RNASeq_multiqc_report_plots/pdf/samtools-flagstat-pct-table.pdf",
                "multiqc/RNASeq_multiqc_report_plots/pdf/samtools-flagstat-table.pdf",
                "multiqc/RNASeq_multiqc_report_plots/pdf/samtools-idxstats-mapped-reads-plot_Normalised_Counts-cnt.pdf",
                "multiqc/RNASeq_multiqc_report_plots/pdf/samtools-idxstats-mapped-reads-plot_Normalised_Counts-log.pdf",
                "multiqc/RNASeq_multiqc_report_plots/pdf/samtools-idxstats-mapped-reads-plot_Observed_over_Expected_Counts-cnt.pdf",
                "multiqc/RNASeq_multiqc_report_plots/pdf/samtools-idxstats-mapped-reads-plot_Observed_over_Expected_Counts-log.pdf",
                "multiqc/RNASeq_multiqc_report_plots/pdf/samtools-idxstats-mapped-reads-plot_Raw_Counts-cnt.pdf",
                "multiqc/RNASeq_multiqc_report_plots/pdf/samtools-idxstats-mapped-reads-plot_Raw_Counts-log.pdf",
                "multiqc/RNASeq_multiqc_report_plots/pdf/samtools-stats-dp.pdf",
                "multiqc/RNASeq_multiqc_report_plots/pdf/samtools_alignment_plot-cnt.pdf",
                "multiqc/RNASeq_multiqc_report_plots/pdf/samtools_alignment_plot-pct.pdf",
                "multiqc/RNASeq_multiqc_report_plots/pdf/star_alignment_plot-cnt.pdf",
                "multiqc/RNASeq_multiqc_report_plots/pdf/star_alignment_plot-pct.pdf",
                "multiqc/RNASeq_multiqc_report_plots/pdf/star_summary_table.pdf",
                "multiqc/RNASeq_multiqc_report_plots/png",
                "multiqc/RNASeq_multiqc_report_plots/png/correlation_heatmap.png",
                "multiqc/RNASeq_multiqc_report_plots/png/fastp-insert-size-plot.png",
                "multiqc/RNASeq_multiqc_report_plots/png/fastp-seq-content-gc-plot_Read_1_After_filtering.png",
                "multiqc/RNASeq_multiqc_report_plots/png/fastp-seq-content-gc-plot_Read_1_Before_filtering.png",
                "multiqc/RNASeq_multiqc_report_plots/png/fastp-seq-content-gc-plot_Read_2_After_filtering.png",
                "multiqc/RNASeq_multiqc_report_plots/png/fastp-seq-content-gc-plot_Read_2_Before_filtering.png",
                "multiqc/RNASeq_multiqc_report_plots/png/fastp-seq-content-n-plot_Read_1_After_filtering.png",
                "multiqc/RNASeq_multiqc_report_plots/png/fastp-seq-content-n-plot_Read_1_Before_filtering.png",
                "multiqc/RNASeq_multiqc_report_plots/png/fastp-seq-content-n-plot_Read_2_After_filtering.png",
                "multiqc/RNASeq_multiqc_report_plots/png/fastp-seq-content-n-plot_Read_2_Before_filtering.png",
                "multiqc/RNASeq_multiqc_report_plots/png/fastp-seq-quality-plot_Read_1_After_filtering.png",
                "multiqc/RNASeq_multiqc_report_plots/png/fastp-seq-quality-plot_Read_1_Before_filtering.png",
                "multiqc/RNASeq_multiqc_report_plots/png/fastp-seq-quality-plot_Read_2_After_filtering.png",
                "multiqc/RNASeq_multiqc_report_plots/png/fastp-seq-quality-plot_Read_2_Before_filtering.png",
                "multiqc/RNASeq_multiqc_report_plots/png/fastp_filtered_reads_plot-cnt.png",
                "multiqc/RNASeq_multiqc_report_plots/png/fastp_filtered_reads_plot-pct.png",
                "multiqc/RNASeq_multiqc_report_plots/png/fastqc_sequence_length_distribution_plot.png",
                "multiqc/RNASeq_multiqc_report_plots/png/fastqc_trimmed-status-check-heatmap.png",
                "multiqc/RNASeq_multiqc_report_plots/png/fastqc_trimmed_overrepresented_sequences_plot.png",
                "multiqc/RNASeq_multiqc_report_plots/png/fastqc_trimmed_per_base_n_content_plot.png",
                "multiqc/RNASeq_multiqc_report_plots/png/fastqc_trimmed_per_base_sequence_quality_plot.png",
                "multiqc/RNASeq_multiqc_report_plots/png/fastqc_trimmed_per_sequence_gc_content_plot_Counts.png",
                "multiqc/RNASeq_multiqc_report_plots/png/fastqc_trimmed_per_sequence_gc_content_plot_Percentages.png",
                "multiqc/RNASeq_multiqc_report_plots/png/fastqc_trimmed_per_sequence_quality_scores_plot.png",
                "multiqc/RNASeq_multiqc_report_plots/png/fastqc_trimmed_sequence_counts_plot-cnt.png",
                "multiqc/RNASeq_multiqc_report_plots/png/fastqc_trimmed_sequence_counts_plot-pct.png",
                "multiqc/RNASeq_multiqc_report_plots/png/fastqc_trimmed_sequence_duplication_levels_plot.png",
                "multiqc/RNASeq_multiqc_report_plots/png/fastqc_trimmed_top_overrepresented_sequences_table.png",
                "multiqc/RNASeq_multiqc_report_plots/png/featureCounts_assignment_plot-cnt.png",
                "multiqc/RNASeq_multiqc_report_plots/png/featureCounts_assignment_plot-pct.png",
                "multiqc/RNASeq_multiqc_report_plots/png/featurecounts_biotype_plot-cnt.png",
                "multiqc/RNASeq_multiqc_report_plots/png/featurecounts_biotype_plot-pct.png",
                "multiqc/RNASeq_multiqc_report_plots/png/picard_deduplication-cnt.png",
                "multiqc/RNASeq_multiqc_report_plots/png/picard_deduplication-pct.png",
                "multiqc/RNASeq_multiqc_report_plots/png/picard_rna_coverage.png",
                "multiqc/RNASeq_multiqc_report_plots/png/picard_rnaseqmetrics_assignment_plot-cnt.png",
                "multiqc/RNASeq_multiqc_report_plots/png/picard_rnaseqmetrics_assignment_plot-pct.png",
                "multiqc/RNASeq_multiqc_report_plots/png/r_count_norm_metrics_Library_Size.png",
                "multiqc/RNASeq_multiqc_report_plots/png/r_count_norm_metrics_Normalization_Factor.png",
                "multiqc/RNASeq_multiqc_report_plots/png/samtools-flagstat-pct-table.png",
                "multiqc/RNASeq_multiqc_report_plots/png/samtools-flagstat-table.png",
                "multiqc/RNASeq_multiqc_report_plots/png/samtools-idxstats-mapped-reads-plot_Normalised_Counts-cnt.png",
                "multiqc/RNASeq_multiqc_report_plots/png/samtools-idxstats-mapped-reads-plot_Normalised_Counts-log.png",
                "multiqc/RNASeq_multiqc_report_plots/png/samtools-idxstats-mapped-reads-plot_Observed_over_Expected_Counts-cnt.png",
                "multiqc/RNASeq_multiqc_report_plots/png/samtools-idxstats-mapped-reads-plot_Observed_over_Expected_Counts-log.png",
                "multiqc/RNASeq_multiqc_report_plots/png/samtools-idxstats-mapped-reads-plot_Raw_Counts-cnt.png",
                "multiqc/RNASeq_multiqc_report_plots/png/samtools-idxstats-mapped-reads-plot_Raw_Counts-log.png",
                "multiqc/RNASeq_multiqc_report_plots/png/samtools-stats-dp.png",
                "multiqc/RNASeq_multiqc_report_plots/png/samtools_alignment_plot-cnt.png",
                "multiqc/RNASeq_multiqc_report_plots/png/samtools_alignment_plot-pct.png",
                "multiqc/RNASeq_multiqc_report_plots/png/star_alignment_plot-cnt.png",
                "multiqc/RNASeq_multiqc_report_plots/png/star_alignment_plot-pct.png",
                "multiqc/RNASeq_multiqc_report_plots/png/star_summary_table.png",
                "multiqc/RNASeq_multiqc_report_plots/svg",
                "multiqc/RNASeq_multiqc_report_plots/svg/correlation_heatmap.svg",
                "multiqc/RNASeq_multiqc_report_plots/svg/fastp-insert-size-plot.svg",
                "multiqc/RNASeq_multiqc_report_plots/svg/fastp-seq-content-gc-plot_Read_1_After_filtering.svg",
                "multiqc/RNASeq_multiqc_report_plots/svg/fastp-seq-content-gc-plot_Read_1_Before_filtering.svg",
                "multiqc/RNASeq_multiqc_report_plots/svg/fastp-seq-content-gc-plot_Read_2_After_filtering.svg",
                "multiqc/RNASeq_multiqc_report_plots/svg/fastp-seq-content-gc-plot_Read_2_Before_filtering.svg",
                "multiqc/RNASeq_multiqc_report_plots/svg/fastp-seq-content-n-plot_Read_1_After_filtering.svg",
                "multiqc/RNASeq_multiqc_report_plots/svg/fastp-seq-content-n-plot_Read_1_Before_filtering.svg",
                "multiqc/RNASeq_multiqc_report_plots/svg/fastp-seq-content-n-plot_Read_2_After_filtering.svg",
                "multiqc/RNASeq_multiqc_report_plots/svg/fastp-seq-content-n-plot_Read_2_Before_filtering.svg",
                "multiqc/RNASeq_multiqc_report_plots/svg/fastp-seq-quality-plot_Read_1_After_filtering.svg",
                "multiqc/RNASeq_multiqc_report_plots/svg/fastp-seq-quality-plot_Read_1_Before_filtering.svg",
                "multiqc/RNASeq_multiqc_report_plots/svg/fastp-seq-quality-plot_Read_2_After_filtering.svg",
                "multiqc/RNASeq_multiqc_report_plots/svg/fastp-seq-quality-plot_Read_2_Before_filtering.svg",
                "multiqc/RNASeq_multiqc_report_plots/svg/fastp_filtered_reads_plot-cnt.svg",
                "multiqc/RNASeq_multiqc_report_plots/svg/fastp_filtered_reads_plot-pct.svg",
                "multiqc/RNASeq_multiqc_report_plots/svg/fastqc_sequence_length_distribution_plot.svg",
                "multiqc/RNASeq_multiqc_report_plots/svg/fastqc_trimmed-status-check-heatmap.svg",
                "multiqc/RNASeq_multiqc_report_plots/svg/fastqc_trimmed_overrepresented_sequences_plot.svg",
                "multiqc/RNASeq_multiqc_report_plots/svg/fastqc_trimmed_per_base_n_content_plot.svg",
                "multiqc/RNASeq_multiqc_report_plots/svg/fastqc_trimmed_per_base_sequence_quality_plot.svg",
                "multiqc/RNASeq_multiqc_report_plots/svg/fastqc_trimmed_per_sequence_gc_content_plot_Counts.svg",
                "multiqc/RNASeq_multiqc_report_plots/svg/fastqc_trimmed_per_sequence_gc_content_plot_Percentages.svg",
                "multiqc/RNASeq_multiqc_report_plots/svg/fastqc_trimmed_per_sequence_quality_scores_plot.svg",
                "multiqc/RNASeq_multiqc_report_plots/svg/fastqc_trimmed_sequence_counts_plot-cnt.svg",
                "multiqc/RNASeq_multiqc_report_plots/svg/fastqc_trimmed_sequence_counts_plot-pct.svg",
                "multiqc/RNASeq_multiqc_report_plots/svg/fastqc_trimmed_sequence_duplication_levels_plot.svg",
                "multiqc/RNASeq_multiqc_report_plots/svg/fastqc_trimmed_top_overrepresented_sequences_table.svg",
                "multiqc/RNASeq_multiqc_report_plots/svg/featureCounts_assignment_plot-cnt.svg",
                "multiqc/RNASeq_multiqc_report_plots/svg/featureCounts_assignment_plot-pct.svg",
                "multiqc/RNASeq_multiqc_report_plots/svg/featurecounts_biotype_plot-cnt.svg",
                "multiqc/RNASeq_multiqc_report_plots/svg/featurecounts_biotype_plot-pct.svg",
                "multiqc/RNASeq_multiqc_report_plots/svg/picard_deduplication-cnt.svg",
                "multiqc/RNASeq_multiqc_report_plots/svg/picard_deduplication-pct.svg",
                "multiqc/RNASeq_multiqc_report_plots/svg/picard_rna_coverage.svg",
                "multiqc/RNASeq_multiqc_report_plots/svg/picard_rnaseqmetrics_assignment_plot-cnt.svg",
                "multiqc/RNASeq_multiqc_report_plots/svg/picard_rnaseqmetrics_assignment_plot-pct.svg",
                "multiqc/RNASeq_multiqc_report_plots/svg/r_count_norm_metrics_Library_Size.svg",
                "multiqc/RNASeq_multiqc_report_plots/svg/r_count_norm_metrics_Normalization_Factor.svg",
                "multiqc/RNASeq_multiqc_report_plots/svg/samtools-flagstat-pct-table.svg",
                "multiqc/RNASeq_multiqc_report_plots/svg/samtools-flagstat-table.svg",
                "multiqc/RNASeq_multiqc_report_plots/svg/samtools-idxstats-mapped-reads-plot_Normalised_Counts-cnt.svg",
                "multiqc/RNASeq_multiqc_report_plots/svg/samtools-idxstats-mapped-reads-plot_Normalised_Counts-log.svg",
                "multiqc/RNASeq_multiqc_report_plots/svg/samtools-idxstats-mapped-reads-plot_Observed_over_Expected_Counts-cnt.svg",
                "multiqc/RNASeq_multiqc_report_plots/svg/samtools-idxstats-mapped-reads-plot_Observed_over_Expected_Counts-log.svg",
                "multiqc/RNASeq_multiqc_report_plots/svg/samtools-idxstats-mapped-reads-plot_Raw_Counts-cnt.svg",
                "multiqc/RNASeq_multiqc_report_plots/svg/samtools-idxstats-mapped-reads-plot_Raw_Counts-log.svg",
                "multiqc/RNASeq_multiqc_report_plots/svg/samtools-stats-dp.svg",
                "multiqc/RNASeq_multiqc_report_plots/svg/samtools_alignment_plot-cnt.svg",
                "multiqc/RNASeq_multiqc_report_plots/svg/samtools_alignment_plot-pct.svg",
                "multiqc/RNASeq_multiqc_report_plots/svg/star_alignment_plot-cnt.svg",
                "multiqc/RNASeq_multiqc_report_plots/svg/star_alignment_plot-pct.svg",
                "multiqc/RNASeq_multiqc_report_plots/svg/star_summary_table.svg",
                "pipeline_info",
                "pipeline_info/rnaseq_software_mqc_versions.yml",
                "quantification",
                "quantification/RAP1_IAA_30M_REP1.featureCounts.tsv",
                "quantification/RAP1_IAA_30M_REP1.featureCounts.tsv.summary",
                "quantification/RAP1_UNINDUCED_REP1.featureCounts.tsv",
                "quantification/RAP1_UNINDUCED_REP1.featureCounts.tsv.summary",
                "quantification/RAP1_UNINDUCED_REP2.featureCounts.tsv",
                "quantification/RAP1_UNINDUCED_REP2.featureCounts.tsv.summary",
                "quantification/WT_REP1.featureCounts.tsv",
                "quantification/WT_REP1.featureCounts.tsv.summary",
                "quantification/WT_REP2.featureCounts.tsv",
                "quantification/WT_REP2.featureCounts.tsv.summary",
                "quantification/biotypes",
                "quantification/biotypes/RAP1_IAA_30M_REP1.biotypes.tsv",
                "quantification/biotypes/RAP1_IAA_30M_REP1.biotypes.tsv.summary",
                "quantification/biotypes/RAP1_UNINDUCED_REP1.biotypes.tsv",
                "quantification/biotypes/RAP1_UNINDUCED_REP1.biotypes.tsv.summary",
                "quantification/biotypes/RAP1_UNINDUCED_REP2.biotypes.tsv",
                "quantification/biotypes/RAP1_UNINDUCED_REP2.biotypes.tsv.summary",
                "quantification/biotypes/WT_REP1.biotypes.tsv",
                "quantification/biotypes/WT_REP1.biotypes.tsv.summary",
                "quantification/biotypes/WT_REP2.biotypes.tsv",
                "quantification/biotypes/WT_REP2.biotypes.tsv.summary",
                "quantification/joined_matrix.tsv",
                "trimming",
                "trimming/RAP1_IAA_30M_REP1.fastp.html",
                "trimming/RAP1_IAA_30M_REP1.fastp.json",
                "trimming/RAP1_UNINDUCED_REP1.fastp.html",
                "trimming/RAP1_UNINDUCED_REP1.fastp.json",
                "trimming/RAP1_UNINDUCED_REP2.fastp.html",
                "trimming/RAP1_UNINDUCED_REP2.fastp.json",
                "trimming/WT_REP1.fastp.html",
                "trimming/WT_REP1.fastp.json",
                "trimming/WT_REP2.fastp.html",
                "trimming/WT_REP2.fastp.json",
                "trimming/log",
                "trimming/log/RAP1_IAA_30M_REP1.fastp.log",
                "trimming/log/RAP1_UNINDUCED_REP1.fastp.log",
                "trimming/log/RAP1_UNINDUCED_REP2.fastp.log",
                "trimming/log/WT_REP1.fastp.log",
                "trimming/log/WT_REP2.fastp.log"
            ],
            [
                "RAP1_IAA_30M_REP1.markdup.sorted.bam:md5,80a738b4792abd67e9501d7297d9365e",
                "RAP1_IAA_30M_REP1.markdup.sorted.bam.bai:md5,658f422a4a6a410a8b0480af166cec8b",
                "RAP1_UNINDUCED_REP1.markdup.sorted.bam:md5,8de9cb350cdcf93c43aca865d2f8e0d2",
                "RAP1_UNINDUCED_REP1.markdup.sorted.bam.bai:md5,535037f09e1e013cd62a19ab82a03c10",
                "RAP1_UNINDUCED_REP2.markdup.sorted.bam:md5,49d5b0da8dfef35633e5a0400a39ee69",
                "RAP1_UNINDUCED_REP2.markdup.sorted.bam.bai:md5,c0e32ccefb94676d9d325f763203b165",
                "WT_REP1.markdup.sorted.bam:md5,80e61acc82bcc48e3b2c3945de8bd6ee",
                "WT_REP1.markdup.sorted.bam.bai:md5,46642617beb8e33e75e178a01a4e574d",
                "WT_REP2.markdup.sorted.bam:md5,deed39fda5750ed481b1134d05c0f749",
                "WT_REP2.markdup.sorted.bam.bai:md5,ef367e838ad9e2645ea9c895f4c5147a",
                "RAP1_IAA_30M_REP1.Log.final.out:md5,8b300110262268edee473df8792d0d84",
                "RAP1_IAA_30M_REP1.Log.out:md5,d3c6a2feb39ce695c73612851850a4c7",
                "RAP1_IAA_30M_REP1.Log.progress.out:md5,49d267bf7c318c3b5b8b441b79bd84bc",
                "RAP1_IAA_30M_REP1.SJ.out.tab:md5,90dc3f7c7c1de15f489d5d42c13ae915",
                "RAP1_UNINDUCED_REP1.Log.final.out:md5,0bb4eb6fbcc738bf73f142069bf373d3",
                "RAP1_UNINDUCED_REP1.Log.out:md5,71b5f46c71e10618e035f6d94f68cc8c",
                "RAP1_UNINDUCED_REP1.Log.progress.out:md5,e941cb032168a398a181b2af616772b4",
                "RAP1_UNINDUCED_REP1.SJ.out.tab:md5,2287ecde18a395cda3a113e8fb14b6d9",
                "RAP1_UNINDUCED_REP2.Log.final.out:md5,5f4adfd8e73d6c9d1b0aedf4072dbe66",
                "RAP1_UNINDUCED_REP2.Log.out:md5,0f94a42f4d5c0a23dd7e05d65858609c",
                "RAP1_UNINDUCED_REP2.Log.progress.out:md5,d5e72497a9e6359d58507e199ea57c37",
                "RAP1_UNINDUCED_REP2.SJ.out.tab:md5,edd5d8c656ba1e28416dc5c24d3dd65b",
                "WT_REP1.Log.final.out:md5,64f3885b13f4561ed23d3d248b9d0f5f",
                "WT_REP1.Log.out:md5,8964fe100ad5a35b8894bf342c80a461",
                "WT_REP1.Log.progress.out:md5,1224275f2d87190a129b4bcd59863528",
                "WT_REP1.SJ.out.tab:md5,c081ac17ab84e442bcd25f138509531c",
                "WT_REP2.Log.final.out:md5,518804d294342326190606b2d035abed",
                "WT_REP2.Log.out:md5,70ec0782434b8654516d7cbde7069d68",
                "WT_REP2.Log.progress.out:md5,3ae3b21199e905b068e28ce02ab2221b",
                "WT_REP2.SJ.out.tab:md5,425de60e6d534612ca03091d734a4490",
                "RAP1_IAA_30M_REP1.markdup.sorted.MarkDuplicates.metrics.txt:md5,ecf1ff348e5c413ad1e524f42519f198",
                "RAP1_IAA_30M_REP1.rna_metrics:md5,fc57ae9db5f2024b22f515fcdeb60a72",
                "RAP1_UNINDUCED_REP1.markdup.sorted.MarkDuplicates.metrics.txt:md5,c812ff662b088755efed4a923b438cf1",
                "RAP1_UNINDUCED_REP1.rna_metrics:md5,f109318ac12f97bbdca8ef69f0edda14",
                "RAP1_UNINDUCED_REP2.markdup.sorted.MarkDuplicates.metrics.txt:md5,5cb2d5e8692c7d6134c5af1f2f99e366",
                "RAP1_UNINDUCED_REP2.rna_metrics:md5,9e9667e434c248d02a0c807cc205b520",
                "WT_REP1.markdup.sorted.MarkDuplicates.metrics.txt:md5,a69719056ff6f53aa59851f9f5ace0da",
                "WT_REP1.rna_metrics:md5,62953a1b9ad3d6794a83fafc734f5548",
                "WT_REP2.markdup.sorted.MarkDuplicates.metrics.txt:md5,bae457df32e99652ddda8331ebf1a1bb",
                "WT_REP2.rna_metrics:md5,dde01b87b68158df8fc841b435253941",
                "RAP1_IAA_30M_REP1.markdup.sorted.bam.flagstat:md5,87a0df3fd4d663e5f68c41dbd670e3ec",
                "RAP1_IAA_30M_REP1.markdup.sorted.bam.idxstats:md5,2fdef7a59e7cff3e919c42d80cf2a6a4",
                "RAP1_IAA_30M_REP1.markdup.sorted.bam.stats:md5,005991fd14daaef964463ad15f8ebc32",
                "RAP1_UNINDUCED_REP1.markdup.sorted.bam.flagstat:md5,f8e75c409aeba855ad64a57d93adbd00",
                "RAP1_UNINDUCED_REP1.markdup.sorted.bam.idxstats:md5,a12256948ecbef5d58cfa70512f189c1",
                "RAP1_UNINDUCED_REP1.markdup.sorted.bam.stats:md5,156ab361ba8a1af9f3b7fcf74c0555a0",
                "RAP1_UNINDUCED_REP2.markdup.sorted.bam.flagstat:md5,9eb5d985e4f8e69355b07ab77b0071b8",
                "RAP1_UNINDUCED_REP2.markdup.sorted.bam.idxstats:md5,4954becd5ec59a155ab4c377dae6249b",
                "RAP1_UNINDUCED_REP2.markdup.sorted.bam.stats:md5,99ec6b57f48af6b8ce075f4082c2beb3",
                "WT_REP1.markdup.sorted.bam.flagstat:md5,0801aa14aa4b1d6467888f703c817b1d",
                "WT_REP1.markdup.sorted.bam.idxstats:md5,7e75ac0dbfc6cfedd9ae71e5057dea67",
                "WT_REP1.markdup.sorted.bam.stats:md5,47ab90e744b21aa5f712a91023f97ac3",
                "WT_REP2.markdup.sorted.bam.flagstat:md5,61b7dfbe17bc828d09de76ef979c011a",
                "WT_REP2.markdup.sorted.bam.idxstats:md5,9236cccc51fedf77b48db53416ea3be2",
                "WT_REP2.markdup.sorted.bam.stats:md5,020ec2965ef592d2956ff4b99de180b6",
                "RAP1_IAA_30M_REP1.unmapped_1.fastq.gz:md5,47b60fa04019f8e4d1be5258c2c864bd",
                "RAP1_IAA_30M_REP1.unmapped_2.fastq.gz:md5,af5d5beb33e84eb8d4967b6419afcf37",
                "RAP1_UNINDUCED_REP1.unmapped_1.fastq.gz:md5,24e970edcf4cac25c6ee368ee545ffaa",
                "RAP1_UNINDUCED_REP2.unmapped_1.fastq.gz:md5,63f2f7d9ccdc1b0f619079267bc69439",
                "WT_REP1.unmapped_1.fastq.gz:md5,fc53f7ba259fa129e3d760b26a8c4f5a",
                "WT_REP1.unmapped_2.fastq.gz:md5,a98da1dda1f7604570c74f212d43c13f",
                "WT_REP2.unmapped_1.fastq.gz:md5,eb3116e07207b879a061c594006be2d3",
                "WT_REP2.unmapped_2.fastq.gz:md5,18bc6eb63b29a019bef24aeaaba20c11",
                "deseq2_summary.condition_RAP1_IAA_30M_vs_WT.txt:md5,8d1c823ea4c666bfd409635913330ea3",
                "deseq2_toptable.condition_RAP1_IAA_30M_vs_WT.txt:md5,bd94bb499b6defeafaf484a42e6a01fa",
                "gsea.condition_RAP1_IAA_30M_vs_WT.TOP_25.txt:md5,df2ff06170019bf04899de579db3a60d",
                "gsea.condition_RAP1_IAA_30M_vs_WT.s_cervisiae_genelist.pdf:md5,3036401cd989153caa48629768fce08e",
                "gsea.condition_RAP1_IAA_30M_vs_WT.xlsx:md5,a3ec2364e037d5d1dd4b7cfd43a39e8e",
                "pvalue_hist.condition_RAP1_IAA_30M_vs_WT.pdf:md5,dcf93c9abc03642a2a823ef102ef346b",
                "volcano.condition_RAP1_IAA_30M_vs_WT.pdf:md5,d9ccc24567b68892fac4c2000df79472",
                "deseq2_summary.condition_RAP1_UNINDUCED_vs_WT.txt:md5,d6f57dca7218a55173f3f8b28d06244b",
                "deseq2_toptable.condition_RAP1_UNINDUCED_vs_WT.txt:md5,49c23afbf9ec14c9420065e79329d1f3",
                "gsea.condition_RAP1_UNINDUCED_vs_WT.TOP_25.txt:md5,c3925388483839572aeb6224c972dd4b",
                "gsea.condition_RAP1_UNINDUCED_vs_WT.s_cervisiae_genelist.pdf:md5,3f7bab12ffd89c70b4de915f52ae2a61",
                "gsea.condition_RAP1_UNINDUCED_vs_WT.xlsx:md5,0b73583fa63a0b8f5b8065b97fca448f",
                "pvalue_hist.condition_RAP1_UNINDUCED_vs_WT.pdf:md5,09ab272222732f2d086d2b6ddfdd6d6b",
                "volcano.condition_RAP1_UNINDUCED_vs_WT.pdf:md5,ee458c8a53192ba121406f47ab2cc090",
                "dea_joined_matrix_summary.txt:md5,e50f76c55a76c7a478e89c63e59637e7",
                "MDS_scoreplots.pdf:md5,c2b594b70d05267110a380f93810c7f9",
                "MDS_scores.txt:md5,9103e5518c8a82e6b0310ddac49c14c9",
                "PC1_vs_PC2_scoreplots.pdf:md5,b2ddfadd1c82a4d166c95578a6c9f710",
                "PC3_vs_PC4_scoreplots.pdf:md5,2f1483228c4df65b877cc660b38c14f8",
                "PCA_explained_variance.txt:md5,b28db9ee9a96f59edb52e9f1e32299fc",
                "PCA_scores.txt:md5,1e732b862e6eea15efa108ed5b27f5f9",
                "heatmap_control_genes.pdf:md5,bf145eb8cc5bc6d5a39f91fd6d1cd650",
                "heatmap_control_genes_mqc.png:md5,8a4cfcd32015f20d03a22d210a41c1ca",
                "joined_matrix.rds:md5,36e4a2c1269437c5bbfcc89816769104",
                "cpm.txt:md5,37c5e03150d8579ad6e115214096571a",
                "lib_size_factors.txt:md5,60755e5644d6bfda66abab21028966c4",
                "log.norm.rpkm.txt:md5,ef397067042c11c560c63ff852d1ac4c",
                "samples_correlation_heatmap.pdf:md5,884b7e385f124109b3e2002917efa5ac",
                "samples_correlation_heatmap_mqc.png:md5,57d3333d015b21130ce04165f8678c3c",
                "samples_correlation_table.txt:md5,39aa5388c41840986051bb34c5a83fd7",
                "RAP1_IAA_30M_REP1_raw_1_fastqc.html:md5,419442aea4ee3317fa028bd25805565f",
                "RAP1_IAA_30M_REP1_raw_1_fastqc.zip:md5,9a2e83bc8a69502c61f5b869e1ac5d99",
                "RAP1_IAA_30M_REP1_raw_2_fastqc.html:md5,fba3eed3f8dab266f4a3434639262f84",
                "RAP1_IAA_30M_REP1_raw_2_fastqc.zip:md5,52a8cb29d5c3f532905727702563cdde",
                "RAP1_UNINDUCED_REP1_raw_fastqc.html:md5,84adb6c0823820f8e55257c44ded4559",
                "RAP1_UNINDUCED_REP1_raw_fastqc.zip:md5,1cf241fa3a59cea2d891212be2a09f6c",
                "RAP1_UNINDUCED_REP2_raw_fastqc.html:md5,5922269a053bdbaceaa43e18dc5dc31c",
                "RAP1_UNINDUCED_REP2_raw_fastqc.zip:md5,2c88e1ad01aadcb78d4ca443ab4f414f",
                "WT_REP1_raw_1_fastqc.html:md5,15bb2f9e6e922e933193d5101749afca",
                "WT_REP1_raw_1_fastqc.zip:md5,467e28769a98273d33230a3c70e90221",
                "WT_REP1_raw_2_fastqc.html:md5,15cf695a6f19a738ba85ff0ae2d9c031",
                "WT_REP1_raw_2_fastqc.zip:md5,3e29a8f728daf77ba4e5a50c4d8b9547",
                "WT_REP2_raw_1_fastqc.html:md5,5fd731aebe615685fddf163d9cfd6b9e",
                "WT_REP2_raw_1_fastqc.zip:md5,22f5953b57e9f2b3775752bedcff278c",
                "WT_REP2_raw_2_fastqc.html:md5,412ed6b6e2674a6a766471167efe3339",
                "WT_REP2_raw_2_fastqc.zip:md5,a65233e5b43c743bdb172ba2b2eac12f",
                "RAP1_IAA_30M_REP1_trimmed_1_fastqc.html:md5,060bc38ae628d73de5e4da0d912b87ea",
                "RAP1_IAA_30M_REP1_trimmed_1_fastqc.zip:md5,cad9ccda0aad508f6545bb5469966f88",
                "RAP1_IAA_30M_REP1_trimmed_2_fastqc.html:md5,0a270db58087b8338ebec1d07679b243",
                "RAP1_IAA_30M_REP1_trimmed_2_fastqc.zip:md5,b16ea9a0832f5d2d7163c5af3b51971b",
                "RAP1_UNINDUCED_REP1_trimmed_fastqc.html:md5,02e376879457e32905f327aa9f5568e2",
                "RAP1_UNINDUCED_REP1_trimmed_fastqc.zip:md5,e9cd77b31f7f35549a7fe598b50b4abd",
                "RAP1_UNINDUCED_REP2_trimmed_fastqc.html:md5,0f4f7a4c37aa9f38861001e59f1fdbec",
                "RAP1_UNINDUCED_REP2_trimmed_fastqc.zip:md5,d62a605ca30a3b76572c70ca76303042",
                "WT_REP1_trimmed_1_fastqc.html:md5,73e97d3c1deef7f9a4a9f1077ff0cc6a",
                "WT_REP1_trimmed_1_fastqc.zip:md5,5d5679446de01326e5d7e8b86b8e7bcc",
                "WT_REP1_trimmed_2_fastqc.html:md5,92485841b94f1eff00e1a7f1c11f1a4a",
                "WT_REP1_trimmed_2_fastqc.zip:md5,bcc3fbd5dd60a1681e440728f3d82428",
                "WT_REP2_trimmed_1_fastqc.html:md5,4ce98a8d88b48e5998ef54c8206e6cb9",
                "WT_REP2_trimmed_1_fastqc.zip:md5,a7303c640a073dcf9e3edab49f48cc2d",
                "WT_REP2_trimmed_2_fastqc.html:md5,eab8f2051fdb605d4b5975e78d076ed1",
                "WT_REP2_trimmed_2_fastqc.zip:md5,c16853200c5ce51de3b53dd416fbbe48",
                "RNASeq_multiqc_report.html:md5,0200a30f9d1078403534c5a37188f6d0",
                "fastp-insert-size-plot.txt:md5,585d09da47c0a078c3b162ea6c19b20f",
                "fastp-seq-content-gc-plot_Read_1_After_filtering.txt:md5,22cb91158e324b81cd271e68bf702ede",
                "fastp-seq-content-gc-plot_Read_1_Before_filtering.txt:md5,bc4a3bce20f59e418b36b545a39e0c40",
                "fastp-seq-content-gc-plot_Read_2_After_filtering.txt:md5,11f1903b99156f660e2bf8560a2f7b9e",
                "fastp-seq-content-gc-plot_Read_2_Before_filtering.txt:md5,ab35e77f5c2cb23ab2ac0dc386398a9b",
                "fastp-seq-content-n-plot_Read_1_After_filtering.txt:md5,2853b3593d2cc2dc5e68896d66882700",
                "fastp-seq-content-n-plot_Read_1_Before_filtering.txt:md5,165205d6cd34646c7fd9c518789434ce",
                "fastp-seq-content-n-plot_Read_2_After_filtering.txt:md5,7b2629fc25610070605e0cd3be635b62",
                "fastp-seq-content-n-plot_Read_2_Before_filtering.txt:md5,73553546542a53890271a0286c32ac31",
                "fastp-seq-quality-plot_Read_1_After_filtering.txt:md5,91843f70f3e6ed2e0cb582fbc49c6e7d",
                "fastp-seq-quality-plot_Read_1_Before_filtering.txt:md5,da3aa7bbf976fa04d4cb1fb09f60101b",
                "fastp-seq-quality-plot_Read_2_After_filtering.txt:md5,44db75068cbb7dfca62e3c5b0d82b95c",
                "fastp-seq-quality-plot_Read_2_Before_filtering.txt:md5,1c540464171036a1f4edc1f4fc0e8be4",
                "fastp_filtered_reads_plot.txt:md5,6f4ec31b0383cfe5cb3ef087d5f39911",
                "fastqc_sequence_length_distribution_plot.txt:md5,444a8eb91a9e8fbae89e4714007599d4",
                "fastqc_trimmed-status-check-heatmap.txt:md5,57d11b7530fc58866688861662e94116",
                "fastqc_trimmed_overrepresented_sequences_plot.txt:md5,22e498685b301157275fcd5310d3adba",
                "fastqc_trimmed_per_base_n_content_plot.txt:md5,0bd72a73b02b18ec8ee8f2897faf03b5",
                "fastqc_trimmed_per_base_sequence_quality_plot.txt:md5,3b0dae19a38f43903a08f10d7731982c",
                "fastqc_trimmed_per_sequence_gc_content_plot_Counts.txt:md5,7cb1cfa32ed85cfad34a052c481a181d",
                "fastqc_trimmed_per_sequence_gc_content_plot_Percentages.txt:md5,ab87a60be17e17b96e2431c5a076dca9",
                "fastqc_trimmed_per_sequence_quality_scores_plot.txt:md5,4043f33c4394548b096ff4e06d59045d",
                "fastqc_trimmed_sequence_counts_plot.txt:md5,4f53c5bae7e605910c29218f89f18737",
                "fastqc_trimmed_sequence_duplication_levels_plot.txt:md5,e7775cdc14942fdaf45bfd7a3c2088b5",
                "fastqc_trimmed_top_overrepresented_sequences_table.txt:md5,90b38fb44c17134388a235ee8c3b3d6d",
                "featureCounts_assignment_plot.txt:md5,f2ffe747c192a4f7c2fd82f7c56dcd94",
                "llms-full.txt:md5,2b55e556ce084c5768f15c4fa676dab1",
                "multiqc.log:md5,5549c9d9a6ddffe2a8d6d34ccec4c167",
                "multiqc.parquet:md5,703380b7056564bcb96f4f8947d90435",
                "multiqc_citations.txt:md5,bc7d9168f5b8f1ab3738cbb9af3b9e81",
                "multiqc_correlation_heatmap.txt:md5,1c9a391ed3a29741aa13003cb84ca984",
                "multiqc_data.json:md5,570d6a6eaa6ed868fd956de0023d48fd",
                "multiqc_fastp_fastp.txt:md5,055336fc21781c15f0518c9560d4c1f2",
                "multiqc_fastqc_fastqc_trimmed.txt:md5,a62da316ac45548e5341876028027ad5",
                "multiqc_featurecounts_biotype_plot.txt:md5,6d985bff7210970cacc0d92a3ab110ab",
                "multiqc_featurecounts_featurecounts.txt:md5,e2d4f5ae81983482cc1dc70e3a2e02f0",
                "multiqc_general_stats.txt:md5,d6ac6bdae248b55d51d499a112f7e6a1",
                "multiqc_picard_RnaSeqMetrics_picard.txt:md5,3862dc5686726bd524c8a3cc3c2e8c09",
                "multiqc_picard_dups_picard.txt:md5,dfb2369d758c6335f3ef8bac491292f0",
                "multiqc_samtools_flagstat_samtools.txt:md5,8c8d1734472d4beb8e32b275ef3f47a5",
                "multiqc_samtools_idxstats_samtools.txt:md5,9c0d2739bfbc6996635413748b4d9f65",
                "multiqc_samtools_stats_samtools.txt:md5,112cf84c8d4fbd7639018b84084f7787",
                "multiqc_software_versions.txt:md5,9658d89843e1dd3df9a92b4c77f2c9bf",
                "multiqc_sources.txt:md5,e42dd4dcc5271c89d68d4809d92d4e94",
                "multiqc_star_star.txt:md5,6a5843953e6538c7e0a7c6a9087c00f8",
                "picard_MarkIlluminaAdapters_histogram_picard.txt:md5,d41d8cd98f00b204e9800998ecf8427e",
                "picard_MeanQualityByCycle_histogram_picard.txt:md5,d41d8cd98f00b204e9800998ecf8427e",
                "picard_MeanQualityByCycle_histogram_picard_1.txt:md5,d41d8cd98f00b204e9800998ecf8427e",
                "picard_QualityScoreDistribution_histogram_picard.txt:md5,d41d8cd98f00b204e9800998ecf8427e",
                "picard_deduplication.txt:md5,6b5846de4a2f26b5a3ae21db1c6ab09a",
                "picard_rna_coverage.txt:md5,8aea04603e56c50f536482258f1a2daf",
                "picard_rnaseqmetrics_assignment_plot.txt:md5,8c1ebf23347d7110b6bef1d207bf227c",
                "r_count_norm_data_r_count_norm.txt:md5,4c5f85da6489f33c29ac44d809414738",
                "r_count_norm_metrics_Library_Size.txt:md5,f61999f0d73b5403f946e0707e3db445",
                "r_count_norm_metrics_Normalization_Factor.txt:md5,ceaa149303067fb579fe231002f0d873",
                "samtools-flagstat-pct-table.txt:md5,831dc4b2cc4ea8d0cf79f27ebf51e257",
                "samtools-flagstat-table.txt:md5,e440d8c7ddf166c02d094b7419160288",
                "samtools-idxstats-mapped-reads-plot_Normalised_Counts.txt:md5,75acd04232d1804b5f960ee4c5db4722",
                "samtools-idxstats-mapped-reads-plot_Observed_over_Expected_Counts.txt:md5,75acd04232d1804b5f960ee4c5db4722",
                "samtools-idxstats-mapped-reads-plot_Raw_Counts.txt:md5,fd279e3b990c92aad41981a5a693e147",
                "samtools-stats-dp.txt:md5,234d5390b6e6fb4bea21cfe82bf86e91",
                "samtools_alignment_plot.txt:md5,f6a3e6d717fb9030e4bab076b7b9e0c4",
                "star_alignment_plot.txt:md5,81e5efc094c7133a74318d4587b5fde2",
                "star_summary_table.txt:md5,7554e3965f171f21a4fd89a2182f9522",
                "correlation_heatmap.pdf:md5,7de68a87420f7312d27fc041a133c553",
                "fastp-insert-size-plot.pdf:md5,1cdba7fd22f2524d5f5a7645b69cbd67",
                "fastp-seq-content-gc-plot_Read_1_After_filtering.pdf:md5,8589ae74a2755011f2b1abcd7c9163cc",
                "fastp-seq-content-gc-plot_Read_1_Before_filtering.pdf:md5,ed1aa0bfbbe3eb6a62672415dbd676d5",
                "fastp-seq-content-gc-plot_Read_2_After_filtering.pdf:md5,d98bc8f3c0104fef31dfa3ce4bdee131",
                "fastp-seq-content-gc-plot_Read_2_Before_filtering.pdf:md5,17bbb18adebdaee5ee2896cd2a4e26a8",
                "fastp-seq-content-n-plot_Read_1_After_filtering.pdf:md5,ded2f3c5e31f7649ac80cd6bc163e468",
                "fastp-seq-content-n-plot_Read_1_Before_filtering.pdf:md5,46712ad6f4596b424c8faf2089413d88",
                "fastp-seq-content-n-plot_Read_2_After_filtering.pdf:md5,b18009c18cf14e1585282a533c901d3f",
                "fastp-seq-content-n-plot_Read_2_Before_filtering.pdf:md5,6850943deb695c8b7aad8628f2fa53ff",
                "fastp-seq-quality-plot_Read_1_After_filtering.pdf:md5,02bbc759bcdd361e31dbaa6ef8cb0e8d",
                "fastp-seq-quality-plot_Read_1_Before_filtering.pdf:md5,806720ec5239efce4efa8e950b8b3e9c",
                "fastp-seq-quality-plot_Read_2_After_filtering.pdf:md5,06e7e60b834867646394286f82664a93",
                "fastp-seq-quality-plot_Read_2_Before_filtering.pdf:md5,aaa5d75183d21f19eee3fcbf8c102b2d",
                "fastp_filtered_reads_plot-cnt.pdf:md5,c11a4943af0811881faaba3e1b965ecc",
                "fastp_filtered_reads_plot-pct.pdf:md5,0c20bad08fc3916deea0d7ff6b146d5c",
                "fastqc_sequence_length_distribution_plot.pdf:md5,6e124daf4220f95b91fdbc38a7bb5258",
                "fastqc_trimmed-status-check-heatmap.pdf:md5,c06bd510506b4643f94b75d4b8319b22",
                "fastqc_trimmed_overrepresented_sequences_plot.pdf:md5,bdca0758ea0a66c57209312a8ae2b89b",
                "fastqc_trimmed_per_base_n_content_plot.pdf:md5,23657a3fbbf61befdcf53ba3fd2bb080",
                "fastqc_trimmed_per_base_sequence_quality_plot.pdf:md5,8dd4d7869a01e85e7b53c3924ea44896",
                "fastqc_trimmed_per_sequence_gc_content_plot_Counts.pdf:md5,1648b74a1ad8cbbbc81f5b71286fba70",
                "fastqc_trimmed_per_sequence_gc_content_plot_Percentages.pdf:md5,fa7c91d6934c4bbf2eea8024daca835e",
                "fastqc_trimmed_per_sequence_quality_scores_plot.pdf:md5,4386c969f59efbc4b4bb9f693212551f",
                "fastqc_trimmed_sequence_counts_plot-cnt.pdf:md5,ad67cac4acfec366ff4da6ffa0238a3b",
                "fastqc_trimmed_sequence_counts_plot-pct.pdf:md5,765185cb6ef200737848188960fab9c4",
                "fastqc_trimmed_sequence_duplication_levels_plot.pdf:md5,0bc4780d69d1f443180e40b7001ac687",
                "fastqc_trimmed_top_overrepresented_sequences_table.pdf:md5,73a98304d75f44a13a690e46c985918f",
                "featureCounts_assignment_plot-cnt.pdf:md5,d164ce96ce90f27da9e9bb8a5b87d51f",
                "featureCounts_assignment_plot-pct.pdf:md5,9c501b20bfd5d19a4b438c4eaf49640d",
                "featurecounts_biotype_plot-cnt.pdf:md5,5e0e68197835a5bb9a3a7526d53a7785",
                "featurecounts_biotype_plot-pct.pdf:md5,31ccc2433e331e6b5a635dcc836efb4b",
                "picard_deduplication-cnt.pdf:md5,d289f4d28fd4f6ce600832a09810dfbe",
                "picard_deduplication-pct.pdf:md5,9d51283b6cc9579734c7005f116fa6a4",
                "picard_rna_coverage.pdf:md5,e45941ab61451bde3b163868a1561338",
                "picard_rnaseqmetrics_assignment_plot-cnt.pdf:md5,b36ee00207f570cd7b3c3c6389c8ff00",
                "picard_rnaseqmetrics_assignment_plot-pct.pdf:md5,49d5bcde602733c99b5db4a1d65f422c",
                "r_count_norm_metrics_Library_Size.pdf:md5,7cce5ed3497f036fc1f31eaca8b4d097",
                "r_count_norm_metrics_Normalization_Factor.pdf:md5,89f44f1cbb5bc982ff5e013ea6637ed7",
                "samtools-flagstat-pct-table.pdf:md5,e4fd3240f4e8ac00436519484b41cd67",
                "samtools-flagstat-table.pdf:md5,fa44a8eda806493a31fc776136eaae5d",
                "samtools-idxstats-mapped-reads-plot_Normalised_Counts-cnt.pdf:md5,04dd72c97a2ae3ca16c4132b0255e8f3",
                "samtools-idxstats-mapped-reads-plot_Normalised_Counts-log.pdf:md5,ec681470cdb729dd1ff1a6580f601a85",
                "samtools-idxstats-mapped-reads-plot_Observed_over_Expected_Counts-cnt.pdf:md5,9e2d47421f190d17e0dc9e817d688694",
                "samtools-idxstats-mapped-reads-plot_Observed_over_Expected_Counts-log.pdf:md5,79bc86e2e08785bbfe3954555fd6df5e",
                "samtools-idxstats-mapped-reads-plot_Raw_Counts-cnt.pdf:md5,8243de93ae71049832546182c555048f",
                "samtools-idxstats-mapped-reads-plot_Raw_Counts-log.pdf:md5,54f0c49efabb1692406e16d222190672",
                "samtools-stats-dp.pdf:md5,36a51d407719d5fa3c9e2529e08f8e8a",
                "samtools_alignment_plot-cnt.pdf:md5,c6cadb55fb37a9d830288d75cb4c20fd",
                "samtools_alignment_plot-pct.pdf:md5,03b9c8e9df750fc547e9e1e1cb37339f",
                "star_alignment_plot-cnt.pdf:md5,a7b7494a5ce64151e7c2e03a87572b39",
                "star_alignment_plot-pct.pdf:md5,b8c1d0052ac68049de02a54bd39414b0",
                "star_summary_table.pdf:md5,80043de448a3ea78d99888b2b1c19ea4",
                "correlation_heatmap.png:md5,7b865b709fc688cb17ae960a66bb56c1",
                "fastp-insert-size-plot.png:md5,9b9c98f37c3f6bdb7bb1a9c629305222",
                "fastp-seq-content-gc-plot_Read_1_After_filtering.png:md5,fdb97897331322e981e4adaa7904d54e",
                "fastp-seq-content-gc-plot_Read_1_Before_filtering.png:md5,f11e22f74630148c5bc902433118b165",
                "fastp-seq-content-gc-plot_Read_2_After_filtering.png:md5,da8c60a33f8b1a4522c3aa7ec27e5a41",
                "fastp-seq-content-gc-plot_Read_2_Before_filtering.png:md5,ec867e418a3687c9ee333db39d08f230",
                "fastp-seq-content-n-plot_Read_1_After_filtering.png:md5,05a0869baf3f149f0d1376d018495cc6",
                "fastp-seq-content-n-plot_Read_1_Before_filtering.png:md5,07e8ff1e381aeab8033ac9962c78debe",
                "fastp-seq-content-n-plot_Read_2_After_filtering.png:md5,442418310d5151eee930a90a30f865b8",
                "fastp-seq-content-n-plot_Read_2_Before_filtering.png:md5,48e1c899cc120cd977a8c959e27db679",
                "fastp-seq-quality-plot_Read_1_After_filtering.png:md5,49d15ad589bed1257e60fce891663c8a",
                "fastp-seq-quality-plot_Read_1_Before_filtering.png:md5,59e723a79720a8c3ba5b1f867d05ad11",
                "fastp-seq-quality-plot_Read_2_After_filtering.png:md5,8328f7a52e484c903f66df9fb8f5b03c",
                "fastp-seq-quality-plot_Read_2_Before_filtering.png:md5,d5d3ee1d5976cf74e72ebf91d59c80a1",
                "fastp_filtered_reads_plot-cnt.png:md5,4b392706cb78baa4e352dad6cb93fafd",
                "fastp_filtered_reads_plot-pct.png:md5,64d2a3d8baebc3f65b28132c6c56e74c",
                "fastqc_sequence_length_distribution_plot.png:md5,adb4252be49bb8ebff9714a7981fad2a",
                "fastqc_trimmed-status-check-heatmap.png:md5,2db6513230ba4d065954241ba063dba2",
                "fastqc_trimmed_overrepresented_sequences_plot.png:md5,46b20ae3a7145de530070ca62815d9ea",
                "fastqc_trimmed_per_base_n_content_plot.png:md5,3bbf6f667500aabbd92511c4a2d91c54",
                "fastqc_trimmed_per_base_sequence_quality_plot.png:md5,08e5c3e5077b017dcfbced03566f93f6",
                "fastqc_trimmed_per_sequence_gc_content_plot_Counts.png:md5,6aaebe98850141b8da96d5c15a004c3f",
                "fastqc_trimmed_per_sequence_gc_content_plot_Percentages.png:md5,00d89a4efeb36f03281411762b9207e2",
                "fastqc_trimmed_per_sequence_quality_scores_plot.png:md5,330ec09777fbbfa5eb36972b5033aa0f",
                "fastqc_trimmed_sequence_counts_plot-cnt.png:md5,aef611cd1da0e821318f20c32be309ad",
                "fastqc_trimmed_sequence_counts_plot-pct.png:md5,53823fc7fa23ced7b6f9a6a0160d5efe",
                "fastqc_trimmed_sequence_duplication_levels_plot.png:md5,3c41bfd0935703eb679e4416d50e23f0",
                "fastqc_trimmed_top_overrepresented_sequences_table.png:md5,3afcfdc91ab8331e41978059b08dac4f",
                "featureCounts_assignment_plot-cnt.png:md5,5af078210373c3d9d71af2ca5a9abaf1",
                "featureCounts_assignment_plot-pct.png:md5,722485d1127422529c549ebda358ee40",
                "featurecounts_biotype_plot-cnt.png:md5,d165d34fc8edca9a696486040c71e5c9",
                "featurecounts_biotype_plot-pct.png:md5,fc51ab505a4cef965758288eabdaf204",
                "picard_deduplication-cnt.png:md5,df676073d0e0adaa398e432cd2c04376",
                "picard_deduplication-pct.png:md5,a42214b78b077983ef07b0aaa4e947b8",
                "picard_rna_coverage.png:md5,c0faac61be9313287740270f870f501f",
                "picard_rnaseqmetrics_assignment_plot-cnt.png:md5,bb8fabf7a633e00add509c477d3b1786",
                "picard_rnaseqmetrics_assignment_plot-pct.png:md5,13b24f750ff2cb690759d7c34f10defc",
                "r_count_norm_metrics_Library_Size.png:md5,526fbdbc9d45a01e8a6272315d75bcbf",
                "r_count_norm_metrics_Normalization_Factor.png:md5,85103b1a79d83cbd4345f0a810165566",
                "samtools-flagstat-pct-table.png:md5,b235045721e409949884d6835da3c503",
                "samtools-flagstat-table.png:md5,ec98c92bc95f0bcf13208fbd921c7ad3",
                "samtools-idxstats-mapped-reads-plot_Normalised_Counts-cnt.png:md5,d1f7156ce54a1aa593de0e496c38cfd2",
                "samtools-idxstats-mapped-reads-plot_Normalised_Counts-log.png:md5,1f8ab25a05a26d01daae3f803297d2a4",
                "samtools-idxstats-mapped-reads-plot_Observed_over_Expected_Counts-cnt.png:md5,46bf195d95ae4d4dfa17d3f421e513b2",
                "samtools-idxstats-mapped-reads-plot_Observed_over_Expected_Counts-log.png:md5,813c62d4fac0e45f8f77a4c7cede07c5",
                "samtools-idxstats-mapped-reads-plot_Raw_Counts-cnt.png:md5,4e73f27e2445fb06b384f92e62e214a4",
                "samtools-idxstats-mapped-reads-plot_Raw_Counts-log.png:md5,f95ed3ce9c07458178f0b60cca9ab5f4",
                "samtools-stats-dp.png:md5,6d245ea3154d9485de85214b0f1d6680",
                "samtools_alignment_plot-cnt.png:md5,4954878fad53ef820f46c8df4bb0297e",
                "samtools_alignment_plot-pct.png:md5,6297ab0d58d2cddeb98796af8b5fa01f",
                "star_alignment_plot-cnt.png:md5,eea1bf25b653eb10a9e526e27c615dce",
                "star_alignment_plot-pct.png:md5,5380f3d7afbb4be100afc8f1ff2eef5f",
                "star_summary_table.png:md5,28c3bc02c210fc6e60f0c020dcb4a8a0",
                "correlation_heatmap.svg:md5,d21c8ce47c5d7b7120cf183477a88c64",
                "fastp-insert-size-plot.svg:md5,7b186f0d364bb0c0c1d7cbc3d68a1339",
                "fastp-seq-content-gc-plot_Read_1_After_filtering.svg:md5,7733037457844949059f83f2957b8f1c",
                "fastp-seq-content-gc-plot_Read_1_Before_filtering.svg:md5,c657de19c5cad22d4170134a9fcd2be8",
                "fastp-seq-content-gc-plot_Read_2_After_filtering.svg:md5,87878f5e5bb7d7cb84679c45717530a6",
                "fastp-seq-content-gc-plot_Read_2_Before_filtering.svg:md5,24816833c175f9e2c8b3fada00723bc7",
                "fastp-seq-content-n-plot_Read_1_After_filtering.svg:md5,e8d4ccfe49a822292b2f4ceab313e035",
                "fastp-seq-content-n-plot_Read_1_Before_filtering.svg:md5,f203c450057daed37a39282a1dc0e15f",
                "fastp-seq-content-n-plot_Read_2_After_filtering.svg:md5,1bd0cfb128dae0307d61299538e0dc67",
                "fastp-seq-content-n-plot_Read_2_Before_filtering.svg:md5,3d46bad7a3d0672b722565ae50d936c8",
                "fastp-seq-quality-plot_Read_1_After_filtering.svg:md5,89d1c1f123d0dfd938e845ebb3516ef2",
                "fastp-seq-quality-plot_Read_1_Before_filtering.svg:md5,8d4e6150f122f6b67c660781be70f1d6",
                "fastp-seq-quality-plot_Read_2_After_filtering.svg:md5,725714eec949adc016a53e51e7a8ffc5",
                "fastp-seq-quality-plot_Read_2_Before_filtering.svg:md5,27814355b1b28e04df3b0bfde48d46a4",
                "fastp_filtered_reads_plot-cnt.svg:md5,6ff06151f32770d33df61bf0ea2cf2aa",
                "fastp_filtered_reads_plot-pct.svg:md5,5b72ae9109d45a5e5ad263a2284f88e2",
                "fastqc_sequence_length_distribution_plot.svg:md5,d933b8aa215c2294c74b93ab738f29d7",
                "fastqc_trimmed-status-check-heatmap.svg:md5,ee063dae0ef1981db8ab8e6c8614da7a",
                "fastqc_trimmed_overrepresented_sequences_plot.svg:md5,e7bd660ec8673539f6afe9165f00a9bb",
                "fastqc_trimmed_per_base_n_content_plot.svg:md5,664d10b4438df54b5ab78bcd5ef95331",
                "fastqc_trimmed_per_base_sequence_quality_plot.svg:md5,624b32c4349def463ed046609d9462aa",
                "fastqc_trimmed_per_sequence_gc_content_plot_Counts.svg:md5,301d4fd69ee45e29fc9fc672cca297fe",
                "fastqc_trimmed_per_sequence_gc_content_plot_Percentages.svg:md5,2eeb8c1caafa9bfbdc787945797ae805",
                "fastqc_trimmed_per_sequence_quality_scores_plot.svg:md5,28c27049b170de0ee57f68c63ba66e19",
                "fastqc_trimmed_sequence_counts_plot-cnt.svg:md5,5447617ac3b8e87bd953d5578f4f4532",
                "fastqc_trimmed_sequence_counts_plot-pct.svg:md5,71f36fbc91932a91156f0a9078d9aac3",
                "fastqc_trimmed_sequence_duplication_levels_plot.svg:md5,656d412144f83ebeb654518209b1fdb1",
                "fastqc_trimmed_top_overrepresented_sequences_table.svg:md5,a5b8d32d9d9c4c5d2a1a99f93b538a3f",
                "featureCounts_assignment_plot-cnt.svg:md5,d3a031861d3e1cc99ff9c759cbe0b94c",
                "featureCounts_assignment_plot-pct.svg:md5,0ad1a1b0faf00133b86f13d109c2effb",
                "featurecounts_biotype_plot-cnt.svg:md5,b3ad960f91e12b79f43b2c06671c9728",
                "featurecounts_biotype_plot-pct.svg:md5,a6956dd067bdbcea5238042b2c89d6d9",
                "picard_deduplication-cnt.svg:md5,0c0cb9db15e9214a3eb6ed2be47b0f3a",
                "picard_deduplication-pct.svg:md5,2291082afc658f2951fc300fe0009bd9",
                "picard_rna_coverage.svg:md5,0f5c9ac8512bf0f51082dea28b874959",
                "picard_rnaseqmetrics_assignment_plot-cnt.svg:md5,8a10f4130a4af65ea750279ea220bf0b",
                "picard_rnaseqmetrics_assignment_plot-pct.svg:md5,694cc56c6d3d0c245b5cdd7f43b48c2e",
                "r_count_norm_metrics_Library_Size.svg:md5,fbc3a6f95fee8de5a30f62cc8304835a",
                "r_count_norm_metrics_Normalization_Factor.svg:md5,06ceb9bcf37c21b71b586e2cc5309466",
                "samtools-flagstat-pct-table.svg:md5,c977c4fb2245acd71d70148d902e4a6a",
                "samtools-flagstat-table.svg:md5,ae0bf6260c99e741e945d22ff59a8a9b",
                "samtools-idxstats-mapped-reads-plot_Normalised_Counts-cnt.svg:md5,b194da23118e63a347b86006fd589719",
                "samtools-idxstats-mapped-reads-plot_Normalised_Counts-log.svg:md5,eb44c054d3207065531be273bac09ad0",
                "samtools-idxstats-mapped-reads-plot_Observed_over_Expected_Counts-cnt.svg:md5,0d0fa00848b10a5fc583ab65c7e9e686",
                "samtools-idxstats-mapped-reads-plot_Observed_over_Expected_Counts-log.svg:md5,c5fc194907a0d0deea986e8d80b3ee19",
                "samtools-idxstats-mapped-reads-plot_Raw_Counts-cnt.svg:md5,1aebb1d447fa9a19d2f1fd1c25cf4671",
                "samtools-idxstats-mapped-reads-plot_Raw_Counts-log.svg:md5,ab3cd7f16127fc92d4b1be3458e0c91b",
                "samtools-stats-dp.svg:md5,ba16da09be785771fd0b1fb7c47ea89d",
                "samtools_alignment_plot-cnt.svg:md5,df8ac3889ce21ac03f7c515694de8102",
                "samtools_alignment_plot-pct.svg:md5,7df9d2691ccb21c4e8ed8846457a2fe7",
                "star_alignment_plot-cnt.svg:md5,462455a56ebe0254032e54499c5b780d",
                "star_alignment_plot-pct.svg:md5,7040abbaacbf7014231096e630cfb9f7",
                "star_summary_table.svg:md5,64e8c933cb26ded2298d4878597af009",
                "RAP1_IAA_30M_REP1.featureCounts.tsv:md5,ea2cb6101dcef9a0088e359c6d751b2b",
                "RAP1_IAA_30M_REP1.featureCounts.tsv.summary:md5,a1f8b26f3179daf6d3212534113e532e",
                "RAP1_UNINDUCED_REP1.featureCounts.tsv:md5,bf9cf0c9246725c757a979ae5c8a34b7",
                "RAP1_UNINDUCED_REP1.featureCounts.tsv.summary:md5,0ec1360d824b3e9729c42fc11c39d986",
                "RAP1_UNINDUCED_REP2.featureCounts.tsv:md5,064da70d0bc4682e98093dff62a21692",
                "RAP1_UNINDUCED_REP2.featureCounts.tsv.summary:md5,11bf651f5fef0b566327f521b9123076",
                "WT_REP1.featureCounts.tsv:md5,aacdc981b326fc6a7babcdf706be2ec7",
                "WT_REP1.featureCounts.tsv.summary:md5,e9529d66555c0efcab24fcb10ba729e0",
                "WT_REP2.featureCounts.tsv:md5,24a6c0c1d1c627c4e364058ce857c6bc",
                "WT_REP2.featureCounts.tsv.summary:md5,13c64b541d75fb5ab582929c89a27b54",
                "RAP1_IAA_30M_REP1.biotypes.tsv:md5,e3dd90c93dc21b3fe9a176d26cabe6de",
                "RAP1_IAA_30M_REP1.biotypes.tsv.summary:md5,613c96726ae8c6caafc5ecf19a0037a4",
                "RAP1_UNINDUCED_REP1.biotypes.tsv:md5,d82237391ba7a277cf8ea3a515117175",
                "RAP1_UNINDUCED_REP1.biotypes.tsv.summary:md5,61709d55895418c31bac68de1a2afc4a",
                "RAP1_UNINDUCED_REP2.biotypes.tsv:md5,b0f9f2ac726a2167b47da469e8b1ce2f",
                "RAP1_UNINDUCED_REP2.biotypes.tsv.summary:md5,1f7838125276daaad04b3e9bd850969e",
                "WT_REP1.biotypes.tsv:md5,7ed897c493281daddfce830e87f324f8",
                "WT_REP1.biotypes.tsv.summary:md5,3f9c71829d678600e13d7286bacd3afa",
                "WT_REP2.biotypes.tsv:md5,9e4a31a0149f63f11c8e9edaa76a19ea",
                "WT_REP2.biotypes.tsv.summary:md5,94865a2e7c71465c325c5b12f4baaaa1",
                "joined_matrix.tsv:md5,5a34ad48921eebb457d45edb6ec4b59a",
                "RAP1_IAA_30M_REP1.fastp.html:md5,abe6434e2f708446b42e38272c49b467",
                "RAP1_IAA_30M_REP1.fastp.json:md5,4b8e834d879f1e82f098f2fcc9063116",
                "RAP1_UNINDUCED_REP1.fastp.html:md5,61ddc74ee5ec75662f2add34f8823b1b",
                "RAP1_UNINDUCED_REP1.fastp.json:md5,31d196225c2b764c7bf35b88c83b80f2",
                "RAP1_UNINDUCED_REP2.fastp.html:md5,3a2b4e79d4719356f41562d1508a7147",
                "RAP1_UNINDUCED_REP2.fastp.json:md5,845d2eb22d2e013e465006e5c8395872",
                "WT_REP1.fastp.html:md5,1adad1e5c057a62366edd0eab2f2e622",
                "WT_REP1.fastp.json:md5,bd71a6898a9dedc7c7cc227f145beafb",
                "WT_REP2.fastp.html:md5,791d112ad1cd9342fb915e2062fe2efe",
                "WT_REP2.fastp.json:md5,3e7da9233fb60d0fa2b5f5aea266fac1",
                "RAP1_IAA_30M_REP1.fastp.log:md5,69419422f0408dde7dc17586ad922006",
                "RAP1_UNINDUCED_REP1.fastp.log:md5,bb1b615e555d81d26fab74b682e4f5a6",
                "RAP1_UNINDUCED_REP2.fastp.log:md5,18ea02d65140bca97c620fd6ad680647",
                "WT_REP1.fastp.log:md5,34179a75f741f85220daddde10c76459",
                "WT_REP2.fastp.log:md5,01c69dabe8880dbbc5a0b16f47ca3599"
            ]
        ],
        "meta": {
            "nf-test": "0.9.3",
            "nextflow": "25.10.4"
        },
        "timestamp": "2026-09-07T16:35:27.405419849"
    }
}